./src/util/DocTaglet.java
./src/util/DochubTaglet.java
./src/util/ServerReleaseTaglet.java
./src/util/ManualTaglet.java
./src/test/org/bson/util/ClassMapTest.java
./src/test/org/bson/util/StringRangeSetTest.java
./src/test/org/bson/BSONTimestampTest.java
./src/test/org/bson/types/BinaryTest.java
./src/test/org/bson/io/BitsTest.java
./src/test/org/bson/BasicBSONEncoderTest.java
./src/test/org/bson/BSONTypeSerializableTest.java
./src/test/org/bson/PoolOutputBufferTest.java
./src/test/org/bson/BSONTest.java
./src/test/com/mongodb/util/JSONCallbackTest.java
./src/test/com/mongodb/util/UniqueListTest.java
./src/test/com/mongodb/util/Base64CodecTest.java
./src/test/com/mongodb/util/TestCase.java
./src/test/com/mongodb/util/JSONSerializersTest.java
./src/test/com/mongodb/util/JSONTest.java
./src/test/com/mongodb/util/SimplePoolTest.java
./src/test/com/mongodb/TimeoutTrackingConnectionGetter.java
./src/test/com/mongodb/tools/ConnectionPoolStatTest.java
./src/test/com/mongodb/DBTests.java
./src/test/com/mongodb/framework/Remove.java
./src/test/com/mongodb/framework/Stress1.java
./src/test/com/mongodb/framework/Capped.java
./src/test/com/mongodb/framework/Find.java
./src/test/com/mongodb/framework/Count1.java
./src/test/com/mongodb/framework/Dbs.java
./src/test/com/mongodb/framework/Test1.java
./src/test/com/mongodb/framework/Circular.java
./src/test/com/mongodb/framework/Find1.java
./src/test/com/mongodb/framework/Admin.java
./src/test/com/mongodb/PooledConnectionProviderTest.java
./src/test/com/mongodb/DBApiLayerTest.java
./src/test/com/mongodb/ConcurrentPoolTest.java
./src/test/com/mongodb/DBCollectionTest.java
./src/test/com/mongodb/WriteConcernTest.java
./src/test/com/mongodb/MongosHAServerSelectorTest.java
./src/test/com/mongodb/MongoCredentialTest.java
./src/test/com/mongodb/DBCursorTest.java
./src/test/com/mongodb/OutMessageTest.java
./src/test/com/mongodb/LatencyMinimizingServerSelectorTest.java
./src/test/com/mongodb/PerformanceTest.java
./src/test/com/mongodb/ByteTest.java
./src/test/com/mongodb/SingleThreadedMongoPerfTest.java
./src/test/com/mongodb/ServerDescriptionTest.java
./src/test/com/mongodb/MongoTest.java
./src/test/com/mongodb/SecondaryReadTest.java
./src/test/com/mongodb/TestClusterableServerFactory.java
./src/test/com/mongodb/CompositeServerSelectorTest.java
./src/test/com/mongodb/ReplSetTest.java
./src/test/com/mongodb/ReadPreferenceServerSelectorTest.java
./src/test/com/mongodb/JavaClientTest.java
./src/test/com/mongodb/DBTCPConnectorTest.java
./src/test/com/mongodb/BSONBinaryWriterTest.java
./src/test/com/mongodb/io/StreamUtil.java
./src/test/com/mongodb/io/ByteBufferStreamTest.java
./src/test/com/mongodb/MongoClientURITest.java
./src/test/com/mongodb/AggregationTest.java
./src/test/com/mongodb/ErrorTest.java
./src/test/com/mongodb/MongoOptionsTest.java
./src/test/com/mongodb/TestServer.java
./src/test/com/mongodb/BasicDBObjectTest.java
./src/test/com/mongodb/MongoClientOptionsTest.java
./src/test/com/mongodb/DBPortTest.java
./src/test/com/mongodb/DBObjectTest.java
./src/test/com/mongodb/ReplPairTest.java
./src/test/com/mongodb/CommandResultTest.java
./src/test/com/mongodb/ObjectIdTest.java
./src/test/com/mongodb/DBAddressTest.java
./src/test/com/mongodb/TestInternalConnectionFactory.java
./src/test/com/mongodb/QueryOpTest.java
./src/test/com/mongodb/LazyDBObjectTest.java
./src/test/com/mongodb/QueryBuilderTest.java
./src/test/com/mongodb/MongoURITest.java
./src/test/com/mongodb/Fixture.java
./src/test/com/mongodb/MongoClientTest.java
./src/test/com/mongodb/DBTest.java
./src/test/com/mongodb/ServerAddressTest.java
./src/test/com/mongodb/ReflectionTest.java
./src/test/com/mongodb/ReadPreferenceTest.java
./src/test/com/mongodb/ClusterDescriptionTest.java
./src/test/com/mongodb/DBRefTest.java
./src/test/com/mongodb/gridfs/GridFSTest.java
./src/main/org/bson/util/StringRangeSet.java
./src/main/org/bson/util/Assertions.java
./src/main/org/bson/util/SimplePool.java
./src/main/org/bson/util/annotations/GuardedBy.java
./src/main/org/bson/util/annotations/NotThreadSafe.java
./src/main/org/bson/util/annotations/ThreadSafe.java
./src/main/org/bson/util/annotations/Immutable.java
./src/main/org/bson/util/Function.java
./src/main/org/bson/util/ComputingMap.java
./src/main/org/bson/util/CopyOnWriteMap.java
./src/main/org/bson/util/ClassAncestry.java
./src/main/org/bson/util/ClassMap.java
./src/main/org/bson/util/AbstractCopyOnWriteMap.java
./src/main/org/bson/NewBSONDecoder.java
./src/main/org/bson/LazyBSONList.java
./src/main/org/bson/Transformer.java
./src/main/org/bson/BSONLazyDecoder.java
./src/main/org/bson/BSONEncoder.java
./src/main/org/bson/LazyBSONDecoder.java
./src/main/org/bson/BSONCallback.java
./src/main/org/bson/BasicBSONCallback.java
./src/main/org/bson/BasicBSONEncoder.java
./src/main/org/bson/BSONDecoder.java
./src/main/org/bson/types/BasicBSONList.java
./src/main/org/bson/types/MinKey.java
./src/main/org/bson/types/Code.java
./src/main/org/bson/types/ObjectId.java
./src/main/org/bson/types/Symbol.java
./src/main/org/bson/types/MaxKey.java
./src/main/org/bson/types/CodeWScope.java
./src/main/org/bson/types/Binary.java
./src/main/org/bson/types/BSONTimestamp.java
./src/main/org/bson/LazyBSONObject.java
./src/main/org/bson/BSONObject.java
./src/main/org/bson/io/BSONInput.java
./src/main/org/bson/io/BSONByteBuffer.java
./src/main/org/bson/io/PoolOutputBuffer.java
./src/main/org/bson/io/BasicOutputBuffer.java
./src/main/org/bson/io/UTF8Encoding.java
./src/main/org/bson/io/Bits.java
./src/main/org/bson/io/OutputBuffer.java
./src/main/org/bson/BasicBSONDecoder.java
./src/main/org/bson/BSONException.java
./src/main/org/bson/BSON.java
./src/main/org/bson/LazyBSONCallback.java
./src/main/org/bson/KeyCachingLazyBSONObject.java
./src/main/org/bson/EmptyBSONCallback.java
./src/main/org/bson/LazyDBList.java
./src/main/org/bson/BasicBSONObject.java
./src/main/com/mongodb/QueryOpBuilder.java
./src/main/com/mongodb/util/WeakBag.java
./src/main/com/mongodb/util/JSONCallback.java
./src/main/com/mongodb/util/TimeConstants.java
./src/main/com/mongodb/util/JSON.java
./src/main/com/mongodb/util/StringParseUtil.java
./src/main/com/mongodb/util/SimplePool.java
./src/main/com/mongodb/util/OptionMap.java
./src/main/com/mongodb/util/Args.java
./src/main/com/mongodb/util/Util.java
./src/main/com/mongodb/util/ClassMapBasedObjectSerializer.java
./src/main/com/mongodb/util/Base64Codec.java
./src/main/com/mongodb/util/ConnectionPoolStatisticsBean.java
./src/main/com/mongodb/util/FastStack.java
./src/main/com/mongodb/util/JSONParseException.java
./src/main/com/mongodb/util/StringBuilderPool.java
./src/main/com/mongodb/util/ThreadUtil.java
./src/main/com/mongodb/util/management/NullMBeanServer.java
./src/main/com/mongodb/util/management/jmx/JMXMBeanServer.java
./src/main/com/mongodb/util/management/MBeanServer.java
./src/main/com/mongodb/util/management/JMException.java
./src/main/com/mongodb/util/management/MBeanServerFactory.java
./src/main/com/mongodb/util/IdentitySet.java
./src/main/com/mongodb/util/ObjectSerializer.java
./src/main/com/mongodb/util/UniqueList.java
./src/main/com/mongodb/util/Hash.java
./src/main/com/mongodb/util/ThreadPool.java
./src/main/com/mongodb/util/JSONSerializers.java
./src/main/com/mongodb/util/AbstractObjectSerializer.java
./src/main/com/mongodb/MultiServerCluster.java
./src/main/com/mongodb/Connection.java
./src/main/com/mongodb/AggregationOutput.java
./src/main/com/mongodb/DB.java
./src/main/com/mongodb/MongoClient.java
./src/main/com/mongodb/TaggableReadPreference.java
./src/main/com/mongodb/DefaultDBEncoder.java
./src/main/com/mongodb/WriteCommandResultHelper.java
./src/main/com/mongodb/Mongo.java
./src/main/com/mongodb/DBCallback.java
./src/main/com/mongodb/MongoIncompatibleDriverException.java
./src/main/com/mongodb/BulkWriteBatchCombiner.java
./src/main/com/mongodb/tools/ConnectionPoolStat.java
./src/main/com/mongodb/AcknowledgedBulkWriteResult.java
./src/main/com/mongodb/SocketSettings.java
./src/main/com/mongodb/MongoOptions.java
./src/main/com/mongodb/DBConnector.java
./src/main/com/mongodb/JMXConnectionPoolListener.java
./src/main/com/mongodb/ClusterDescription.java
./src/main/com/mongodb/Remove.java
./src/main/com/mongodb/UpdateRequest.java
./src/main/com/mongodb/ConnectionFactory.java
./src/main/com/mongodb/ReplicaSetStatus.java
./src/main/com/mongodb/WriteConcernException.java
./src/main/com/mongodb/BulkWriteUpsert.java
./src/main/com/mongodb/WriteConcernError.java
./src/main/com/mongodb/MongoConnectionPoolMXBean.java
./src/main/com/mongodb/DBDecoder.java
./src/main/com/mongodb/ClusterListenerAdapter.java
./src/main/com/mongodb/MongoClientURI.java
./src/main/com/mongodb/QueryResultIterator.java
./src/main/com/mongodb/DefaultDBCallback.java
./src/main/com/mongodb/DBCollection.java
./src/main/com/mongodb/DBPortFactory.java
./src/main/com/mongodb/UnacknowledgedWriteException.java
./src/main/com/mongodb/ConnectionPoolStatisticsMBean.java
./src/main/com/mongodb/IndexMap.java
./src/main/com/mongodb/ServerVersion.java
./src/main/com/mongodb/BulkWriteException.java
./src/main/com/mongodb/AggregationOptions.java
./src/main/com/mongodb/Bytes.java
./src/main/com/mongodb/MongoCredential.java
./src/main/com/mongodb/LazyWriteableDBObject.java
./src/main/com/mongodb/DBPortPool.java
./src/main/com/mongodb/BSONBinaryWriter.java
./src/main/com/mongodb/ReflectionDBObject.java
./src/main/com/mongodb/ClusterableServerFactory.java
./src/main/com/mongodb/NoOpClusterListener.java
./src/main/com/mongodb/BaseWriteCommandMessage.java
./src/main/com/mongodb/Clusters.java
./src/main/com/mongodb/DBApiLayer.java
./src/main/com/mongodb/LazyDBCallback.java
./src/main/com/mongodb/ServerSettings.java
./src/main/com/mongodb/ServerType.java
./src/main/com/mongodb/DuplicateKeyException.java
./src/main/com/mongodb/DBRef.java
./src/main/com/mongodb/MongoTimeoutException.java
./src/main/com/mongodb/ServerError.java
./src/main/com/mongodb/ConnectionPoolEvent.java
./src/main/com/mongodb/ClusterType.java
./src/main/com/mongodb/QueryOperators.java
./src/main/com/mongodb/LazyDBObject.java
./src/main/com/mongodb/MessageSettings.java
./src/main/com/mongodb/UnacknowledgedBulkWriteResult.java
./src/main/com/mongodb/BaseCluster.java
./src/main/com/mongodb/BasicDBObjectBuilder.java
./src/main/com/mongodb/RequestMessage.java
./src/main/com/mongodb/DBCursor.java
./src/main/com/mongodb/ConnectionPoolListenerAdapter.java
./src/main/com/mongodb/Response.java
./src/main/com/mongodb/InUseConnectionBean.java
./src/main/com/mongodb/DBCollectionImpl.java
./src/main/com/mongodb/ConnectionPoolWaitQueueEvent.java
./src/main/com/mongodb/MongoCredentialsStore.java
./src/main/com/mongodb/MapReduceOutput.java
./src/main/com/mongodb/DeleteCommandMessage.java
./src/main/com/mongodb/BasicDBList.java
./src/main/com/mongodb/NoOpConnectionPoolListener.java
./src/main/com/mongodb/ClusterConnectionMode.java
./src/main/com/mongodb/ServerDescription.java
./src/main/com/mongodb/ConnectionPoolStatistics.java
./src/main/com/mongodb/io/ByteStream.java
./src/main/com/mongodb/io/ByteBufferFactory.java
./src/main/com/mongodb/io/ByteBufferInputStream.java
./src/main/com/mongodb/io/ByteBufferHolder.java
./src/main/com/mongodb/io/ByteBufferOutputStream.java
./src/main/com/mongodb/DBPort.java
./src/main/com/mongodb/BasicDBObject.java
./src/main/com/mongodb/StringUtils.java
./src/main/com/mongodb/WriteRequest.java
./src/main/com/mongodb/ReplaceRequest.java
./src/main/com/mongodb/BSONBinarySubType.java
./src/main/com/mongodb/PooledConnectionProvider.java
./src/main/com/mongodb/ChangeEvent.java
./src/main/com/mongodb/DefaultClusterableServerFactory.java
./src/main/com/mongodb/ServerConnectionState.java
./src/main/com/mongodb/Loggers.java
./src/main/com/mongodb/UpdateCommandMessage.java
./src/main/com/mongodb/DBRefBase.java
./src/main/com/mongodb/ServerAddress.java
./src/main/com/mongodb/ConnectionPoolOpenedEvent.java
./src/main/com/mongodb/CompositeServerSelector.java
./src/main/com/mongodb/CommandFailureException.java
./src/main/com/mongodb/OutMessage.java
./src/main/com/mongodb/ClusterDescriptionChangedEvent.java
./src/main/com/mongodb/MongoInternalException.java
./src/main/com/mongodb/Update.java
./src/main/com/mongodb/ReadPreferenceServerSelector.java
./src/main/com/mongodb/ChangeListener.java
./src/main/com/mongodb/MongoWaitQueueFullException.java
./src/main/com/mongodb/MongoServerSelectionException.java
./src/main/com/mongodb/ConnectionEvent.java
./src/main/com/mongodb/BSONWriterSettings.java
./src/main/com/mongodb/InsertCommandMessage.java
./src/main/com/mongodb/BSONType.java
./src/main/com/mongodb/ReadPreference.java
./src/main/com/mongodb/MongoException.java
./src/main/com/mongodb/DBObject.java
./src/main/com/mongodb/MongoCursorNotFoundException.java
./src/main/com/mongodb/DBDecoderFactory.java
./src/main/com/mongodb/WriteConcern.java
./src/main/com/mongodb/InsertRequest.java
./src/main/com/mongodb/ClusterableServer.java
./src/main/com/mongodb/SingleServerCluster.java
./src/main/com/mongodb/ServerStateNotifier.java
./src/main/com/mongodb/BulkWriteError.java
./src/main/com/mongodb/Server.java
./src/main/com/mongodb/ClusterEvent.java
./src/main/com/mongodb/BSONWriter.java
./src/main/com/mongodb/Cluster.java
./src/main/com/mongodb/LazyDBEncoder.java
./src/main/com/mongodb/BulkWriteResult.java
./src/main/com/mongodb/MongoNamespace.java
./src/main/com/mongodb/DBCallbackFactory.java
./src/main/com/mongodb/QueryBuilder.java
./src/main/com/mongodb/MapReduceCommand.java
./src/main/com/mongodb/ClusterSettings.java
./src/main/com/mongodb/MongoExecutionTimeoutException.java
./src/main/com/mongodb/LatencyMinimizingServerSelector.java
./src/main/com/mongodb/DBPointer.java
./src/main/com/mongodb/BulkWriteRequestBuilder.java
./src/main/com/mongodb/ConnectionPoolSettings.java
./src/main/com/mongodb/ConcurrentPool.java
./src/main/com/mongodb/MongosHAServerSelector.java
./src/main/com/mongodb/ConcurrentLinkedDeque.java
./src/main/com/mongodb/ServerSelector.java
./src/main/com/mongodb/ModifyRequest.java
./src/main/com/mongodb/BSONBinaryWriterSettings.java
./src/main/com/mongodb/MongoAuthority.java
./src/main/com/mongodb/ParallelScanOptions.java
./src/main/com/mongodb/BulkWriteOperation.java
./src/main/com/mongodb/GroupCommand.java
./src/main/com/mongodb/Deque.java
./src/main/com/mongodb/MongoClientException.java
./src/main/com/mongodb/Java5MongoConnectionPoolMBean.java
./src/main/com/mongodb/ServerAddressSelector.java
./src/main/com/mongodb/NativeAuthenticationHelper.java
./src/main/com/mongodb/RemoveRequest.java
./src/main/com/mongodb/CommandResult.java
./src/main/com/mongodb/BSONContextType.java
./src/main/com/mongodb/DBEncoderFactory.java
./src/main/com/mongodb/RawDBObject.java
./src/main/com/mongodb/MongoClientOptions.java
./src/main/com/mongodb/DefaultDBDecoder.java
./src/main/com/mongodb/Cursor.java
./src/main/com/mongodb/LazyWriteableDBDecoder.java
./src/main/com/mongodb/DBAddress.java
./src/main/com/mongodb/DBEncoder.java
./src/main/com/mongodb/MongoSocketException.java
./src/main/com/mongodb/AnyServerSelector.java
./src/main/com/mongodb/LazyWriteableDBCallback.java
./src/main/com/mongodb/WriteResult.java
./src/main/com/mongodb/Tags.java
./src/main/com/mongodb/ClusterListener.java
./src/main/com/mongodb/DefaultServer.java
./src/main/com/mongodb/DBTCPConnector.java
./src/main/com/mongodb/LazyDBList.java
./src/main/com/mongodb/MongoURI.java
./src/main/com/mongodb/MongoInterruptedException.java
./src/main/com/mongodb/BulkUpdateRequestBuilder.java
./src/main/com/mongodb/LazyDBDecoder.java
./src/main/com/mongodb/gridfs/GridFSInputFile.java
./src/main/com/mongodb/gridfs/GridFSFile.java
./src/main/com/mongodb/gridfs/CLI.java
./src/main/com/mongodb/gridfs/GridFS.java
./src/main/com/mongodb/gridfs/GridFSDBFile.java
./src/main/com/mongodb/ConnectionPoolListener.java
./src/examples/example/X509CredentialsExample.java
./src/examples/example/QuickTourAdmin.java
./src/examples/example/MongoCredentialsExample.java
./src/examples/example/PlainCredentialsExample.java
./src/examples/example/ReadOplog.java
./src/examples/example/QuickTour.java
./src/examples/example/MultiThreadedExample.java
./src/examples/example/DefaultSecurityCallbackHandler.java
./src/examples/example/GSSAPICredentialsExample.java
