./src/test/java/org/bukkit/potion/PotionTest.java
./src/test/java/org/bukkit/ArtTest.java
./src/test/java/org/bukkit/craftbukkit/inventory/FactoryItemMaterialTest.java
./src/test/java/org/bukkit/craftbukkit/inventory/NMSCraftItemStackTest.java
./src/test/java/org/bukkit/craftbukkit/inventory/ItemMetaImplementationOverrideTest.java
./src/test/java/org/bukkit/craftbukkit/inventory/ItemStackMapTest.java
./src/test/java/org/bukkit/craftbukkit/inventory/ItemStackLoreEnchantmentTest.java
./src/test/java/org/bukkit/craftbukkit/inventory/ItemStackFireworkTest.java
./src/test/java/org/bukkit/craftbukkit/inventory/CompositeSerialization.java
./src/test/java/org/bukkit/craftbukkit/inventory/ItemStackFireworkChargeTest.java
./src/test/java/org/bukkit/craftbukkit/inventory/ItemStackLeatherTest.java
./src/test/java/org/bukkit/craftbukkit/inventory/ItemStackPotionsTest.java
./src/test/java/org/bukkit/craftbukkit/inventory/ItemStackTest.java
./src/test/java/org/bukkit/craftbukkit/inventory/ItemMetaTest.java
./src/test/java/org/bukkit/craftbukkit/inventory/ItemStackEnchantStorageTest.java
./src/test/java/org/bukkit/craftbukkit/inventory/ItemFactoryTest.java
./src/test/java/org/bukkit/craftbukkit/inventory/ItemStackSkullTest.java
./src/test/java/org/bukkit/craftbukkit/inventory/ItemStackBookTest.java
./src/test/java/org/bukkit/craftbukkit/updater/BukkitDLUpdaterServiceTest.java
./src/test/java/org/bukkit/WorldTypeTest.java
./src/test/java/org/bukkit/SoundTest.java
./src/test/java/org/bukkit/support/Matchers.java
./src/test/java/org/bukkit/support/Util.java
./src/test/java/org/bukkit/support/DummyPotions.java
./src/test/java/org/bukkit/support/AbstractTestingBase.java
./src/test/java/org/bukkit/support/DummyServer.java
./src/test/java/org/bukkit/support/DummyEnchantments.java
./src/test/java/org/bukkit/PerMaterialTest.java
./src/test/java/org/bukkit/MaterialTest.java
./src/test/java/org/bukkit/StatisticsAndAchievementsTest.java
./src/test/java/org/bukkit/DyeColorsTest.java
./src/main/java/org/bukkit/craftbukkit/util/LazyHashSet.java
./src/main/java/org/bukkit/craftbukkit/util/LongObjectHashMap.java
./src/main/java/org/bukkit/craftbukkit/util/CraftChatMessage.java
./src/main/java/org/bukkit/craftbukkit/util/CraftIconCache.java
./src/main/java/org/bukkit/craftbukkit/util/MojangNameLookup.java
./src/main/java/org/bukkit/craftbukkit/util/CraftDamageSource.java
./src/main/java/org/bukkit/craftbukkit/util/LazyPlayerSet.java
./src/main/java/org/bukkit/craftbukkit/util/ServerShutdownThread.java
./src/main/java/org/bukkit/craftbukkit/util/TerminalConsoleWriterThread.java
./src/main/java/org/bukkit/craftbukkit/util/ForwardLogHandler.java
./src/main/java/org/bukkit/craftbukkit/util/UnsafeList.java
./src/main/java/org/bukkit/craftbukkit/util/BlockStateListPopulator.java
./src/main/java/org/bukkit/craftbukkit/util/AsynchronousExecutor.java
./src/main/java/org/bukkit/craftbukkit/util/StructureGrowDelegate.java
./src/main/java/org/bukkit/craftbukkit/util/CraftMagicNumbers.java
./src/main/java/org/bukkit/craftbukkit/util/ShortConsoleLogFormatter.java
./src/main/java/org/bukkit/craftbukkit/util/Waitable.java
./src/main/java/org/bukkit/craftbukkit/util/LongHash.java
./src/main/java/org/bukkit/craftbukkit/util/WeakCollection.java
./src/main/java/org/bukkit/craftbukkit/util/LongHashSet.java
./src/main/java/org/bukkit/craftbukkit/util/Java15Compat.java
./src/main/java/org/bukkit/craftbukkit/util/DatFileFilter.java
./src/main/java/org/bukkit/craftbukkit/util/Versioning.java
./src/main/java/org/bukkit/craftbukkit/CraftStatistic.java
./src/main/java/org/bukkit/craftbukkit/CraftOfflinePlayer.java
./src/main/java/org/bukkit/craftbukkit/CraftSound.java
./src/main/java/org/bukkit/craftbukkit/CraftServer.java
./src/main/java/org/bukkit/craftbukkit/LoggerOutputStream.java
./src/main/java/org/bukkit/craftbukkit/scoreboard/CraftScoreboard.java
./src/main/java/org/bukkit/craftbukkit/scoreboard/CraftScoreboardTranslations.java
./src/main/java/org/bukkit/craftbukkit/scoreboard/CraftScore.java
./src/main/java/org/bukkit/craftbukkit/scoreboard/CraftScoreboardManager.java
./src/main/java/org/bukkit/craftbukkit/scoreboard/CraftScoreboardComponent.java
./src/main/java/org/bukkit/craftbukkit/scoreboard/CraftObjective.java
./src/main/java/org/bukkit/craftbukkit/scoreboard/CraftCriteria.java
./src/main/java/org/bukkit/craftbukkit/scoreboard/CraftTeam.java
./src/main/java/org/bukkit/craftbukkit/CraftChunkSnapshot.java
./src/main/java/org/bukkit/craftbukkit/CraftEffect.java
./src/main/java/org/bukkit/craftbukkit/enchantments/CraftEnchantment.java
./src/main/java/org/bukkit/craftbukkit/CraftCrashReport.java
./src/main/java/org/bukkit/craftbukkit/CraftIpBanList.java
./src/main/java/org/bukkit/craftbukkit/event/CraftEventFactory.java
./src/main/java/org/bukkit/craftbukkit/potion/CraftPotionEffectType.java
./src/main/java/org/bukkit/craftbukkit/potion/CraftPotionBrewer.java
./src/main/java/org/bukkit/craftbukkit/command/ColouredConsoleSender.java
./src/main/java/org/bukkit/craftbukkit/command/VanillaCommandWrapper.java
./src/main/java/org/bukkit/craftbukkit/command/ServerCommandSender.java
./src/main/java/org/bukkit/craftbukkit/command/CraftBlockCommandSender.java
./src/main/java/org/bukkit/craftbukkit/command/CraftRemoteConsoleCommandSender.java
./src/main/java/org/bukkit/craftbukkit/command/CraftConsoleCommandSender.java
./src/main/java/org/bukkit/craftbukkit/command/ConsoleCommandCompleter.java
./src/main/java/org/bukkit/craftbukkit/CraftArt.java
./src/main/java/org/bukkit/craftbukkit/inventory/CraftMetaLeatherArmor.java
./src/main/java/org/bukkit/craftbukkit/inventory/CraftMetaFirework.java
./src/main/java/org/bukkit/craftbukkit/inventory/CraftMetaCharge.java
./src/main/java/org/bukkit/craftbukkit/inventory/InventoryIterator.java
./src/main/java/org/bukkit/craftbukkit/inventory/CraftShapelessRecipe.java
./src/main/java/org/bukkit/craftbukkit/inventory/CraftMetaEnchantedBook.java
./src/main/java/org/bukkit/craftbukkit/inventory/CraftInventoryDoubleChest.java
./src/main/java/org/bukkit/craftbukkit/inventory/CraftMetaPotion.java
./src/main/java/org/bukkit/craftbukkit/inventory/CraftInventoryBeacon.java
./src/main/java/org/bukkit/craftbukkit/inventory/CraftMetaMap.java
./src/main/java/org/bukkit/craftbukkit/inventory/CraftInventory.java
./src/main/java/org/bukkit/craftbukkit/inventory/CraftInventoryView.java
./src/main/java/org/bukkit/craftbukkit/inventory/RecipeIterator.java
./src/main/java/org/bukkit/craftbukkit/inventory/CraftItemFactory.java
./src/main/java/org/bukkit/craftbukkit/inventory/CraftMetaItem.java
./src/main/java/org/bukkit/craftbukkit/inventory/CraftInventoryPlayer.java
./src/main/java/org/bukkit/craftbukkit/inventory/CraftInventoryBrewer.java
./src/main/java/org/bukkit/craftbukkit/inventory/CraftInventoryHorse.java
./src/main/java/org/bukkit/craftbukkit/inventory/CraftRecipe.java
./src/main/java/org/bukkit/craftbukkit/inventory/CraftEntityEquipment.java
./src/main/java/org/bukkit/craftbukkit/inventory/CraftInventoryFurnace.java
./src/main/java/org/bukkit/craftbukkit/inventory/CraftInventoryCrafting.java
./src/main/java/org/bukkit/craftbukkit/inventory/CraftInventoryEnchanting.java
./src/main/java/org/bukkit/craftbukkit/inventory/CraftShapedRecipe.java
./src/main/java/org/bukkit/craftbukkit/inventory/CraftInventoryMerchant.java
./src/main/java/org/bukkit/craftbukkit/inventory/CraftFurnaceRecipe.java
./src/main/java/org/bukkit/craftbukkit/inventory/CraftInventoryCustom.java
./src/main/java/org/bukkit/craftbukkit/inventory/CraftContainer.java
./src/main/java/org/bukkit/craftbukkit/inventory/CraftMetaBook.java
./src/main/java/org/bukkit/craftbukkit/inventory/CraftInventoryAnvil.java
./src/main/java/org/bukkit/craftbukkit/inventory/CraftItemStack.java
./src/main/java/org/bukkit/craftbukkit/inventory/CraftMetaSkull.java
./src/main/java/org/bukkit/craftbukkit/help/HelpTopicAmendment.java
./src/main/java/org/bukkit/craftbukkit/help/MultipleCommandAliasHelpTopicFactory.java
./src/main/java/org/bukkit/craftbukkit/help/CustomIndexHelpTopic.java
./src/main/java/org/bukkit/craftbukkit/help/MultipleCommandAliasHelpTopic.java
./src/main/java/org/bukkit/craftbukkit/help/CommandAliasHelpTopic.java
./src/main/java/org/bukkit/craftbukkit/help/HelpYamlReader.java
./src/main/java/org/bukkit/craftbukkit/help/SimpleHelpMap.java
./src/main/java/org/bukkit/craftbukkit/help/CustomHelpTopic.java
./src/main/java/org/bukkit/craftbukkit/CraftTravelAgent.java
./src/main/java/org/bukkit/craftbukkit/Overridden.java
./src/main/java/org/bukkit/craftbukkit/CraftProfileBanList.java
./src/main/java/org/bukkit/craftbukkit/Main.java
./src/main/java/org/bukkit/craftbukkit/updater/BukkitDLUpdaterService.java
./src/main/java/org/bukkit/craftbukkit/updater/ArtifactDetails.java
./src/main/java/org/bukkit/craftbukkit/updater/AutoUpdater.java
./src/main/java/org/bukkit/craftbukkit/metadata/BlockMetadataStore.java
./src/main/java/org/bukkit/craftbukkit/metadata/PlayerMetadataStore.java
./src/main/java/org/bukkit/craftbukkit/metadata/EntityMetadataStore.java
./src/main/java/org/bukkit/craftbukkit/metadata/WorldMetadataStore.java
./src/main/java/org/bukkit/craftbukkit/entity/CraftZombie.java
./src/main/java/org/bukkit/craftbukkit/entity/CraftMinecart.java
./src/main/java/org/bukkit/craftbukkit/entity/CraftAgeable.java
./src/main/java/org/bukkit/craftbukkit/entity/CraftMinecartChest.java
./src/main/java/org/bukkit/craftbukkit/entity/CraftHanging.java
./src/main/java/org/bukkit/craftbukkit/entity/CraftThrownPotion.java
./src/main/java/org/bukkit/craftbukkit/entity/CraftTameableAnimal.java
./src/main/java/org/bukkit/craftbukkit/entity/CraftEnderSignal.java
./src/main/java/org/bukkit/craftbukkit/entity/CraftItemFrame.java
./src/main/java/org/bukkit/craftbukkit/entity/CraftSquid.java
./src/main/java/org/bukkit/craftbukkit/entity/CraftCaveSpider.java
./src/main/java/org/bukkit/craftbukkit/entity/CraftFish.java
./src/main/java/org/bukkit/craftbukkit/entity/CraftMinecartCommand.java
./src/main/java/org/bukkit/craftbukkit/entity/CraftBlaze.java
./src/main/java/org/bukkit/craftbukkit/entity/AbstractProjectile.java
./src/main/java/org/bukkit/craftbukkit/entity/CraftLivingEntity.java
./src/main/java/org/bukkit/craftbukkit/entity/CraftVillager.java
./src/main/java/org/bukkit/craftbukkit/entity/CraftSilverfish.java
./src/main/java/org/bukkit/craftbukkit/entity/CraftOcelot.java
./src/main/java/org/bukkit/craftbukkit/entity/CraftWitherSkull.java
./src/main/java/org/bukkit/craftbukkit/entity/CraftWitch.java
./src/main/java/org/bukkit/craftbukkit/entity/CraftFireball.java
./src/main/java/org/bukkit/craftbukkit/entity/CraftPig.java
./src/main/java/org/bukkit/craftbukkit/entity/CraftTNTPrimed.java
./src/main/java/org/bukkit/craftbukkit/entity/CraftPainting.java
./src/main/java/org/bukkit/craftbukkit/entity/CraftFlying.java
./src/main/java/org/bukkit/craftbukkit/entity/CraftComplexPart.java
./src/main/java/org/bukkit/craftbukkit/entity/CraftAmbient.java
./src/main/java/org/bukkit/craftbukkit/entity/CraftSkeleton.java
./src/main/java/org/bukkit/craftbukkit/entity/CraftEntity.java
./src/main/java/org/bukkit/craftbukkit/entity/CraftItem.java
./src/main/java/org/bukkit/craftbukkit/entity/CraftMinecartHopper.java
./src/main/java/org/bukkit/craftbukkit/entity/CraftCow.java
./src/main/java/org/bukkit/craftbukkit/entity/CraftLightningStrike.java
./src/main/java/org/bukkit/craftbukkit/entity/CraftComplexLivingEntity.java
./src/main/java/org/bukkit/craftbukkit/entity/CraftGhast.java
./src/main/java/org/bukkit/craftbukkit/entity/CraftWeather.java
./src/main/java/org/bukkit/craftbukkit/entity/CraftPlayer.java
./src/main/java/org/bukkit/craftbukkit/entity/CraftEnderDragon.java
./src/main/java/org/bukkit/craftbukkit/entity/CraftAnimals.java
./src/main/java/org/bukkit/craftbukkit/entity/CraftSlime.java
./src/main/java/org/bukkit/craftbukkit/entity/CraftLeash.java
./src/main/java/org/bukkit/craftbukkit/entity/CraftLargeFireball.java
./src/main/java/org/bukkit/craftbukkit/entity/CraftHumanEntity.java
./src/main/java/org/bukkit/craftbukkit/entity/CraftThrownExpBottle.java
./src/main/java/org/bukkit/craftbukkit/entity/CraftSmallFireball.java
./src/main/java/org/bukkit/craftbukkit/entity/CraftMinecartRideable.java
./src/main/java/org/bukkit/craftbukkit/entity/CraftEgg.java
./src/main/java/org/bukkit/craftbukkit/entity/CraftSnowman.java
./src/main/java/org/bukkit/craftbukkit/entity/CraftArrow.java
./src/main/java/org/bukkit/craftbukkit/entity/CraftExperienceOrb.java
./src/main/java/org/bukkit/craftbukkit/entity/CraftBoat.java
./src/main/java/org/bukkit/craftbukkit/entity/CraftProjectile.java
./src/main/java/org/bukkit/craftbukkit/entity/CraftWither.java
./src/main/java/org/bukkit/craftbukkit/entity/CraftHorse.java
./src/main/java/org/bukkit/craftbukkit/entity/CraftWolf.java
./src/main/java/org/bukkit/craftbukkit/entity/CraftCreature.java
./src/main/java/org/bukkit/craftbukkit/entity/CraftMinecartMobSpawner.java
./src/main/java/org/bukkit/craftbukkit/entity/CraftWaterMob.java
./src/main/java/org/bukkit/craftbukkit/entity/CraftMinecartFurnace.java
./src/main/java/org/bukkit/craftbukkit/entity/CraftMinecartTNT.java
./src/main/java/org/bukkit/craftbukkit/entity/CraftSheep.java
./src/main/java/org/bukkit/craftbukkit/entity/CraftMushroomCow.java
./src/main/java/org/bukkit/craftbukkit/entity/CraftFallingSand.java
./src/main/java/org/bukkit/craftbukkit/entity/CraftGolem.java
./src/main/java/org/bukkit/craftbukkit/entity/CraftSnowball.java
./src/main/java/org/bukkit/craftbukkit/entity/CraftSpider.java
./src/main/java/org/bukkit/craftbukkit/entity/CraftEnderCrystal.java
./src/main/java/org/bukkit/craftbukkit/entity/CraftMagmaCube.java
./src/main/java/org/bukkit/craftbukkit/entity/CraftIronGolem.java
./src/main/java/org/bukkit/craftbukkit/entity/CraftEnderman.java
./src/main/java/org/bukkit/craftbukkit/entity/CraftFirework.java
./src/main/java/org/bukkit/craftbukkit/entity/CraftGiant.java
./src/main/java/org/bukkit/craftbukkit/entity/CraftEnderDragonPart.java
./src/main/java/org/bukkit/craftbukkit/entity/CraftMonster.java
./src/main/java/org/bukkit/craftbukkit/entity/CraftBat.java
./src/main/java/org/bukkit/craftbukkit/entity/CraftPigZombie.java
./src/main/java/org/bukkit/craftbukkit/entity/CraftVehicle.java
./src/main/java/org/bukkit/craftbukkit/entity/CraftChicken.java
./src/main/java/org/bukkit/craftbukkit/entity/CraftCreeper.java
./src/main/java/org/bukkit/craftbukkit/entity/CraftEnderPearl.java
./src/main/java/org/bukkit/craftbukkit/CraftWorld.java
./src/main/java/org/bukkit/craftbukkit/CraftChunk.java
./src/main/java/org/bukkit/craftbukkit/CraftProfileBanEntry.java
./src/main/java/org/bukkit/craftbukkit/CraftIpBanEntry.java
./src/main/java/org/bukkit/craftbukkit/TrigMath.java
./src/main/java/org/bukkit/craftbukkit/conversations/ConversationTracker.java
./src/main/java/org/bukkit/craftbukkit/block/CraftDispenser.java
./src/main/java/org/bukkit/craftbukkit/block/CraftDropper.java
./src/main/java/org/bukkit/craftbukkit/block/CraftCreatureSpawner.java
./src/main/java/org/bukkit/craftbukkit/block/CraftBrewingStand.java
./src/main/java/org/bukkit/craftbukkit/block/CraftChest.java
./src/main/java/org/bukkit/craftbukkit/block/CraftSign.java
./src/main/java/org/bukkit/craftbukkit/block/CraftJukebox.java
./src/main/java/org/bukkit/craftbukkit/block/CraftHopper.java
./src/main/java/org/bukkit/craftbukkit/block/CraftBeacon.java
./src/main/java/org/bukkit/craftbukkit/block/CraftBlock.java
./src/main/java/org/bukkit/craftbukkit/block/CraftCommandBlock.java
./src/main/java/org/bukkit/craftbukkit/block/CraftSkull.java
./src/main/java/org/bukkit/craftbukkit/block/CraftFurnace.java
./src/main/java/org/bukkit/craftbukkit/block/CraftBlockState.java
./src/main/java/org/bukkit/craftbukkit/block/CraftNoteBlock.java
./src/main/java/org/bukkit/craftbukkit/generator/SkyLandsChunkGenerator.java
./src/main/java/org/bukkit/craftbukkit/generator/CustomChunkGenerator.java
./src/main/java/org/bukkit/craftbukkit/generator/NetherChunkGenerator.java
./src/main/java/org/bukkit/craftbukkit/generator/NormalChunkGenerator.java
./src/main/java/org/bukkit/craftbukkit/generator/InternalChunkGenerator.java
./src/main/java/org/bukkit/craftbukkit/scheduler/CraftAsyncDebugger.java
./src/main/java/org/bukkit/craftbukkit/scheduler/CraftFuture.java
./src/main/java/org/bukkit/craftbukkit/scheduler/CraftTask.java
./src/main/java/org/bukkit/craftbukkit/scheduler/CraftAsyncTask.java
./src/main/java/org/bukkit/craftbukkit/scheduler/CraftScheduler.java
./src/main/java/org/bukkit/craftbukkit/map/CraftMapCanvas.java
./src/main/java/org/bukkit/craftbukkit/map/CraftMapView.java
./src/main/java/org/bukkit/craftbukkit/map/RenderData.java
./src/main/java/org/bukkit/craftbukkit/map/CraftMapRenderer.java
./src/main/java/org/bukkit/craftbukkit/projectiles/CraftBlockProjectileSource.java
./src/main/java/org/bukkit/craftbukkit/chunkio/ChunkIOExecutor.java
./src/main/java/org/bukkit/craftbukkit/chunkio/QueuedChunk.java
./src/main/java/org/bukkit/craftbukkit/chunkio/ChunkIOProvider.java
./src/main/java/org/apache/logging/log4j/core/appender/ConsoleAppender.java
./src/main/java/jline/AnsiWindowsTerminal.java
./src/main/java/jline/internal/TerminalLineSettings.java
./src/main/java/net/minecraft/server/BlockMinecartDetector.java
./src/main/java/net/minecraft/server/WorldGenWitchHut.java
./src/main/java/net/minecraft/server/EntityEnderPearl.java
./src/main/java/net/minecraft/server/PathfinderGoalMeleeAttack.java
./src/main/java/net/minecraft/server/PlayerInventory.java
./src/main/java/net/minecraft/server/EntityItemFrame.java
./src/main/java/net/minecraft/server/ItemBow.java
./src/main/java/net/minecraft/server/ContainerAnvilInventory.java
./src/main/java/net/minecraft/server/BlockMushroom.java
./src/main/java/net/minecraft/server/RecipeBookClone.java
./src/main/java/net/minecraft/server/BlockCocoa.java
./src/main/java/net/minecraft/server/PlayerDatFileConverter.java
./src/main/java/net/minecraft/server/PathfinderGoalOcelotAttack.java
./src/main/java/net/minecraft/server/JsonListEntrySerializer.java
./src/main/java/net/minecraft/server/IntHashMap.java
./src/main/java/net/minecraft/server/EntityZombie.java
./src/main/java/net/minecraft/server/BlockLever.java
./src/main/java/net/minecraft/server/BlockIce.java
./src/main/java/net/minecraft/server/BlockPressurePlateWeighted.java
./src/main/java/net/minecraft/server/FileConversionException.java
./src/main/java/net/minecraft/server/BlockPressurePlateBinary.java
./src/main/java/net/minecraft/server/InventoryCrafting.java
./src/main/java/net/minecraft/server/EntityMushroomCow.java
./src/main/java/net/minecraft/server/ShapedRecipes.java
./src/main/java/net/minecraft/server/BlockSkull.java
./src/main/java/net/minecraft/server/ContainerEnchantTableInventory.java
./src/main/java/net/minecraft/server/ChunkRegionLoader.java
./src/main/java/net/minecraft/server/PacketDataSerializer.java
./src/main/java/net/minecraft/server/EntityBoat.java
./src/main/java/net/minecraft/server/PlayerInteractManager.java
./src/main/java/net/minecraft/server/RecipesFurnace.java
./src/main/java/net/minecraft/server/HandshakeListener.java
./src/main/java/net/minecraft/server/BlockTripwire.java
./src/main/java/net/minecraft/server/EntityPotion.java
./src/main/java/net/minecraft/server/ContainerHopper.java
./src/main/java/net/minecraft/server/PathfinderGoalTame.java
./src/main/java/net/minecraft/server/EntityChicken.java
./src/main/java/net/minecraft/server/WorldGenMegaTreeAbstract.java
./src/main/java/net/minecraft/server/EntityCreature.java
./src/main/java/net/minecraft/server/PlayerConnection.java
./src/main/java/net/minecraft/server/EntityProjectile.java
./src/main/java/net/minecraft/server/LoginListener.java
./src/main/java/net/minecraft/server/EntityExperienceOrb.java
./src/main/java/net/minecraft/server/BlockDoor.java
./src/main/java/net/minecraft/server/DispenseBehaviorFireball.java
./src/main/java/net/minecraft/server/BlockPoweredRail.java
./src/main/java/net/minecraft/server/ChunkProviderServer.java
./src/main/java/net/minecraft/server/EntityCow.java
./src/main/java/net/minecraft/server/EntityWitch.java
./src/main/java/net/minecraft/server/DispenseBehaviorProjectile.java
./src/main/java/net/minecraft/server/EntitySnowman.java
./src/main/java/net/minecraft/server/BlockSnow.java
./src/main/java/net/minecraft/server/StatisticManager.java
./src/main/java/net/minecraft/server/IDataManager.java
./src/main/java/net/minecraft/server/InventoryEnderChest.java
./src/main/java/net/minecraft/server/ContainerWorkbench.java
./src/main/java/net/minecraft/server/InventoryLargeChest.java
./src/main/java/net/minecraft/server/BlockCommand.java
./src/main/java/net/minecraft/server/EntityLeash.java
./src/main/java/net/minecraft/server/EntityDamageSourceIndirect.java
./src/main/java/net/minecraft/server/DispenseBehaviorFlintAndSteel.java
./src/main/java/net/minecraft/server/ItemMinecart.java
./src/main/java/net/minecraft/server/EntityEnderCrystal.java
./src/main/java/net/minecraft/server/ShapelessRecipes.java
./src/main/java/net/minecraft/server/RecipeMapClone.java
./src/main/java/net/minecraft/server/Slot.java
./src/main/java/net/minecraft/server/PropertyManager.java
./src/main/java/net/minecraft/server/EntityEnderman.java
./src/main/java/net/minecraft/server/ItemBoat.java
./src/main/java/net/minecraft/server/EntityBlaze.java
./src/main/java/net/minecraft/server/TileEntityBrewingStand.java
./src/main/java/net/minecraft/server/PortalTravelAgent.java
./src/main/java/net/minecraft/server/EntityTNTPrimed.java
./src/main/java/net/minecraft/server/EntityArrow.java
./src/main/java/net/minecraft/server/BlockCake.java
./src/main/java/net/minecraft/server/GroupDataZombie.java
./src/main/java/net/minecraft/server/ExpirableListEntry.java
./src/main/java/net/minecraft/server/TileEntityNote.java
./src/main/java/net/minecraft/server/BlockRedstoneTorch.java
./src/main/java/net/minecraft/server/ContainerMerchant.java
./src/main/java/net/minecraft/server/ItemFireball.java
./src/main/java/net/minecraft/server/WorldServer.java
./src/main/java/net/minecraft/server/QueuedPacket.java
./src/main/java/net/minecraft/server/EntityHuman.java
./src/main/java/net/minecraft/server/WorldGenGroundBush.java
./src/main/java/net/minecraft/server/Enchantment.java
./src/main/java/net/minecraft/server/BlockPiston.java
./src/main/java/net/minecraft/server/EntitySlime.java
./src/main/java/net/minecraft/server/BlockDiodeAbstract.java
./src/main/java/net/minecraft/server/BlockOre.java
./src/main/java/net/minecraft/server/BlockLeaves.java
./src/main/java/net/minecraft/server/EntityEgg.java
./src/main/java/net/minecraft/server/ContainerBrewingStand.java
./src/main/java/net/minecraft/server/DispenseBehaviorMonsterEgg.java
./src/main/java/net/minecraft/server/BlockDaylightDetector.java
./src/main/java/net/minecraft/server/EntityPainting.java
./src/main/java/net/minecraft/server/TileEntitySkull.java
./src/main/java/net/minecraft/server/EntitySmallFireball.java
./src/main/java/net/minecraft/server/ScoreboardServer.java
./src/main/java/net/minecraft/server/EntityMinecartContainer.java
./src/main/java/net/minecraft/server/BlockRedstoneOre.java
./src/main/java/net/minecraft/server/EntityWolf.java
./src/main/java/net/minecraft/server/CrashReport.java
./src/main/java/net/minecraft/server/PortalCreator.java
./src/main/java/net/minecraft/server/TileEntity.java
./src/main/java/net/minecraft/server/TileEntityPiston.java
./src/main/java/net/minecraft/server/ContainerPlayer.java
./src/main/java/net/minecraft/server/ThreadCommandReader.java
./src/main/java/net/minecraft/server/ProtocolOrdinalWrapper.java
./src/main/java/net/minecraft/server/PathfinderGoalPanic.java
./src/main/java/net/minecraft/server/PacketHandshakingInSetProtocol.java
./src/main/java/net/minecraft/server/BlockRedstoneLamp.java
./src/main/java/net/minecraft/server/BlockGrass.java
./src/main/java/net/minecraft/server/WorldMap.java
./src/main/java/net/minecraft/server/BlockDispenser.java
./src/main/java/net/minecraft/server/Explosion.java
./src/main/java/net/minecraft/server/BlockDropper.java
./src/main/java/net/minecraft/server/ContainerChest.java
./src/main/java/net/minecraft/server/EntityAgeable.java
./src/main/java/net/minecraft/server/PathfinderGoalSit.java
./src/main/java/net/minecraft/server/Entity.java
./src/main/java/net/minecraft/server/ItemBucket.java
./src/main/java/net/minecraft/server/DispenseBehaviorBonemeal.java
./src/main/java/net/minecraft/server/EntityFireworks.java
./src/main/java/net/minecraft/server/PathfinderGoalSelector.java
./src/main/java/net/minecraft/server/WorldGenBigTree.java
./src/main/java/net/minecraft/server/BlockEnderPortal.java
./src/main/java/net/minecraft/server/BlockMobSpawner.java
./src/main/java/net/minecraft/server/TileEntityDispenser.java
./src/main/java/net/minecraft/server/BlockStationary.java
./src/main/java/net/minecraft/server/BlockSign.java
./src/main/java/net/minecraft/server/RecipeFireworks.java
./src/main/java/net/minecraft/server/PacketPlayOutMapChunkBulk.java
./src/main/java/net/minecraft/server/Block.java
./src/main/java/net/minecraft/server/PlayerList.java
./src/main/java/net/minecraft/server/TileEntityBeacon.java
./src/main/java/net/minecraft/server/ContainerDispenser.java
./src/main/java/net/minecraft/server/EntityGhast.java
./src/main/java/net/minecraft/server/EntityIronGolem.java
./src/main/java/net/minecraft/server/PacketPlayInChat.java
./src/main/java/net/minecraft/server/ItemStack.java
./src/main/java/net/minecraft/server/BlockPressurePlateAbstract.java
./src/main/java/net/minecraft/server/MinecraftServer.java
./src/main/java/net/minecraft/server/NetworkManager.java
./src/main/java/net/minecraft/server/BlockNetherWart.java
./src/main/java/net/minecraft/server/WorldMapHumanTracker.java
./src/main/java/net/minecraft/server/EntityInsentient.java
./src/main/java/net/minecraft/server/EntityTrackerEntry.java
./src/main/java/net/minecraft/server/DedicatedServer.java
./src/main/java/net/minecraft/server/BlockSapling.java
./src/main/java/net/minecraft/server/WorldGenVillagePiece.java
./src/main/java/net/minecraft/server/PacketPlayInCustomPayload.java
./src/main/java/net/minecraft/server/NoteDataList.java
./src/main/java/net/minecraft/server/BlockBloodStone.java
./src/main/java/net/minecraft/server/ItemMonsterEgg.java
./src/main/java/net/minecraft/server/InventoryCraftResult.java
./src/main/java/net/minecraft/server/EntitySpider.java
./src/main/java/net/minecraft/server/EntitySheep.java
./src/main/java/net/minecraft/server/PacketPlayInCloseWindow.java
./src/main/java/net/minecraft/server/EntityFallingBlock.java
./src/main/java/net/minecraft/server/EntityPigZombie.java
./src/main/java/net/minecraft/server/PlayerSelector.java
./src/main/java/net/minecraft/server/ContainerEnchantTable.java
./src/main/java/net/minecraft/server/ItemFlintAndSteel.java
./src/main/java/net/minecraft/server/EntityCreeper.java
./src/main/java/net/minecraft/server/BlockMonsterEggs.java
./src/main/java/net/minecraft/server/ContainerHorse.java
./src/main/java/net/minecraft/server/DispenseBehaviorFilledBucket.java
./src/main/java/net/minecraft/server/FoodMetaData.java
./src/main/java/net/minecraft/server/TileEntityChest.java
./src/main/java/net/minecraft/server/JsonList.java
./src/main/java/net/minecraft/server/Path.java
./src/main/java/net/minecraft/server/RegionFile.java
./src/main/java/net/minecraft/server/TileEntitySign.java
./src/main/java/net/minecraft/server/BlockCactus.java
./src/main/java/net/minecraft/server/DispenseBehaviorArmor.java
./src/main/java/net/minecraft/server/ContainerAnvil.java
./src/main/java/net/minecraft/server/BlockCrops.java
./src/main/java/net/minecraft/server/EntityPig.java
./src/main/java/net/minecraft/server/ItemWaterLily.java
./src/main/java/net/minecraft/server/BlockFire.java
./src/main/java/net/minecraft/server/NameReferencingFileConverter.java
./src/main/java/net/minecraft/server/Packet.java
./src/main/java/net/minecraft/server/BlockPumpkin.java
./src/main/java/net/minecraft/server/TileEntityHopper.java
./src/main/java/net/minecraft/server/DispenseBehaviorItem.java
./src/main/java/net/minecraft/server/WorldGenVillagePieces.java
./src/main/java/net/minecraft/server/EntitySquid.java
./src/main/java/net/minecraft/server/PlayerAbilities.java
./src/main/java/net/minecraft/server/DispenseBehaviorBoat.java
./src/main/java/net/minecraft/server/TileEntityCommandListener.java
./src/main/java/net/minecraft/server/EntityMinecartCommandBlockListener.java
./src/main/java/net/minecraft/server/BlockDragonEgg.java
./src/main/java/net/minecraft/server/EntityMagmaCube.java
./src/main/java/net/minecraft/server/ItemLeash.java
./src/main/java/net/minecraft/server/EntityItem.java
./src/main/java/net/minecraft/server/Village.java
./src/main/java/net/minecraft/server/EntityFishingHook.java
./src/main/java/net/minecraft/server/WorldManager.java
./src/main/java/net/minecraft/server/InventoryMerchant.java
./src/main/java/net/minecraft/server/EntityLiving.java
./src/main/java/net/minecraft/server/EntityWither.java
./src/main/java/net/minecraft/server/BlockHopper.java
./src/main/java/net/minecraft/server/Container.java
./src/main/java/net/minecraft/server/DispenseBehaviorMinecart.java
./src/main/java/net/minecraft/server/BlockStem.java
./src/main/java/net/minecraft/server/ControllerLook.java
./src/main/java/net/minecraft/server/ItemFishingRod.java
./src/main/java/net/minecraft/server/CommandBlockListenerAbstract.java
./src/main/java/net/minecraft/server/PlayerChunk.java
./src/main/java/net/minecraft/server/PacketPlayOutSpawnPosition.java
./src/main/java/net/minecraft/server/ItemDye.java
./src/main/java/net/minecraft/server/MethodProfiler.java
./src/main/java/net/minecraft/server/JsonListEntry.java
./src/main/java/net/minecraft/server/MobEffectList.java
./src/main/java/net/minecraft/server/PathfinderGoalMakeLove.java
./src/main/java/net/minecraft/server/TileEntityFurnace.java
./src/main/java/net/minecraft/server/PacketPlayOutBlockChange.java
./src/main/java/net/minecraft/server/ContainerFurnace.java
./src/main/java/net/minecraft/server/ClientCommandOrdinalWrapper.java
./src/main/java/net/minecraft/server/PathfinderGoalBreed.java
./src/main/java/net/minecraft/server/ItemHanging.java
./src/main/java/net/minecraft/server/EntityHanging.java
./src/main/java/net/minecraft/server/Item.java
./src/main/java/net/minecraft/server/EntityFireball.java
./src/main/java/net/minecraft/server/Chunk.java
./src/main/java/net/minecraft/server/MobSpawnerAbstract.java
./src/main/java/net/minecraft/server/EntityTracker.java
./src/main/java/net/minecraft/server/BlockPortal.java
./src/main/java/net/minecraft/server/PacketPlayOutNamedEntitySpawn.java
./src/main/java/net/minecraft/server/PacketStatusListener.java
./src/main/java/net/minecraft/server/EntityEnderDragon.java
./src/main/java/net/minecraft/server/DispenseBehaviorFireworks.java
./src/main/java/net/minecraft/server/BlockReed.java
./src/main/java/net/minecraft/server/PathfinderGoalTarget.java
./src/main/java/net/minecraft/server/BlockVine.java
./src/main/java/net/minecraft/server/RecipeArmorDye.java
./src/main/java/net/minecraft/server/PathfinderGoalArrowAttack.java
./src/main/java/net/minecraft/server/BlockTrapdoor.java
./src/main/java/net/minecraft/server/EntityMinecartAbstract.java
./src/main/java/net/minecraft/server/BlockSoil.java
./src/main/java/net/minecraft/server/ContainerBeacon.java
./src/main/java/net/minecraft/server/WorldNBTStorage.java
./src/main/java/net/minecraft/server/EntityMonster.java
./src/main/java/net/minecraft/server/BlockPistonExtension.java
./src/main/java/net/minecraft/server/ChunkSection.java
./src/main/java/net/minecraft/server/BlockTripwireHook.java
./src/main/java/net/minecraft/server/EntityHorse.java
./src/main/java/net/minecraft/server/EntitySilverfish.java
./src/main/java/net/minecraft/server/CraftingManager.java
./src/main/java/net/minecraft/server/ThreadPlayerLookupUUID.java
./src/main/java/net/minecraft/server/BlockFlowing.java
./src/main/java/net/minecraft/server/InventoryHorseChest.java
./src/main/java/net/minecraft/server/SecondaryWorldServer.java
./src/main/java/net/minecraft/server/ItemMapEmpty.java
./src/main/java/net/minecraft/server/DispenseBehaviorEmptyBucket.java
./src/main/java/net/minecraft/server/ItemWorldMap.java
./src/main/java/net/minecraft/server/PathfinderGoalHurtByTarget.java
./src/main/java/net/minecraft/server/PathfinderGoalEatTile.java
./src/main/java/net/minecraft/server/EntityThrownExpBottle.java
./src/main/java/net/minecraft/server/EntityPlayer.java
./src/main/java/net/minecraft/server/BlockButtonAbstract.java
./src/main/java/net/minecraft/server/BlockMycel.java
./src/main/java/net/minecraft/server/RemoteControlCommandListener.java
./src/main/java/net/minecraft/server/BlockTallPlant.java
./src/main/java/net/minecraft/server/PathfinderGoalBreakDoor.java
./src/main/java/net/minecraft/server/DispenseBehaviorTNT.java
./src/main/java/net/minecraft/server/IRecipe.java
./src/main/java/net/minecraft/server/EntitySkeleton.java
./src/main/java/net/minecraft/server/EntityLightning.java
./src/main/java/net/minecraft/server/IInventory.java
./src/main/java/net/minecraft/server/PlayerChunkMap.java
./src/main/java/net/minecraft/server/SpawnerCreature.java
./src/main/java/net/minecraft/server/EntityWitherSkull.java
./src/main/java/net/minecraft/server/InventorySubcontainer.java
./src/main/java/net/minecraft/server/World.java
./src/main/java/net/minecraft/server/ControllerMove.java
./src/main/java/net/minecraft/server/EntityOcelot.java
./src/main/java/net/minecraft/server/BlockRedstoneWire.java
./src/main/java/net/minecraft/server/VillageSiege.java
./src/main/java/net/minecraft/server/TileEntityRecordPlayer.java
./src/main/java/net/minecraft/server/EntityLargeFireball.java
./src/main/java/net/minecraft/server/BiomeTheEndDecorator.java
./src/main/java/net/minecraft/server/SlotFurnaceResult.java
