./src/stubsstubs/com/sun/tools/javac/tree/JCTree.java
./src/stubsstubs/com/sun/tools/javac/parser/Parser.java
./src/javac-only-stubs/com/sun/tools/javac/util/Context.java
./src/delombok/lombok/delombok/DelombokResult.java
./src/delombok/lombok/delombok/FormatPreferences.java
./src/delombok/lombok/delombok/DocCommentIntegrator.java
./src/delombok/lombok/delombok/UnicodeEscapeWriter.java
./src/delombok/lombok/delombok/FormatPreferenceScanner.java
./src/delombok/lombok/delombok/LombokOptionsFactory.java
./src/delombok/lombok/delombok/Delombok.java
./src/delombok/lombok/delombok/ant/Format.java
./src/delombok/lombok/delombok/ant/DelombokTask.java
./src/delombok/lombok/delombok/PrettyCommentsPrinter.java
./src/delombok/lombok/delombok/DelombokApp.java
./src/installer/lombok/installer/InstallerGUI.java
./src/installer/lombok/installer/WindowsDriveInfo.java
./src/installer/lombok/installer/UninstallException.java
./src/installer/lombok/installer/IdeFinder.java
./src/installer/lombok/installer/IdeLocation.java
./src/installer/lombok/installer/AppleNativeLook.java
./src/installer/lombok/installer/package-info.java
./src/installer/lombok/installer/eclipse/JbdsFinder.java
./src/installer/lombok/installer/eclipse/JbdsLocation.java
./src/installer/lombok/installer/eclipse/EclipseLocationProvider.java
./src/installer/lombok/installer/eclipse/EclipseFinder.java
./src/installer/lombok/installer/eclipse/STSFinder.java
./src/installer/lombok/installer/eclipse/STSLocationProvider.java
./src/installer/lombok/installer/eclipse/STSLocation.java
./src/installer/lombok/installer/eclipse/EclipseLocation.java
./src/installer/lombok/installer/eclipse/JbdsLocationProvider.java
./src/installer/lombok/installer/Installer.java
./src/installer/lombok/installer/IdeLocationProvider.java
./src/installer/lombok/installer/CorruptedIdeLocationException.java
./src/installer/lombok/installer/InstallException.java
./src/stubs/com/sun/tools/javac/util/BaseFileObject.java
./src/stubs/com/sun/tools/javac/tree/DocCommentTable.java
./src/stubs/com/sun/tools/javac/main/Option.java
./src/stubs/com/sun/tools/javac/file/JavacFileManager.java
./src/stubs/com/sun/tools/javac/file/BaseFileObject.java
./src/stubs/com/sun/tools/javac/parser/Scanner.java
./src/stubs/com/sun/tools/javac/parser/Parser.java
./src/stubs/com/sun/tools/javac/parser/JavacParser.java
./src/stubs/com/sun/tools/javac/parser/Tokens.java
./src/stubs/com/sun/tools/javac/parser/UnicodeReader.java
./src/stubs/com/sun/tools/javac/parser/ScannerFactory.java
./src/stubs/com/sun/tools/javac/parser/ParserFactory.java
./src/stubs/com/sun/tools/javac/parser/DocCommentScanner.java
./src/stubs/com/sun/tools/javac/parser/JavaTokenizer.java
./src/stubs/com/sun/tools/javac/parser/Lexer.java
./src/stubs/com/sun/tools/javac/parser/EndPosParser.java
./src/stubs/com/sun/tools/javadoc/DocCommentScanner.java
./src/core/lombok/AllArgsConstructor.java
./src/core/lombok/ConfigurationKeys.java
./src/core/lombok/javac/handlers/HandleEqualsAndHashCode.java
./src/core/lombok/javac/handlers/HandleVal.java
./src/core/lombok/javac/handlers/HandleDelegate.java
./src/core/lombok/javac/handlers/HandleExtensionMethod.java
./src/core/lombok/javac/handlers/HandleData.java
./src/core/lombok/javac/handlers/HandleWither.java
./src/core/lombok/javac/handlers/HandleConstructor.java
./src/core/lombok/javac/handlers/HandlePrintAST.java
./src/core/lombok/javac/handlers/JavacResolver.java
./src/core/lombok/javac/handlers/HandleSynchronized.java
./src/core/lombok/javac/handlers/HandleAccessors.java
./src/core/lombok/javac/handlers/HandleGetter.java
./src/core/lombok/javac/handlers/HandleNonNull.java
./src/core/lombok/javac/handlers/HandleValue.java
./src/core/lombok/javac/handlers/HandleLog.java
./src/core/lombok/javac/handlers/package-info.java
./src/core/lombok/javac/handlers/HandleFieldDefaults.java
./src/core/lombok/javac/handlers/HandleSetter.java
./src/core/lombok/javac/handlers/HandleCleanup.java
./src/core/lombok/javac/handlers/HandleSneakyThrows.java
./src/core/lombok/javac/handlers/HandleBuilder.java
./src/core/lombok/javac/handlers/HandleToString.java
./src/core/lombok/javac/handlers/JavacHandlerUtil.java
./src/core/lombok/javac/JavacASTVisitor.java
./src/core/lombok/javac/JavacASTAdapter.java
./src/core/lombok/javac/HandlerLibrary.java
./src/core/lombok/javac/CapturingDiagnosticListener.java
./src/core/lombok/javac/JavacAnnotationHandler.java
./src/core/lombok/javac/JavacAST.java
./src/core/lombok/javac/JavacAugments.java
./src/core/lombok/javac/LombokOptions.java
./src/core/lombok/javac/Javac8BasedLombokOptions.java
./src/core/lombok/javac/FindTypeVarScanner.java
./src/core/lombok/javac/package-info.java
./src/core/lombok/javac/CompilerMessageSuppressor.java
./src/core/lombok/javac/JavacTransformer.java
./src/core/lombok/javac/apt/Javac7BaseFileObjectWrapper.java
./src/core/lombok/javac/apt/Processor.java
./src/core/lombok/javac/apt/package-info.java
./src/core/lombok/javac/apt/LombokFileObject.java
./src/core/lombok/javac/apt/EmptyLombokFileObject.java
./src/core/lombok/javac/apt/InterceptingJavaFileObject.java
./src/core/lombok/javac/apt/LombokFileObjects.java
./src/core/lombok/javac/apt/InterceptingJavaFileManager.java
./src/core/lombok/javac/apt/Javac6BaseFileObjectWrapper.java
./src/core/lombok/javac/apt/MessagerDiagnosticsReceiver.java
./src/core/lombok/javac/ResolutionResetNeeded.java
./src/core/lombok/javac/JavacResolution.java
./src/core/lombok/javac/JavacImportList.java
./src/core/lombok/javac/Javac6BasedLombokOptions.java
./src/core/lombok/javac/JavacNode.java
./src/core/lombok/NoArgsConstructor.java
./src/core/lombok/Setter.java
./src/core/lombok/val.java
./src/core/lombok/Cleanup.java
./src/core/lombok/Getter.java
./src/core/lombok/Lombok.java
./src/core/lombok/Value.java
./src/core/lombok/bytecode/PostCompilerApp.java
./src/core/lombok/bytecode/package-info.java
./src/core/lombok/bytecode/AsmUtil.java
./src/core/lombok/bytecode/PoolConstantsApp.java
./src/core/lombok/bytecode/ClassFileMetaData.java
./src/core/lombok/bytecode/PreventNullAnalysisRemover.java
./src/core/lombok/bytecode/SneakyThrowsRemover.java
./src/core/lombok/bytecode/FixedClassWriter.java
./src/core/lombok/Data.java
./src/core/lombok/EqualsAndHashCode.java
./src/core/lombok/AccessLevel.java
./src/core/lombok/ToString.java
./src/core/lombok/core/handlers/HandlerUtil.java
./src/core/lombok/core/handlers/package-info.java
./src/core/lombok/core/handlers/SneakyThrowsAndCleanupDependencyInfo.java
./src/core/lombok/core/PrintAST.java
./src/core/lombok/core/PostCompilerTransformation.java
./src/core/lombok/core/LombokConfiguration.java
./src/core/lombok/core/Augments.java
./src/core/lombok/core/LombokNode.java
./src/core/lombok/core/configuration/ConfigurationValueParser.java
./src/core/lombok/core/configuration/NullCheckExceptionType.java
./src/core/lombok/core/configuration/FileSystemSourceCache.java
./src/core/lombok/core/configuration/ConfigurationResolver.java
./src/core/lombok/core/configuration/TypeName.java
./src/core/lombok/core/configuration/ConfigurationApp.java
./src/core/lombok/core/configuration/ConfigurationDataType.java
./src/core/lombok/core/configuration/ConfigurationProblemReporter.java
./src/core/lombok/core/configuration/ConfigurationKeysLoader.java
./src/core/lombok/core/configuration/BubblingConfigurationResolver.java
./src/core/lombok/core/configuration/ConfigurationParser.java
./src/core/lombok/core/configuration/ConfigurationSource.java
./src/core/lombok/core/configuration/ConfigurationResolverFactory.java
./src/core/lombok/core/configuration/FlagUsageType.java
./src/core/lombok/core/configuration/ExampleValueString.java
./src/core/lombok/core/configuration/StringConfigurationSource.java
./src/core/lombok/core/configuration/ConfigurationKey.java
./src/core/lombok/core/LombokApp.java
./src/core/lombok/core/LombokInternalAliasing.java
./src/core/lombok/core/Main.java
./src/core/lombok/core/AnnotationValues.java
./src/core/lombok/core/Agent.java
./src/core/lombok/core/runtimeDependencies/RuntimeDependencyInfo.java
./src/core/lombok/core/runtimeDependencies/package-info.java
./src/core/lombok/core/runtimeDependencies/CreateLombokRuntimeApp.java
./src/core/lombok/core/HandlerPriority.java
./src/core/lombok/core/package-info.java
./src/core/lombok/core/AnnotationProcessor.java
./src/core/lombok/core/PublicApiCreatorApp.java
./src/core/lombok/core/TypeLibrary.java
./src/core/lombok/core/ImportList.java
./src/core/lombok/core/TypeResolver.java
./src/core/lombok/core/debug/DebugSnapshotStore.java
./src/core/lombok/core/debug/DebugSnapshot.java
./src/core/lombok/core/debug/package-info.java
./src/core/lombok/core/debug/ProblemReporter.java
./src/core/lombok/core/Version.java
./src/core/lombok/core/AST.java
./src/core/lombok/core/PostCompiler.java
./src/core/lombok/core/DiagnosticsReceiver.java
./src/core/lombok/package-info.java
./src/core/lombok/eclipse/EclipseNode.java
./src/core/lombok/eclipse/handlers/HandleEqualsAndHashCode.java
./src/core/lombok/eclipse/handlers/HandleVal.java
./src/core/lombok/eclipse/handlers/HandleDelegate.java
./src/core/lombok/eclipse/handlers/HandleExtensionMethod.java
./src/core/lombok/eclipse/handlers/HandleData.java
./src/core/lombok/eclipse/handlers/HandleWither.java
./src/core/lombok/eclipse/handlers/HandleConstructor.java
./src/core/lombok/eclipse/handlers/HandlePrintAST.java
./src/core/lombok/eclipse/handlers/HandleSynchronized.java
./src/core/lombok/eclipse/handlers/HandleAccessors.java
./src/core/lombok/eclipse/handlers/HandleGetter.java
./src/core/lombok/eclipse/handlers/HandleNonNull.java
./src/core/lombok/eclipse/handlers/HandleValue.java
./src/core/lombok/eclipse/handlers/EclipseHandlerUtil.java
./src/core/lombok/eclipse/handlers/HandleLog.java
./src/core/lombok/eclipse/handlers/package-info.java
./src/core/lombok/eclipse/handlers/HandleFieldDefaults.java
./src/core/lombok/eclipse/handlers/HandleSetter.java
./src/core/lombok/eclipse/handlers/HandleCleanup.java
./src/core/lombok/eclipse/handlers/HandleSneakyThrows.java
./src/core/lombok/eclipse/handlers/HandleBuilder.java
./src/core/lombok/eclipse/handlers/HandleToString.java
./src/core/lombok/eclipse/handlers/SetGeneratedByVisitor.java
./src/core/lombok/eclipse/EclipseAST.java
./src/core/lombok/eclipse/EclipseASTAdapter.java
./src/core/lombok/eclipse/TransformEclipseAST.java
./src/core/lombok/eclipse/EclipseASTVisitor.java
./src/core/lombok/eclipse/HandlerLibrary.java
./src/core/lombok/eclipse/EclipseAugments.java
./src/core/lombok/eclipse/EclipseAnnotationHandler.java
./src/core/lombok/eclipse/DeferUntilPostDiet.java
./src/core/lombok/eclipse/package-info.java
./src/core/lombok/eclipse/EclipseImportList.java
./src/core/lombok/eclipse/EclipseAstProblemView.java
./src/core/lombok/SneakyThrows.java
./src/core/lombok/Synchronized.java
./src/core/lombok/extern/apachecommons/CommonsLog.java
./src/core/lombok/extern/slf4j/Slf4j.java
./src/core/lombok/extern/slf4j/XSlf4j.java
./src/core/lombok/extern/java/Log.java
./src/core/lombok/extern/log4j/Log4j2.java
./src/core/lombok/extern/log4j/Log4j.java
./src/core/lombok/RequiredArgsConstructor.java
./src/core/lombok/Delegate.java
./src/core/lombok/NonNull.java
./src/core/lombok/experimental/NonFinal.java
./src/core/lombok/experimental/Builder.java
./src/core/lombok/experimental/Value.java
./src/core/lombok/experimental/package-info.java
./src/core/lombok/experimental/Tolerate.java
./src/core/lombok/experimental/PackagePrivate.java
./src/core/lombok/experimental/Wither.java
./src/core/lombok/experimental/Accessors.java
./src/core/lombok/experimental/Delegate.java
./src/core/lombok/experimental/ExtensionMethod.java
./src/core/lombok/experimental/FieldDefaults.java
./src/utils/lombok/javac/java6/CommentCollectingScanner.java
./src/utils/lombok/javac/java6/CommentCollectingParser.java
./src/utils/lombok/javac/java6/CommentCollectingScannerFactory.java
./src/utils/lombok/javac/java6/CommentCollectingParserFactory.java
./src/utils/lombok/javac/java7/CommentCollectingScanner.java
./src/utils/lombok/javac/java7/CommentCollectingParser.java
./src/utils/lombok/javac/java7/CommentCollectingScannerFactory.java
./src/utils/lombok/javac/java7/CommentCollectingParserFactory.java
./src/utils/lombok/javac/CommentCatcher.java
./src/utils/lombok/javac/CommentInfo.java
./src/utils/lombok/javac/java8/CommentCollectingScanner.java
./src/utils/lombok/javac/java8/CommentCollectingTokenizer.java
./src/utils/lombok/javac/java8/CommentCollectingParser.java
./src/utils/lombok/javac/java8/CommentCollectingScannerFactory.java
./src/utils/lombok/javac/java8/CommentCollectingParserFactory.java
./src/utils/lombok/javac/TreeMirrorMaker.java
./src/utils/lombok/javac/JavacTreeMaker.java
./src/utils/lombok/javac/Javac.java
./src/utils/lombok/core/LombokImmutableList.java
./src/utils/lombok/core/JavaIdentifiers.java
./src/utils/lombok/core/FieldAugment.java
./src/utils/lombok/core/SpiLoadUtil.java
./src/utils/lombok/core/debug/FileLog.java
./src/utils/lombok/eclipse/Eclipse.java
./src/eclipseAgent/lombok/eclipse/agent/PatchDelegate.java
./src/eclipseAgent/lombok/eclipse/agent/PatchFixes.java
./src/eclipseAgent/lombok/eclipse/agent/PatchExtensionMethodPortal.java
./src/eclipseAgent/lombok/eclipse/agent/PatchDiagnostics.java
./src/eclipseAgent/lombok/eclipse/agent/PatchValEclipsePortal.java
./src/eclipseAgent/lombok/eclipse/agent/PatchExtensionMethod.java
./src/eclipseAgent/lombok/eclipse/agent/PatchDelegatePortal.java
./src/eclipseAgent/lombok/eclipse/agent/package-info.java
./src/eclipseAgent/lombok/eclipse/agent/PatchExtensionMethodCompletionProposalPortal.java
./src/eclipseAgent/lombok/eclipse/agent/PatchValEclipse.java
./src/eclipseAgent/lombok/eclipse/agent/EclipsePatcher.java
./src/eclipseAgent/lombok/eclipse/agent/PatchExtensionMethodCompletionProposal.java
./src/eclipseAgent/lombok/eclipse/agent/ExtensionMethodCompletionProposal.java
./src/eclipseAgent/lombok/eclipse/agent/PatchVal.java
./test/ecj/SimpleTest.java
./test/bytecode/src/lombok/bytecode/RunBytecodeTests.java
./test/bytecode/src/lombok/bytecode/TestPostCompiler.java
./test/bytecode/src/lombok/bytecode/TestClassFileMetaData.java
./test/bytecode/resource/PostCompileSneaky.java
./test/bytecode/resource/Bar.java
./test/bytecode/resource/Buux.java
./test/bytecode/resource/Foo.java
./test/bytecode/resource/Baz.java
./test/configuration/src/lombok/core/configuration/TestConfiguration.java
./test/configuration/src/lombok/core/configuration/RunConfigurationTests.java
./test/core/src/lombok/RunTestsViaDelombok.java
./test/core/src/lombok/RunTestsViaEcj.java
./test/core/src/lombok/DirectoryRunner.java
./test/core/src/lombok/CompilerMessageMatcher.java
./test/core/src/lombok/AbstractRunTests.java
./test/core/src/lombok/LombokTestSource.java
./test/core/src/lombok/RunAllTests.java
./test/pretty/resource/before/TryWithResources.java
./test/pretty/resource/before/ForLoop.java
./test/pretty/resource/before/MethodReference.java
./test/pretty/resource/before/CastWithIntersection.java
./test/pretty/resource/before/MultiCatch.java
./test/pretty/resource/before/ForEach.java
./test/pretty/resource/before/Enum.java
./test/pretty/resource/before/Annotation.java
./test/pretty/resource/before/DefaultMethod.java
./test/pretty/resource/before/Cast.java
./test/pretty/resource/before/Interfaces.java
./test/pretty/resource/before/Lambda.java
./test/pretty/resource/before/WithComments.java
./test/pretty/resource/after/TryWithResources.java
./test/pretty/resource/after/ForLoop.java
./test/pretty/resource/after/MethodReference.java
./test/pretty/resource/after/CastWithIntersection.java
./test/pretty/resource/after/MultiCatch.java
./test/pretty/resource/after/ForEach.java
./test/pretty/resource/after/Enum.java
./test/pretty/resource/after/Annotation.java
./test/pretty/resource/after/DefaultMethod.java
./test/pretty/resource/after/Cast.java
./test/pretty/resource/after/Interfaces.java
./test/pretty/resource/after/Lambda.java
./test/pretty/resource/after/WithComments.java
./test/transform/src/lombok/transform/RunTransformTests.java
./test/transform/src/lombok/transform/TestSourceFiles.java
./test/transform/src/lombok/transform/TestLombokFilesIdempotent.java
./test/transform/src/lombok/transform/TestWithEcj.java
./test/transform/src/lombok/transform/TestWithDelombok.java
./test/transform/resource/before/ValDefault.java
./test/transform/resource/before/SetterWithDollar.java
./test/transform/resource/before/InjectField.java
./test/transform/resource/before/NonNullPlain.java
./test/transform/resource/before/ConstructorsWithAccessors.java
./test/transform/resource/before/DataOnEnum.java
./test/transform/resource/before/ValInBasicFor.java
./test/transform/resource/before/LoggerCommons.java
./test/transform/resource/before/DataIgnore.java
./test/transform/resource/before/GetterDeprecated.java
./test/transform/resource/before/ValLambda.java
./test/transform/resource/before/ValueExperimentalStarImport.java
./test/transform/resource/before/SetterPlain.java
./test/transform/resource/before/NonNullWithSneakyThrows.java
./test/transform/resource/before/DelegateOnStatic.java
./test/transform/resource/before/JavadocGenerally.java
./test/transform/resource/before/SynchronizedNameStaticToInstanceRef.java
./test/transform/resource/before/LoggerSlf4jAlreadyExists.java
./test/transform/resource/before/CleanupPlain.java
./test/transform/resource/before/LoggerSlf4j.java
./test/transform/resource/before/WitherOnStatic.java
./test/transform/resource/before/DelegateOnGetter.java
./test/transform/resource/before/NonNullOnParameter.java
./test/transform/resource/before/SetterOnMethodOnParam.java
./test/transform/resource/before/LoggerSlf4jWithPackage.java
./test/transform/resource/before/DataWithGetterNone.java
./test/transform/resource/before/ValWithLabel.java
./test/transform/resource/before/BuilderInvalidUse.java
./test/transform/resource/before/GetterOnClass.java
./test/transform/resource/before/SimpleTypeResolution.java
./test/transform/resource/before/LoggerJul.java
./test/transform/resource/before/GetterPlain.java
./test/transform/resource/before/NonNullWithAlternateException.java
./test/transform/resource/before/SneakyThrowsMultiple.java
./test/transform/resource/before/LoggerLog4j.java
./test/transform/resource/before/MultiFieldGetter.java
./test/transform/resource/before/WitherAlreadyExists.java
./test/transform/resource/before/DelegateFlagUsage.java
./test/transform/resource/before/GetterLazyNative.java
./test/transform/resource/before/GetterWithDollar.java
./test/transform/resource/before/ValInTryWithResources.java
./test/transform/resource/before/DelegateOnMethods.java
./test/transform/resource/before/LoggerXSlf4j.java
./test/transform/resource/before/ToStringInner.java
./test/transform/resource/before/ValLessSimple.java
./test/transform/resource/before/CommentsInterspersed.java
./test/transform/resource/before/DataWithGetter.java
./test/transform/resource/before/SetterDeprecated.java
./test/transform/resource/before/AccessorsConfiguration.java
./test/transform/resource/before/BuilderChainAndFluent.java
./test/transform/resource/before/DelegateRecursion.java
./test/transform/resource/before/ValSimple.java
./test/transform/resource/before/MixGetterVal.java
./test/transform/resource/before/ValComplex.java
./test/transform/resource/before/WitherWithDollar.java
./test/transform/resource/before/DataPlain.java
./test/transform/resource/before/ValInMultiDeclaration.java
./test/transform/resource/before/EqualsAndHashCode.java
./test/transform/resource/before/LoggerLog4j2.java
./test/transform/resource/before/BuilderComplex.java
./test/transform/resource/before/WitherAccessLevel.java
./test/transform/resource/before/Constructors.java
./test/transform/resource/before/BuilderSimple.java
./test/transform/resource/before/GetterAlreadyExists.java
./test/transform/resource/before/SynchronizedPlain.java
./test/transform/resource/before/LoggerSlf4jOnNonType.java
./test/transform/resource/before/GetterBoolean.java
./test/transform/resource/before/ExtensionMethodPlain.java
./test/transform/resource/before/SetterOnStatic.java
./test/transform/resource/before/WitherDeprecated.java
./test/transform/resource/before/ToStringConfiguration.java
./test/transform/resource/before/ValuePlain.java
./test/transform/resource/before/GetterLazyInvalid.java
./test/transform/resource/before/TrickyTypeResolution2.java
./test/transform/resource/before/DelegateWithDeprecated.java
./test/transform/resource/before/DataConfiguration.java
./test/transform/resource/before/EqualsAndHashCodeWithSomeExistingMethods.java
./test/transform/resource/before/ValueExperimental.java
./test/transform/resource/before/ValWeirdTypes.java
./test/transform/resource/before/WitherWithGenerics.java
./test/transform/resource/before/EqualsAndHashCodeWithOnParam.java
./test/transform/resource/before/DataExtended.java
./test/transform/resource/before/GetterOnMethodErrors.java
./test/transform/resource/before/GetterLazyBoolean.java
./test/transform/resource/before/DelegateTypesAndExcludes.java
./test/transform/resource/before/ConstructorsConfiguration.java
./test/transform/resource/before/TrickyTypeResolution.java
./test/transform/resource/before/BuilderWithExistingBuilderClass.java
./test/transform/resource/before/ValInFor.java
./test/transform/resource/before/ValRawType.java
./test/transform/resource/before/LoggerConfig.java
./test/transform/resource/before/GetterLazy.java
./test/transform/resource/before/GetterLazyEahcToString.java
./test/transform/resource/before/NonNullOnParameterAbstract.java
./test/transform/resource/before/SneakyThrowsSingle.java
./test/transform/resource/before/GetterAccessLevel.java
./test/transform/resource/before/WithInnerAnnotation.java
./test/transform/resource/before/Tolerate.java
./test/transform/resource/before/ValLub.java
./test/transform/resource/before/WitherPlain.java
./test/transform/resource/before/ValErrors.java
./test/transform/resource/before/ToStringPlain.java
./test/transform/resource/before/GetterSetterJavadoc.java
./test/transform/resource/before/SynchronizedNameNoSuchField.java
./test/transform/resource/before/LoggerSlf4jTypes.java
./test/transform/resource/before/EqualsAndHashCodeWithExistingMethods.java
./test/transform/resource/before/ValOutersWithGenerics.java
./test/transform/resource/before/DataOnLocalClass.java
./test/transform/resource/before/GetterNone.java
./test/transform/resource/before/ValAnonymousSubclassWithGenerics.java
./test/transform/resource/before/TestOperators.java
./test/transform/resource/before/SneakyThrowsPlain.java
./test/transform/resource/before/CleanupName.java
./test/transform/resource/before/SetterOnClass.java
./test/transform/resource/before/WitherOnClass.java
./test/transform/resource/before/SetterAccessLevel.java
./test/transform/resource/before/ClassNamedAfterGetter.java
./test/transform/resource/before/Accessors.java
./test/transform/resource/before/FieldDefaultsNoop.java
./test/transform/resource/before/WitherAndAllArgsConstructor.java
./test/transform/resource/before/BuilderWithAccessors.java
./test/transform/resource/before/GetterOnMethodErrors2.java
./test/transform/resource/before/GetterOnStatic.java
./test/transform/resource/before/SynchronizedName.java
./test/transform/resource/before/FieldDefaults.java
./test/transform/resource/before/GetterOnMethod.java
./test/transform/resource/before/FlagUsages.java
./test/transform/resource/before/DelegateOnGetterNone.java
./test/transform/resource/before/GetterEnum.java
./test/transform/resource/before/ConflictingStaticConstructorNames.java
./test/transform/resource/before/SetterAlreadyExists.java
./test/transform/resource/after-ecj/ValDefault.java
./test/transform/resource/after-ecj/SetterWithDollar.java
./test/transform/resource/after-ecj/InjectField.java
./test/transform/resource/after-ecj/NonNullPlain.java
./test/transform/resource/after-ecj/ConstructorsWithAccessors.java
./test/transform/resource/after-ecj/DataOnEnum.java
./test/transform/resource/after-ecj/ValInBasicFor.java
./test/transform/resource/after-ecj/SetterOnParamAndOnMethod.java
./test/transform/resource/after-ecj/LoggerCommons.java
./test/transform/resource/after-ecj/DataIgnore.java
./test/transform/resource/after-ecj/GetterDeprecated.java
./test/transform/resource/after-ecj/ValLambda.java
./test/transform/resource/after-ecj/ValueExperimentalStarImport.java
./test/transform/resource/after-ecj/SetterPlain.java
./test/transform/resource/after-ecj/NonNullWithSneakyThrows.java
./test/transform/resource/after-ecj/JavadocGenerally.java
./test/transform/resource/after-ecj/SynchronizedNameStaticToInstanceRef.java
./test/transform/resource/after-ecj/LoggerSlf4jAlreadyExists.java
./test/transform/resource/after-ecj/CleanupPlain.java
./test/transform/resource/after-ecj/LoggerSlf4j.java
./test/transform/resource/after-ecj/WitherOnStatic.java
./test/transform/resource/after-ecj/DelegateOnGetter.java
./test/transform/resource/after-ecj/NonNullOnParameter.java
./test/transform/resource/after-ecj/SetterOnMethodOnParam.java
./test/transform/resource/after-ecj/LoggerSlf4jWithPackage.java
./test/transform/resource/after-ecj/DataWithGetterNone.java
./test/transform/resource/after-ecj/ValWithLabel.java
./test/transform/resource/after-ecj/GetterOnClass.java
./test/transform/resource/after-ecj/SimpleTypeResolution.java
./test/transform/resource/after-ecj/LoggerJul.java
./test/transform/resource/after-ecj/GetterPlain.java
./test/transform/resource/after-ecj/NonNullWithAlternateException.java
./test/transform/resource/after-ecj/SneakyThrowsMultiple.java
./test/transform/resource/after-ecj/LoggerLog4j.java
./test/transform/resource/after-ecj/MultiFieldGetter.java
./test/transform/resource/after-ecj/WitherAlreadyExists.java
./test/transform/resource/after-ecj/GetterLazyNative.java
./test/transform/resource/after-ecj/GetterWithDollar.java
./test/transform/resource/after-ecj/ValInTryWithResources.java
./test/transform/resource/after-ecj/DelegateOnMethods.java
./test/transform/resource/after-ecj/LoggerXSlf4j.java
./test/transform/resource/after-ecj/ToStringInner.java
./test/transform/resource/after-ecj/ValLessSimple.java
./test/transform/resource/after-ecj/CommentsInterspersed.java
./test/transform/resource/after-ecj/DataWithGetter.java
./test/transform/resource/after-ecj/SetterDeprecated.java
./test/transform/resource/after-ecj/AccessorsConfiguration.java
./test/transform/resource/after-ecj/BuilderChainAndFluent.java
./test/transform/resource/after-ecj/ValSimple.java
./test/transform/resource/after-ecj/MixGetterVal.java
./test/transform/resource/after-ecj/ValComplex.java
./test/transform/resource/after-ecj/WitherWithDollar.java
./test/transform/resource/after-ecj/DataPlain.java
./test/transform/resource/after-ecj/ValInMultiDeclaration.java
./test/transform/resource/after-ecj/EqualsAndHashCode.java
./test/transform/resource/after-ecj/LoggerLog4j2.java
./test/transform/resource/after-ecj/BuilderComplex.java
./test/transform/resource/after-ecj/WitherAccessLevel.java
./test/transform/resource/after-ecj/Constructors.java
./test/transform/resource/after-ecj/BuilderSimple.java
./test/transform/resource/after-ecj/GetterAlreadyExists.java
./test/transform/resource/after-ecj/SynchronizedPlain.java
./test/transform/resource/after-ecj/LoggerSlf4jOnNonType.java
./test/transform/resource/after-ecj/GetterBoolean.java
./test/transform/resource/after-ecj/ExtensionMethodPlain.java
./test/transform/resource/after-ecj/SetterOnStatic.java
./test/transform/resource/after-ecj/WitherDeprecated.java
./test/transform/resource/after-ecj/ToStringConfiguration.java
./test/transform/resource/after-ecj/ValuePlain.java
./test/transform/resource/after-ecj/GetterLazyInvalid.java
./test/transform/resource/after-ecj/TrickyTypeResolution2.java
./test/transform/resource/after-ecj/DelegateWithDeprecated.java
./test/transform/resource/after-ecj/DataConfiguration.java
./test/transform/resource/after-ecj/SetterOnMethod.java
./test/transform/resource/after-ecj/EqualsAndHashCodeWithSomeExistingMethods.java
./test/transform/resource/after-ecj/ValueExperimental.java
./test/transform/resource/after-ecj/ValWeirdTypes.java
./test/transform/resource/after-ecj/WitherWithGenerics.java
./test/transform/resource/after-ecj/EqualsAndHashCodeWithOnParam.java
./test/transform/resource/after-ecj/DataExtended.java
./test/transform/resource/after-ecj/GetterOnMethodErrors.java
./test/transform/resource/after-ecj/GetterLazyBoolean.java
./test/transform/resource/after-ecj/DelegateTypesAndExcludes.java
./test/transform/resource/after-ecj/ConstructorsConfiguration.java
./test/transform/resource/after-ecj/TrickyTypeResolution.java
./test/transform/resource/after-ecj/BuilderWithExistingBuilderClass.java
./test/transform/resource/after-ecj/ValInFor.java
./test/transform/resource/after-ecj/ValRawType.java
./test/transform/resource/after-ecj/LoggerConfig.java
./test/transform/resource/after-ecj/GetterLazy.java
./test/transform/resource/after-ecj/GetterLazyEahcToString.java
./test/transform/resource/after-ecj/NonNullOnParameterAbstract.java
./test/transform/resource/after-ecj/SneakyThrowsSingle.java
./test/transform/resource/after-ecj/GetterAccessLevel.java
./test/transform/resource/after-ecj/WithInnerAnnotation.java
./test/transform/resource/after-ecj/Tolerate.java
./test/transform/resource/after-ecj/ValLub.java
./test/transform/resource/after-ecj/WitherPlain.java
./test/transform/resource/after-ecj/ValErrors.java
./test/transform/resource/after-ecj/ToStringPlain.java
./test/transform/resource/after-ecj/GetterSetterJavadoc.java
./test/transform/resource/after-ecj/SetterOnParam.java
./test/transform/resource/after-ecj/SynchronizedNameNoSuchField.java
./test/transform/resource/after-ecj/LoggerSlf4jTypes.java
./test/transform/resource/after-ecj/EqualsAndHashCodeWithExistingMethods.java
./test/transform/resource/after-ecj/ValOutersWithGenerics.java
./test/transform/resource/after-ecj/DataOnLocalClass.java
./test/transform/resource/after-ecj/GetterNone.java
./test/transform/resource/after-ecj/TestOperators.java
./test/transform/resource/after-ecj/SneakyThrowsPlain.java
./test/transform/resource/after-ecj/CleanupName.java
./test/transform/resource/after-ecj/SetterOnClass.java
./test/transform/resource/after-ecj/WitherOnClass.java
./test/transform/resource/after-ecj/SetterAccessLevel.java
./test/transform/resource/after-ecj/ClassNamedAfterGetter.java
./test/transform/resource/after-ecj/Accessors.java
./test/transform/resource/after-ecj/FieldDefaultsNoop.java
./test/transform/resource/after-ecj/WitherAndAllArgsConstructor.java
./test/transform/resource/after-ecj/BuilderWithAccessors.java
./test/transform/resource/after-ecj/GetterOnMethodErrors2.java
./test/transform/resource/after-ecj/GetterOnStatic.java
./test/transform/resource/after-ecj/SynchronizedName.java
./test/transform/resource/after-ecj/FieldDefaults.java
./test/transform/resource/after-ecj/GetterOnMethod.java
./test/transform/resource/after-ecj/DelegateOnGetterNone.java
./test/transform/resource/after-ecj/GetterEnum.java
./test/transform/resource/after-ecj/ConflictingStaticConstructorNames.java
./test/transform/resource/after-ecj/SetterAlreadyExists.java
./test/transform/resource/after-delombok/ValDefault.java
./test/transform/resource/after-delombok/SetterWithDollar.java
./test/transform/resource/after-delombok/InjectField.java
./test/transform/resource/after-delombok/NonNullPlain.java
./test/transform/resource/after-delombok/ConstructorsWithAccessors.java
./test/transform/resource/after-delombok/DataOnEnum.java
./test/transform/resource/after-delombok/ValInBasicFor.java
./test/transform/resource/after-delombok/LoggerCommons.java
./test/transform/resource/after-delombok/DataIgnore.java
./test/transform/resource/after-delombok/GetterDeprecated.java
./test/transform/resource/after-delombok/ValLambda.java
./test/transform/resource/after-delombok/ValueExperimentalStarImport.java
./test/transform/resource/after-delombok/SetterPlain.java
./test/transform/resource/after-delombok/NonNullWithSneakyThrows.java
./test/transform/resource/after-delombok/JavadocGenerally.java
./test/transform/resource/after-delombok/SynchronizedNameStaticToInstanceRef.java
./test/transform/resource/after-delombok/LoggerSlf4jAlreadyExists.java
./test/transform/resource/after-delombok/CleanupPlain.java
./test/transform/resource/after-delombok/LoggerSlf4j.java
./test/transform/resource/after-delombok/WitherOnStatic.java
./test/transform/resource/after-delombok/DelegateOnGetter.java
./test/transform/resource/after-delombok/NonNullOnParameter.java
./test/transform/resource/after-delombok/SetterOnMethodOnParam.java
./test/transform/resource/after-delombok/LoggerSlf4jWithPackage.java
./test/transform/resource/after-delombok/DataWithGetterNone.java
./test/transform/resource/after-delombok/ValWithLabel.java
./test/transform/resource/after-delombok/GetterOnClass.java
./test/transform/resource/after-delombok/SimpleTypeResolution.java
./test/transform/resource/after-delombok/LoggerJul.java
./test/transform/resource/after-delombok/GetterPlain.java
./test/transform/resource/after-delombok/NonNullWithAlternateException.java
./test/transform/resource/after-delombok/SneakyThrowsMultiple.java
./test/transform/resource/after-delombok/LoggerLog4j.java
./test/transform/resource/after-delombok/MultiFieldGetter.java
./test/transform/resource/after-delombok/WitherAlreadyExists.java
./test/transform/resource/after-delombok/GetterLazyNative.java
./test/transform/resource/after-delombok/GetterWithDollar.java
./test/transform/resource/after-delombok/ValInTryWithResources.java
./test/transform/resource/after-delombok/DelegateOnMethods.java
./test/transform/resource/after-delombok/LoggerXSlf4j.java
./test/transform/resource/after-delombok/ToStringInner.java
./test/transform/resource/after-delombok/ValLessSimple.java
./test/transform/resource/after-delombok/CommentsInterspersed.java
./test/transform/resource/after-delombok/DataWithGetter.java
./test/transform/resource/after-delombok/SetterDeprecated.java
./test/transform/resource/after-delombok/AccessorsConfiguration.java
./test/transform/resource/after-delombok/BuilderChainAndFluent.java
./test/transform/resource/after-delombok/ValSimple.java
./test/transform/resource/after-delombok/MixGetterVal.java
./test/transform/resource/after-delombok/ValComplex.java
./test/transform/resource/after-delombok/WitherWithDollar.java
./test/transform/resource/after-delombok/DataPlain.java
./test/transform/resource/after-delombok/ValInMultiDeclaration.java
./test/transform/resource/after-delombok/EqualsAndHashCode.java
./test/transform/resource/after-delombok/LoggerLog4j2.java
./test/transform/resource/after-delombok/BuilderComplex.java
./test/transform/resource/after-delombok/WitherAccessLevel.java
./test/transform/resource/after-delombok/Constructors.java
./test/transform/resource/after-delombok/BuilderSimple.java
./test/transform/resource/after-delombok/GetterAlreadyExists.java
./test/transform/resource/after-delombok/SynchronizedPlain.java
./test/transform/resource/after-delombok/GetterBoolean.java
./test/transform/resource/after-delombok/ExtensionMethodPlain.java
./test/transform/resource/after-delombok/SetterOnStatic.java
./test/transform/resource/after-delombok/WitherDeprecated.java
./test/transform/resource/after-delombok/ToStringConfiguration.java
./test/transform/resource/after-delombok/ValuePlain.java
./test/transform/resource/after-delombok/GetterLazyInvalid.java
./test/transform/resource/after-delombok/TrickyTypeResolution2.java
./test/transform/resource/after-delombok/DelegateWithDeprecated.java
./test/transform/resource/after-delombok/DataConfiguration.java
./test/transform/resource/after-delombok/EqualsAndHashCodeWithSomeExistingMethods.java
./test/transform/resource/after-delombok/ValueExperimental.java
./test/transform/resource/after-delombok/ValWeirdTypes.java
./test/transform/resource/after-delombok/WitherWithGenerics.java
./test/transform/resource/after-delombok/EqualsAndHashCodeWithOnParam.java
./test/transform/resource/after-delombok/DataExtended.java
./test/transform/resource/after-delombok/GetterOnMethodErrors.java
./test/transform/resource/after-delombok/GetterLazyBoolean.java
./test/transform/resource/after-delombok/DelegateTypesAndExcludes.java
./test/transform/resource/after-delombok/ConstructorsConfiguration.java
./test/transform/resource/after-delombok/TrickyTypeResolution.java
./test/transform/resource/after-delombok/BuilderWithExistingBuilderClass.java
./test/transform/resource/after-delombok/ValInFor.java
./test/transform/resource/after-delombok/ValRawType.java
./test/transform/resource/after-delombok/LoggerConfig.java
./test/transform/resource/after-delombok/GetterLazy.java
./test/transform/resource/after-delombok/GetterLazyEahcToString.java
./test/transform/resource/after-delombok/NonNullOnParameterAbstract.java
./test/transform/resource/after-delombok/SneakyThrowsSingle.java
./test/transform/resource/after-delombok/GetterAccessLevel.java
./test/transform/resource/after-delombok/WithInnerAnnotation.java
./test/transform/resource/after-delombok/Tolerate.java
./test/transform/resource/after-delombok/ValLub.java
./test/transform/resource/after-delombok/WitherPlain.java
./test/transform/resource/after-delombok/ValErrors.java
./test/transform/resource/after-delombok/ToStringPlain.java
./test/transform/resource/after-delombok/GetterSetterJavadoc.java
./test/transform/resource/after-delombok/SynchronizedNameNoSuchField.java
./test/transform/resource/after-delombok/LoggerSlf4jTypes.java
./test/transform/resource/after-delombok/EqualsAndHashCodeWithExistingMethods.java
./test/transform/resource/after-delombok/ValOutersWithGenerics.java
./test/transform/resource/after-delombok/DataOnLocalClass.java
./test/transform/resource/after-delombok/GetterNone.java
./test/transform/resource/after-delombok/TestOperators.java
./test/transform/resource/after-delombok/SneakyThrowsPlain.java
./test/transform/resource/after-delombok/CleanupName.java
./test/transform/resource/after-delombok/SetterOnClass.java
./test/transform/resource/after-delombok/WitherOnClass.java
./test/transform/resource/after-delombok/SetterAccessLevel.java
./test/transform/resource/after-delombok/ClassNamedAfterGetter.java
./test/transform/resource/after-delombok/Accessors.java
./test/transform/resource/after-delombok/FieldDefaultsNoop.java
./test/transform/resource/after-delombok/WitherAndAllArgsConstructor.java
./test/transform/resource/after-delombok/BuilderWithAccessors.java
./test/transform/resource/after-delombok/GetterOnMethodErrors2.java
./test/transform/resource/after-delombok/GetterOnStatic.java
./test/transform/resource/after-delombok/SynchronizedName.java
./test/transform/resource/after-delombok/FieldDefaults.java
./test/transform/resource/after-delombok/GetterOnMethod.java
./test/transform/resource/after-delombok/DelegateOnGetterNone.java
./test/transform/resource/after-delombok/GetterEnum.java
./test/transform/resource/after-delombok/ConflictingStaticConstructorNames.java
./test/transform/resource/after-delombok/SetterAlreadyExists.java
./buildScripts/src/lombok/website/WebUpToDate.java
./buildScripts/src/lombok/website/CompileChangelog.java
./experimental/src/lombok/javac/disableCheckedExceptions/DisableCheckedExceptionsAgent.java
