./ioke/src/test/java/cucumber/runtime/ioke/RunCukesTest.java
./ioke/src/test/java/cucumber/runtime/ioke/IokeSnippetTest.java
./ioke/src/main/java/cucumber/runtime/ioke/IokeSnippet.java
./ioke/src/main/java/cucumber/runtime/ioke/IokeBackend.java
./ioke/src/main/java/cucumber/runtime/ioke/IokeStepDefinition.java
./android/src/test/java/cucumber/runtime/android/InstrumentationArgumentsTest.java
./android/src/test/java/cucumber/runtime/android/AndroidInstrumentationReporterTest.java
./android/src/test/java/cucumber/runtime/android/TestCounterTest.java
./android/src/main/java/cucumber/api/android/CucumberInstrumentationCore.java
./android/src/main/java/cucumber/api/android/CucumberInstrumentation.java
./android/src/main/java/cucumber/runtime/android/AndroidObjectFactory.java
./android/src/main/java/cucumber/runtime/android/InstrumentationArguments.java
./android/src/main/java/cucumber/runtime/android/NoOpFormattingReporter.java
./android/src/main/java/cucumber/runtime/android/DexClassFinder.java
./android/src/main/java/cucumber/runtime/android/TestCaseCounter.java
./android/src/main/java/cucumber/runtime/android/AndroidLogcatReporter.java
./android/src/main/java/cucumber/runtime/android/MissingStepDefinitionError.java
./android/src/main/java/cucumber/runtime/android/AndroidResource.java
./android/src/main/java/cucumber/runtime/android/AndroidResourceLoader.java
./android/src/main/java/cucumber/runtime/android/AndroidInstrumentationReporter.java
./jython/src/test/java/cucumber/runtime/jython/JythonSnippetTest.java
./jython/src/test/java/cucumber/runtime/jythontest/RunCukesTest.java
./jython/src/main/java/cucumber/runtime/jython/JythonBackend.java
./jython/src/main/java/cucumber/runtime/jython/JythonHookDefinition.java
./jython/src/main/java/cucumber/runtime/jython/JythonStepDefinition.java
./jython/src/main/java/cucumber/runtime/jython/JythonSnippet.java
./clojure/src/test/java/cucumber/runtime/clojure/RunCukesTest.java
./clojure/src/test/java/cucumber/runtime/clojure/ClojureSnippetTest.java
./clojure/src/main/java/cucumber/runtime/clojure/Dummy.java
./needle/src/test/java/cucumber/runtime/java/needle/injection/DefaultInstanceInjectionProvider.java
./needle/src/test/java/cucumber/runtime/java/needle/injection/NamedInjectionProvider.java
./needle/src/test/java/cucumber/runtime/java/needle/RunCukesTest.java
./needle/src/test/java/cucumber/runtime/java/needle/config/ReadInjectionProviderClassNamesTest.java
./needle/src/test/java/cucumber/runtime/java/needle/config/CucumberNeedleConfigurationTest.java
./needle/src/test/java/cucumber/runtime/java/needle/config/LoadCucumberNeedleResourceBundleTest.java
./needle/src/test/java/cucumber/runtime/java/needle/config/CreateInstanceByDefaultConstructorTest.java
./needle/src/test/java/cucumber/runtime/java/needle/config/CollectInjectionProvidersFromStepsInstanceTest.java
./needle/src/test/java/cucumber/runtime/java/needle/test/atm/AtmService.java
./needle/src/test/java/cucumber/runtime/java/needle/test/atm/BicGetter.java
./needle/src/test/java/cucumber/runtime/java/needle/test/atm/AtmServiceBeanTest.java
./needle/src/test/java/cucumber/runtime/java/needle/test/atm/AtmServiceBean.java
./needle/src/test/java/cucumber/runtime/java/needle/test/injectionprovider/ValueGetter.java
./needle/src/test/java/cucumber/runtime/java/needle/test/injectionprovider/SimpleNameGetterProvider.java
./needle/src/test/java/cucumber/runtime/java/needle/test/injectionprovider/ValueInjectionProvider.java
./needle/src/test/java/cucumber/runtime/java/needle/test/injectionprovider/NameGetter.java
./needle/src/test/java/cucumber/runtime/java/needle/test/AtmWithdrawalSteps.java
./needle/src/test/java/cucumber/runtime/java/needle/test/AtmWithdrawalGlue.java
./needle/src/test/java/cucumber/runtime/java/needle/NeedleFactoryTest.java
./needle/src/main/java/cucumber/api/needle/InjectionProviderInstancesSupplier.java
./needle/src/main/java/cucumber/api/needle/NeedleInjectionProvider.java
./needle/src/main/java/cucumber/runtime/java/needle/config/CucumberNeedleConfiguration.java
./needle/src/main/java/cucumber/runtime/java/needle/config/CreateInstanceByDefaultConstructor.java
./needle/src/main/java/cucumber/runtime/java/needle/config/CollectInjectionProvidersFromStepsInstance.java
./needle/src/main/java/cucumber/runtime/java/needle/config/ReadInjectionProviderClassNames.java
./needle/src/main/java/cucumber/runtime/java/needle/config/LoadResourceBundle.java
./needle/src/main/java/cucumber/runtime/java/needle/NeedleFactory.java
./core/src/test/java/cucumber/runtime/ShellwordsTest.java
./core/src/test/java/cucumber/runtime/RuntimeOptionsFactoryTest.java
./core/src/test/java/cucumber/runtime/StopWatchTest.java
./core/src/test/java/cucumber/runtime/EnvTest.java
./core/src/test/java/cucumber/runtime/HookOrderTest.java
./core/src/test/java/cucumber/runtime/UndefinedStepsTrackerTest.java
./core/src/test/java/cucumber/runtime/TestHelper.java
./core/src/test/java/cucumber/runtime/JdkPatternArgumentMatcherTest.java
./core/src/test/java/cucumber/runtime/HookTest.java
./core/src/test/java/cucumber/runtime/annotations/SampleDateFormat.java
./core/src/test/java/cucumber/runtime/annotations/TransformToFortyTwo.java
./core/src/test/java/cucumber/runtime/annotations/CustomDelimiter.java
./core/src/test/java/cucumber/runtime/BackgroundTest.java
./core/src/test/java/cucumber/runtime/xstream/ConvertersTest.java
./core/src/test/java/cucumber/runtime/xstream/StandardConvertersTest.java
./core/src/test/java/cucumber/runtime/snippets/FunctionNameGeneratorTest.java
./core/src/test/java/cucumber/runtime/snippets/ArgumentPatternTest.java
./core/src/test/java/cucumber/runtime/FeatureBuilderTest.java
./core/src/test/java/cucumber/runtime/io/TestResourceIteratorFactory.java
./core/src/test/java/cucumber/runtime/io/FileResourceTest.java
./core/src/test/java/cucumber/runtime/io/DelegatingResourceIteratorFactoryTest.java
./core/src/test/java/cucumber/runtime/io/ResourceLoaderTest.java
./core/src/test/java/cucumber/runtime/io/URLOutputStreamTest.java
./core/src/test/java/cucumber/runtime/io/FlatteningIteratorTest.java
./core/src/test/java/cucumber/runtime/io/ClasspathIterableTest.java
./core/src/test/java/cucumber/runtime/io/TestResourceIterator.java
./core/src/test/java/cucumber/runtime/table/TableConverterTest.java
./core/src/test/java/cucumber/runtime/table/DataTableTest.java
./core/src/test/java/cucumber/runtime/table/CamelCaseStringConverterTest.java
./core/src/test/java/cucumber/runtime/table/FromDataTableTest.java
./core/src/test/java/cucumber/runtime/table/TableDifferTest.java
./core/src/test/java/cucumber/runtime/table/ToDataTableTest.java
./core/src/test/java/cucumber/runtime/table/TableParser.java
./core/src/test/java/cucumber/runtime/RuntimeTest.java
./core/src/test/java/cucumber/runtime/formatter/TempDir.java
./core/src/test/java/cucumber/runtime/formatter/UsageFormatterTest.java
./core/src/test/java/cucumber/runtime/formatter/HTMLFormatterTest.java
./core/src/test/java/cucumber/runtime/formatter/StepMatcher.java
./core/src/test/java/cucumber/runtime/formatter/AverageUsageStatisticStrategyTest.java
./core/src/test/java/cucumber/runtime/formatter/StubFormatter.java
./core/src/test/java/cucumber/runtime/formatter/JSONPrettyFormatterTest.java
./core/src/test/java/cucumber/runtime/formatter/MedianUsageStatisticStrategyTest.java
./core/src/test/java/cucumber/runtime/formatter/FormatterFactoryTest.java
./core/src/test/java/cucumber/runtime/formatter/CucumberPrettyFormatterTest.java
./core/src/test/java/cucumber/runtime/formatter/RerunFormatterTest.java
./core/src/test/java/cucumber/runtime/formatter/JUnitFormatterTest.java
./core/src/test/java/cucumber/runtime/StubStepDefinition.java
./core/src/test/java/cucumber/runtime/MethodFormatTest.java
./core/src/test/java/cucumber/runtime/TimeoutTest.java
./core/src/test/java/cucumber/runtime/RuntimeGlueTest.java
./core/src/test/java/cucumber/runtime/StatsTest.java
./core/src/test/java/cucumber/runtime/StepDefinitionMatchTest.java
./core/src/test/java/cucumber/runtime/model/CucumberScenarioOutlineTest.java
./core/src/test/java/cucumber/runtime/model/CucumberExamplesTest.java
./core/src/test/java/cucumber/runtime/model/PathWithLinesTest.java
./core/src/test/java/cucumber/runtime/model/CucumberFeatureTest.java
./core/src/test/java/cucumber/runtime/ParameterInfoTest.java
./core/src/test/java/cucumber/runtime/UtilsTest.java
./core/src/test/java/cucumber/runtime/ScenarioResultTest.java
./core/src/test/java/cucumber/runtime/autocomplete/StepdefGeneratorTest.java
./core/src/test/java/cucumber/runtime/RuntimeOptionsTest.java
./core/src/test/java/TopLevelClass.java
./core/src/main/java/cucumber/api/cli/Main.java
./core/src/main/java/cucumber/api/SnippetType.java
./core/src/main/java/cucumber/api/Transformer.java
./core/src/main/java/cucumber/api/Scenario.java
./core/src/main/java/cucumber/api/PendingException.java
./core/src/main/java/cucumber/api/Delimiter.java
./core/src/main/java/cucumber/api/Format.java
./core/src/main/java/cucumber/api/Pending.java
./core/src/main/java/cucumber/api/Transform.java
./core/src/main/java/cucumber/api/Transpose.java
./core/src/main/java/cucumber/api/DataTable.java
./core/src/main/java/cucumber/api/CucumberOptions.java
./core/src/main/java/cucumber/runtime/AmbiguousStepDefinitionsException.java
./core/src/main/java/cucumber/runtime/SummaryPrinter.java
./core/src/main/java/cucumber/runtime/Glue.java
./core/src/main/java/cucumber/runtime/RuntimeOptionsFactory.java
./core/src/main/java/cucumber/runtime/ClassFinder.java
./core/src/main/java/cucumber/runtime/FeatureBuilder.java
./core/src/main/java/cucumber/runtime/UndefinedStepException.java
./core/src/main/java/cucumber/runtime/CucumberException.java
./core/src/main/java/cucumber/runtime/Stats.java
./core/src/main/java/cucumber/runtime/StepDefinition.java
./core/src/main/java/cucumber/runtime/Utils.java
./core/src/main/java/cucumber/runtime/HookComparator.java
./core/src/main/java/cucumber/runtime/RuntimeGlue.java
./core/src/main/java/cucumber/runtime/xstream/LongConverter.java
./core/src/main/java/cucumber/runtime/xstream/MapWriter.java
./core/src/main/java/cucumber/runtime/xstream/ListConverter.java
./core/src/main/java/cucumber/runtime/xstream/SingleValueConverterWrapperExt.java
./core/src/main/java/cucumber/runtime/xstream/FloatConverter.java
./core/src/main/java/cucumber/runtime/xstream/BigIntegerConverter.java
./core/src/main/java/cucumber/runtime/xstream/LocalizedXStreams.java
./core/src/main/java/cucumber/runtime/xstream/DateConverter.java
./core/src/main/java/cucumber/runtime/xstream/ComplexTypeWriter.java
./core/src/main/java/cucumber/runtime/xstream/CalendarConverter.java
./core/src/main/java/cucumber/runtime/xstream/BigDecimalConverter.java
./core/src/main/java/cucumber/runtime/xstream/DynamicClassBasedSingleValueConverter.java
./core/src/main/java/cucumber/runtime/xstream/CellWriter.java
./core/src/main/java/cucumber/runtime/xstream/IntegerConverter.java
./core/src/main/java/cucumber/runtime/xstream/ListOfComplexTypeReader.java
./core/src/main/java/cucumber/runtime/xstream/DynamicEnumConverter.java
./core/src/main/java/cucumber/runtime/xstream/DoubleConverter.java
./core/src/main/java/cucumber/runtime/xstream/PatternConverter.java
./core/src/main/java/cucumber/runtime/xstream/ClassWithStringAssignableConstructorConverter.java
./core/src/main/java/cucumber/runtime/xstream/TimeConverter.java
./core/src/main/java/cucumber/runtime/xstream/ConverterWithNumberFormat.java
./core/src/main/java/cucumber/runtime/xstream/EnumConverter.java
./core/src/main/java/cucumber/runtime/xstream/ListOfSingleValueWriter.java
./core/src/main/java/cucumber/runtime/xstream/ShortConverter.java
./core/src/main/java/cucumber/runtime/xstream/DynamicClassWithStringAssignableConverter.java
./core/src/main/java/cucumber/runtime/xstream/ByteConverter.java
./core/src/main/java/cucumber/runtime/xstream/ConverterWithEnumFormat.java
./core/src/main/java/cucumber/runtime/xstream/ConverterWithFormat.java
./core/src/main/java/cucumber/runtime/StepDefinitionMatch.java
./core/src/main/java/cucumber/runtime/snippets/Concatenator.java
./core/src/main/java/cucumber/runtime/snippets/UnderscoreConcatenator.java
./core/src/main/java/cucumber/runtime/snippets/FunctionNameGenerator.java
./core/src/main/java/cucumber/runtime/snippets/Snippet.java
./core/src/main/java/cucumber/runtime/snippets/SnippetGenerator.java
./core/src/main/java/cucumber/runtime/snippets/CamelCaseConcatenator.java
./core/src/main/java/cucumber/runtime/snippets/ArgumentPattern.java
./core/src/main/java/cucumber/runtime/Runtime.java
./core/src/main/java/cucumber/runtime/Env.java
./core/src/main/java/cucumber/runtime/io/UTF8OutputStreamWriter.java
./core/src/main/java/cucumber/runtime/io/FileResource.java
./core/src/main/java/cucumber/runtime/io/ZipThenFileResourceIteratorFallback.java
./core/src/main/java/cucumber/runtime/io/FileResourceIterator.java
./core/src/main/java/cucumber/runtime/io/ClasspathIterable.java
./core/src/main/java/cucumber/runtime/io/FileResourceLoader.java
./core/src/main/java/cucumber/runtime/io/FileResourceIterable.java
./core/src/main/java/cucumber/runtime/io/FlatteningIterator.java
./core/src/main/java/cucumber/runtime/io/ZipResourceIterator.java
./core/src/main/java/cucumber/runtime/io/ZipResource.java
./core/src/main/java/cucumber/runtime/io/DelegatingResourceIteratorFactory.java
./core/src/main/java/cucumber/runtime/io/ResourceLoaderClassFinder.java
./core/src/main/java/cucumber/runtime/io/ResourceIteratorFactory.java
./core/src/main/java/cucumber/runtime/io/Resource.java
./core/src/main/java/cucumber/runtime/io/URLOutputStream.java
./core/src/main/java/cucumber/runtime/io/FileResourceIteratorFactory.java
./core/src/main/java/cucumber/runtime/io/MultiLoader.java
./core/src/main/java/cucumber/runtime/io/ResourceLoader.java
./core/src/main/java/cucumber/runtime/io/ClasspathResourceLoader.java
./core/src/main/java/cucumber/runtime/io/ZipResourceIteratorFactory.java
./core/src/main/java/cucumber/runtime/Timeout.java
./core/src/main/java/cucumber/runtime/ParameterInfo.java
./core/src/main/java/cucumber/runtime/table/TableConverter.java
./core/src/main/java/cucumber/runtime/table/StringConverter.java
./core/src/main/java/cucumber/runtime/table/CamelCaseStringConverter.java
./core/src/main/java/cucumber/runtime/table/TableDiffer.java
./core/src/main/java/cucumber/runtime/table/TableDiffException.java
./core/src/main/java/cucumber/runtime/table/DiffableRow.java
./core/src/main/java/cucumber/runtime/UnreportedStepExecutor.java
./core/src/main/java/cucumber/runtime/formatter/ProgressFormatter.java
./core/src/main/java/cucumber/runtime/formatter/NullFormatter.java
./core/src/main/java/cucumber/runtime/formatter/HTMLFormatter.java
./core/src/main/java/cucumber/runtime/formatter/CucumberJSONFormatter.java
./core/src/main/java/cucumber/runtime/formatter/RerunFormatter.java
./core/src/main/java/cucumber/runtime/formatter/UsageFormatter.java
./core/src/main/java/cucumber/runtime/formatter/StrictAware.java
./core/src/main/java/cucumber/runtime/formatter/FormatterFactory.java
./core/src/main/java/cucumber/runtime/formatter/JUnitFormatter.java
./core/src/main/java/cucumber/runtime/formatter/CucumberPrettyFormatter.java
./core/src/main/java/cucumber/runtime/formatter/ColorAware.java
./core/src/main/java/cucumber/runtime/StopWatch.java
./core/src/main/java/cucumber/runtime/RuntimeOptions.java
./core/src/main/java/cucumber/runtime/TooManyInstancesException.java
./core/src/main/java/cucumber/runtime/ScenarioImpl.java
./core/src/main/java/cucumber/runtime/Reflections.java
./core/src/main/java/cucumber/runtime/UndefinedStepsTracker.java
./core/src/main/java/cucumber/runtime/model/CucumberTagStatement.java
./core/src/main/java/cucumber/runtime/model/CucumberBackground.java
./core/src/main/java/cucumber/runtime/model/CucumberExamples.java
./core/src/main/java/cucumber/runtime/model/ExampleStep.java
./core/src/main/java/cucumber/runtime/model/CucumberScenario.java
./core/src/main/java/cucumber/runtime/model/StepContainer.java
./core/src/main/java/cucumber/runtime/model/CucumberScenarioOutline.java
./core/src/main/java/cucumber/runtime/model/CucumberFeature.java
./core/src/main/java/cucumber/runtime/model/PathWithLines.java
./core/src/main/java/cucumber/runtime/Shellwords.java
./core/src/main/java/cucumber/runtime/Backend.java
./core/src/main/java/cucumber/runtime/autocomplete/MetaStepdef.java
./core/src/main/java/cucumber/runtime/autocomplete/StepdefGenerator.java
./core/src/main/java/cucumber/runtime/JdkPatternArgumentMatcher.java
./core/src/main/java/cucumber/runtime/NoInstancesException.java
./core/src/main/java/cucumber/runtime/DuplicateStepDefinitionException.java
./core/src/main/java/cucumber/runtime/HookDefinition.java
./core/src/main/java/cucumber/runtime/MethodFormat.java
./junit/src/test/java/cucumber/annotation/DummyWhen.java
./junit/src/test/java/cucumber/runtime/junit/ExecutionUnitRunnerTest.java
./junit/src/test/java/cucumber/runtime/junit/RunCukesTest.java
./junit/src/test/java/cucumber/runtime/junit/SanityTest.java
./junit/src/test/java/cucumber/runtime/junit/CucumberTest.java
./junit/src/test/java/cucumber/runtime/junit/JUnitReporterTest.java
./junit/src/test/java/cucumber/runtime/stub/StubBackend.java
./junit/src/main/java/cucumber/api/junit/Cucumber.java
./junit/src/main/java/cucumber/runtime/junit/Assertions.java
./junit/src/main/java/cucumber/runtime/junit/JUnitReporter.java
./junit/src/main/java/cucumber/runtime/junit/ExamplesRunner.java
./junit/src/main/java/cucumber/runtime/junit/ScenarioOutlineRunner.java
./junit/src/main/java/cucumber/runtime/junit/SanityChecker.java
./junit/src/main/java/cucumber/runtime/junit/ExecutionUnitRunner.java
./junit/src/main/java/cucumber/runtime/junit/FeatureRunner.java
./weld/src/test/java/cucumber/runtime/java/weld/RunCukesTest.java
./weld/src/test/java/cucumber/runtime/java/weld/Belly.java
./weld/src/test/java/cucumber/runtime/java/weld/UnusedGlue.java
./weld/src/test/java/cucumber/runtime/java/weld/WeldFactoryTest.java
./weld/src/test/java/cucumber/runtime/java/weld/BellyStepdefs.java
./weld/src/main/java/cucumber/api/weld/README.java
./weld/src/main/java/cucumber/runtime/java/weld/WeldFactory.java
./groovy/src/test/java/cucumber/runtime/groovy/RunCukesTest.java
./groovy/src/test/java/cucumber/runtime/groovy/GroovySnippetTest.java
./groovy/src/test/java/cucumber/runtime/groovy/GroovyWorldTest.java
./groovy/src/test/java/cucumber/runtime/groovy/GroovyBackendTest.java
./groovy/src/test/java/cucumber/runtime/groovy/ParallelTest.java
./groovy/src/main/java/cucumber/api/groovy/Hooks.java
./groovy/src/main/java/cucumber/runtime/groovy/GroovyStepDefinition.java
./groovy/src/main/java/cucumber/runtime/groovy/GroovyWorld.java
./groovy/src/main/java/cucumber/runtime/groovy/GroovyBackend.java
./groovy/src/main/java/cucumber/runtime/groovy/GroovySnippet.java
./groovy/src/main/java/cucumber/runtime/groovy/GroovyHookDefinition.java
./jruby/src/test/java/cucumber/runtime/jrubytest/RunCukesTest.java
./jruby/src/test/java/cucumber/runtime/jruby/JRubySnippetTest.java
./jruby/src/main/java/cucumber/api/jruby/README.java
./jruby/src/main/java/cucumber/runtime/jruby/JRubyWorldDefinition.java
./jruby/src/main/java/cucumber/runtime/jruby/JRubyStepDefinition.java
./jruby/src/main/java/cucumber/runtime/jruby/JRubyBackend.java
./jruby/src/main/java/cucumber/runtime/jruby/JRubyHookDefinition.java
./jruby/src/main/java/cucumber/runtime/jruby/JRubySnippet.java
./jruby/src/main/java/cucumber/runtime/jruby/World.java
./java/src/test/java/cucumber/runtime/java/incorrectlysubclassedstepdefs/SubclassesStepdefs.java
./java/src/test/java/cucumber/runtime/java/JavaHookTest.java
./java/src/test/java/cucumber/runtime/java/JavaStepDefinitionTest.java
./java/src/test/java/cucumber/runtime/java/JavaBackendTest.java
./java/src/test/java/cucumber/runtime/java/SingletonFactory.java
./java/src/test/java/cucumber/runtime/java/test/SubstitutionStepdefs.java
./java/src/test/java/cucumber/runtime/java/test/Stepdefs.java
./java/src/test/java/cucumber/runtime/java/test/ScenarioStepDefs.java
./java/src/test/java/cucumber/runtime/java/test/RunCukesTest.java
./java/src/test/java/cucumber/runtime/java/test/UnusedGlue.java
./java/src/test/java/cucumber/runtime/java/JavaObjectFactoryTest.java
./java/src/test/java/cucumber/runtime/java/MethodScannerTest.java
./java/src/test/java/cucumber/runtime/java/stepdefs/Stepdefs.java
./java/src/test/java/cucumber/runtime/java/JavaSnippetTest.java
./java/src/main/java/cucumber/api/java/Before.java
./java/src/main/java/cucumber/api/java/After.java
./java/src/main/java/cucumber/runtime/java/MethodScanner.java
./java/src/main/java/cucumber/runtime/java/ObjectFactory.java
./java/src/main/java/cucumber/runtime/java/DefaultJavaObjectFactory.java
./java/src/main/java/cucumber/runtime/java/JavaSnippet.java
./java/src/main/java/cucumber/runtime/java/JavaStepDefinition.java
./java/src/main/java/cucumber/runtime/java/StepDefAnnotation.java
./java/src/main/java/cucumber/runtime/java/JavaHookDefinition.java
./java/src/main/java/cucumber/runtime/java/JavaBackend.java
./picocontainer/src/test/java/cucumber/runtime/java/picocontainer/RunCukesTest.java
./picocontainer/src/test/java/cucumber/runtime/java/picocontainer/SanityTest.java
./picocontainer/src/test/java/cucumber/runtime/java/picocontainer/EnumsSteps.java
./picocontainer/src/test/java/cucumber/runtime/java/picocontainer/UnusedGlue.java
./picocontainer/src/test/java/cucumber/runtime/java/picocontainer/DatesSteps.java
./picocontainer/src/test/java/cucumber/runtime/java/picocontainer/PicoFactoryTest.java
./picocontainer/src/test/java/cucumber/runtime/java/picocontainer/SomeTest.java
./picocontainer/src/test/java/cucumber/runtime/java/picocontainer/StepDefs.java
./picocontainer/src/main/java/cucumber/api/picocontainer/README.java
./picocontainer/src/main/java/cucumber/runtime/java/picocontainer/PicoFactory.java
./rhino/src/test/java/cucumber/runtime/rhinotest/RunCukesTest.java
./rhino/src/test/java/cucumber/runtime/rhino/RhinoHooksTest.java
./rhino/src/test/java/cucumber/runtime/rhino/JavaScriptSnippetTest.java
./rhino/src/main/java/cucumber/api/rhino/README.java
./rhino/src/main/java/cucumber/runtime/rhino/RhinoHookDefinition.java
./rhino/src/main/java/cucumber/runtime/rhino/RhinoStepDefinition.java
./rhino/src/main/java/cucumber/runtime/rhino/JavaScriptSnippet.java
./rhino/src/main/java/cucumber/runtime/rhino/RhinoBackend.java
./examples/java-calculator-testng/src/test/java/cucumber/examples/java/calculator/RpnCalculatorStepdefs.java
./examples/java-calculator-testng/src/test/java/cucumber/examples/java/calculator/RunCukesTest.java
./examples/java-calculator-testng/src/test/java/cucumber/examples/java/calculator/ShoppingStepdefs.java
./examples/java-calculator-testng/src/test/java/cucumber/examples/java/calculator/DateStepdefs.java
./examples/java-calculator-testng/src/test/java/cucumber/examples/java/calculator/RunCukesByCompositionBase.java
./examples/java-calculator-testng/src/test/java/cucumber/examples/java/calculator/RunCukesByCompositionTest.java
./examples/java-calculator-testng/src/main/java/cucumber/examples/java/calculator/DateCalculator.java
./examples/java-calculator-testng/src/main/java/cucumber/examples/java/calculator/RpnCalculator.java
./examples/java-wicket/java-wicket-main/src/test/java/cucumber/examples/java/wicket/RentCarTest.java
./examples/java-wicket/java-wicket-main/src/main/java/cucumber/examples/java/wicket/Application.java
./examples/java-wicket/java-wicket-main/src/main/java/cucumber/examples/java/wicket/view/Available.java
./examples/java-wicket/java-wicket-main/src/main/java/cucumber/examples/java/wicket/view/Create.java
./examples/java-wicket/java-wicket-main/src/main/java/cucumber/examples/java/wicket/view/Rent.java
./examples/java-wicket/java-wicket-main/src/main/java/cucumber/examples/java/wicket/model/entity/Car.java
./examples/java-wicket/java-wicket-main/src/main/java/cucumber/examples/java/wicket/model/dao/InMemoryCarDAO.java
./examples/java-wicket/java-wicket-main/src/main/java/cucumber/examples/java/wicket/model/dao/CarDAO.java
./examples/java-wicket/java-wicket-test/src/test/java/cucumber/examples/java/wicket/steps/RentACarSupport.java
./examples/java-wicket/java-wicket-test/src/test/java/cucumber/examples/java/wicket/steps/RentStepdefs.java
./examples/java-wicket/java-wicket-test/src/test/java/cucumber/examples/java/wicket/RunCukesIT.java
./examples/android/android-test/src/cucumber/example/android/test/SomeDependency.java
./examples/android/android-test/src/cucumber/example/android/test/CucumberActivitySteps.java
./examples/android/android-test/src/cucumber/example/android/test/CucumberActivity.java
./examples/android/cukeulator-test/src/cucumber/example/android/cukeulator/test/CalculatorActivitySteps.java
./examples/android/cukeulator-test/src/cucumber/example/android/cukeulator/test/SomeDependency.java
./examples/android/cukeulator-test/src/cucumber/example/android/cukeulator/test/Utils.java
./examples/android/cukeulator/src/cucumber/example/android/cukeulator/CalculatorActivity.java
./examples/java-calculator/src/test/java/cucumber/examples/java/calculator/RpnCalculatorStepdefs.java
./examples/java-calculator/src/test/java/cucumber/examples/java/calculator/RunCukesTest.java
./examples/java-calculator/src/test/java/cucumber/examples/java/calculator/ShoppingStepdefs.java
./examples/java-calculator/src/test/java/cucumber/examples/java/calculator/DateStepdefs.java
./examples/java-calculator/src/main/java/cucumber/examples/java/calculator/DateCalculator.java
./examples/java-calculator/src/main/java/cucumber/examples/java/calculator/RpnCalculator.java
./examples/java-gradle/src/test/java/gradle/cucumber/RunCukesTest.java
./examples/java-gradle/src/test/java/gradle/cucumber/BasicStepdefs.java
./examples/java-gradle/src/main/java/gradle/cucumber/Production.java
./examples/spring-txn/src/test/java/cucumber/examples/spring/txn/RunCukesTest.java
./examples/spring-txn/src/test/java/cucumber/examples/spring/txn/mock/SpringMockFactory.java
./examples/spring-txn/src/test/java/cucumber/examples/spring/txn/SeeMessagesStepdefs.java
./examples/spring-txn/src/test/java/cucumber/examples/spring/txn/UserStepdefs.java
./examples/spring-txn/src/main/java/cucumber/examples/spring/txn/User.java
./examples/spring-txn/src/main/java/cucumber/examples/spring/txn/MessageRepository.java
./examples/spring-txn/src/main/java/cucumber/examples/spring/txn/UserRepository.java
./examples/spring-txn/src/main/java/cucumber/examples/spring/txn/web/UserController.java
./examples/spring-txn/src/main/java/cucumber/examples/spring/txn/Message.java
./examples/java-webbit-websockets-selenium/src/test/java/cucumber/examples/java/websockets/TemperatureStepdefs.java
./examples/java-webbit-websockets-selenium/src/test/java/cucumber/examples/java/websockets/SharedDriver.java
./examples/java-webbit-websockets-selenium/src/test/java/cucumber/examples/java/websockets/RunCukesTest.java
./examples/java-webbit-websockets-selenium/src/test/java/cucumber/examples/java/websockets/NavigationStepdefs.java
./examples/java-webbit-websockets-selenium/src/test/java/cucumber/examples/java/websockets/ServerHooks.java
./examples/java-webbit-websockets-selenium/src/main/java/cucumber/examples/java/websockets/TemperatureServer.java
./examples/groovy-calculator/src/test/java/calc/RunCukesTest.java
./examples/groovy-calculator/src/main/java/calc/Calculator.java
./spring/src/test/java/cucumber/runtime/java/spring/hooks/SpringTransactionHooksTest.java
./spring/src/test/java/cucumber/runtime/java/spring/SpringFactoryTest.java
./spring/src/test/java/cucumber/runtime/java/spring/beans/TestController.java
./spring/src/test/java/cucumber/runtime/java/spring/beans/Belly.java
./spring/src/test/java/cucumber/runtime/java/spring/beans/BellyBean.java
./spring/src/test/java/cucumber/runtime/java/spring/beans/DummyComponent.java
./spring/src/test/java/cucumber/runtime/java/spring/beans/PlatformTransactionManagerImpl.java
./spring/src/test/java/cucumber/runtime/java/spring/contextconfig/RunCukesTest.java
./spring/src/test/java/cucumber/runtime/java/spring/contextconfig/WithSpringAnnotations.java
./spring/src/test/java/cucumber/runtime/java/spring/contextconfig/BellyStepdefs.java
./spring/src/test/java/cucumber/runtime/java/spring/contexthierarchyconfig/WithDifferentContextHierarchyAnnotation.java
./spring/src/test/java/cucumber/runtime/java/spring/contexthierarchyconfig/WithContextHierarchyAnnotation.java
./spring/src/test/java/cucumber/runtime/java/spring/webappconfig/RunCukesTest.java
./spring/src/test/java/cucumber/runtime/java/spring/webappconfig/SpringInjectionStepDefs.java
./spring/src/test/java/cucumber/runtime/java/spring/dirtiescontextconfig/RunCukesTest.java
./spring/src/test/java/cucumber/runtime/java/spring/dirtiescontextconfig/DirtiesContextBellyStepDefs.java
./spring/src/test/java/cucumber/runtime/java/spring/commonglue/OneStepDef.java
./spring/src/test/java/cucumber/runtime/java/spring/commonglue/AutowiresThirdStepDef.java
./spring/src/test/java/cucumber/runtime/java/spring/commonglue/ThirdStepDef.java
./spring/src/test/java/cucumber/runtime/java/spring/commonglue/UnusedGlue.java
./spring/src/test/java/cucumber/runtime/java/spring/commonglue/AnotherStepDef.java
./spring/src/test/java/cucumber/runtime/java/spring/commonglue/AutowiresPlatformTransactionManager.java
./spring/src/test/java/cucumber/runtime/java/spring/commonglue/TransactionStepDefs.java
./spring/src/main/java/cucumber/api/spring/SpringTransactionHooks.java
./spring/src/main/java/cucumber/runtime/java/spring/SpringFactory.java
./spring/src/main/java/cucumber/runtime/java/spring/GlueCodeScope.java
./spring/src/main/java/cucumber/runtime/java/spring/GlueCodeContext.java
./gosu/src/test/java/cucumber/runtime/gosu/test/RunCukesTest.java
./gosu/src/test/java/cucumber/runtime/gosu/GosuSnippetTest.java
./gosu/src/main/java/cucumber/runtime/gosu/GosuStepDefinition.java
./gosu/src/main/java/cucumber/runtime/gosu/GosuSnippet.java
./gosu/src/main/java/cucumber/runtime/gosu/GlueSource.java
./gosu/src/main/java/cucumber/runtime/gosu/GosuBackend.java
./testng/src/test/java/cucumber/api/testng/TestNGCucumberRunnerTest.java
./testng/src/test/java/cucumber/runtime/testng/RunCukesTest.java
./testng/src/test/java/cucumber/runtime/testng/RunCukesStrict.java
./testng/src/test/java/cucumber/runtime/stub/StubBackend.java
./testng/src/main/java/cucumber/api/testng/TestNgReporter.java
./testng/src/main/java/cucumber/api/testng/TestNGCucumberRunner.java
./testng/src/main/java/cucumber/api/testng/AbstractTestNGCucumberTests.java
./openejb/src/test/java/cucumber/runtime/java/openejb/OpenEJBObjectFactoryTest.java
./openejb/src/test/java/cucumber/runtime/java/openejb/RunCukesTest.java
./openejb/src/test/java/cucumber/runtime/java/openejb/Belly.java
./openejb/src/test/java/cucumber/runtime/java/openejb/UnusedGlue.java
./openejb/src/test/java/cucumber/runtime/java/openejb/BellyStepdefs.java
./openejb/src/main/java/cucumber/api/openejb/README.java
./openejb/src/main/java/cucumber/runtime/java/openejb/OpenEJBObjectFactory.java
./guice/src/test/java/cucumber/runtime/java/guice/integration/ScenarioScopedObject.java
./guice/src/test/java/cucumber/runtime/java/guice/integration/SingletonScopedSteps.java
./guice/src/test/java/cucumber/runtime/java/guice/integration/RunCukesTest.java
./guice/src/test/java/cucumber/runtime/java/guice/integration/YourModule.java
./guice/src/test/java/cucumber/runtime/java/guice/integration/UnusedGlue.java
./guice/src/test/java/cucumber/runtime/java/guice/integration/UnScopedObject.java
./guice/src/test/java/cucumber/runtime/java/guice/integration/SingletonObject.java
./guice/src/test/java/cucumber/runtime/java/guice/integration/HelloWorldSteps.java
./guice/src/test/java/cucumber/runtime/java/guice/integration/UnScopedSteps.java
./guice/src/test/java/cucumber/runtime/java/guice/integration/ScenarioScopedSteps.java
./guice/src/test/java/cucumber/runtime/java/guice/integration/YourInjectorSource.java
./guice/src/test/java/cucumber/runtime/java/guice/matcher/ElementsAreAllMatcher.java
./guice/src/test/java/cucumber/runtime/java/guice/matcher/ElementsAreAllUniqueMatcherTest.java
./guice/src/test/java/cucumber/runtime/java/guice/matcher/ElementsAreAllUniqueMatcher.java
./guice/src/test/java/cucumber/runtime/java/guice/matcher/ElementsAreAllEqualMatcher.java
./guice/src/test/java/cucumber/runtime/java/guice/matcher/ElementsAreAllEqualMatcherTest.java
./guice/src/test/java/cucumber/runtime/java/guice/matcher/AbstractMatcherTest.java
./guice/src/test/java/cucumber/runtime/java/guice/collection/CollectionUtilTest.java
./guice/src/test/java/cucumber/runtime/java/guice/collection/CollectionUtil.java
./guice/src/test/java/cucumber/runtime/java/guice/impl/PropertiesLoaderTest.java
./guice/src/test/java/cucumber/runtime/java/guice/impl/GuiceFactoryTest.java
./guice/src/test/java/cucumber/runtime/java/guice/impl/InjectorSourceFactoryTest.java
./guice/src/main/java/cucumber/api/guice/README.java
./guice/src/main/java/cucumber/api/guice/CucumberScopes.java
./guice/src/main/java/cucumber/api/guice/CucumberModules.java
./guice/src/main/java/cucumber/runtime/java/guice/InjectorSource.java
./guice/src/main/java/cucumber/runtime/java/guice/impl/InjectorSourceInstantiationFailed.java
./guice/src/main/java/cucumber/runtime/java/guice/impl/GuiceFactory.java
./guice/src/main/java/cucumber/runtime/java/guice/impl/PropertiesLoader.java
./guice/src/main/java/cucumber/runtime/java/guice/impl/SequentialScenarioScope.java
./guice/src/main/java/cucumber/runtime/java/guice/impl/InjectorSourceFactory.java
./guice/src/main/java/cucumber/runtime/java/guice/impl/ScenarioModule.java
./guice/src/main/java/cucumber/runtime/java/guice/ScenarioScope.java
./guice/src/main/java/cucumber/runtime/java/guice/ScenarioScoped.java
