./rxjava-core/src/perf/java/rx/jmh/Baseline.java
./rxjava-core/src/perf/java/rx/archive/perf/IntegerSumObserver.java
./rxjava-core/src/perf/java/rx/archive/perf/AbstractPerformanceTester.java
./rxjava-core/src/perf/java/rx/archive/perf/LongSumObserver.java
./rxjava-core/src/perf/java/rx/archive/composition/RangeMapTakeOnNextPerf.java
./rxjava-core/src/perf/java/rx/archive/performance/PerformanceTest.java
./rxjava-core/src/perf/java/rx/archive/performance/TestChainPerformance.java
./rxjava-core/src/perf/java/rx/archive/operators/OperatorMapPerformance.java
./rxjava-core/src/perf/java/rx/archive/operators/OperatorZipPerformance.java
./rxjava-core/src/perf/java/rx/archive/operators/OperatorObserveOnPerformance.java
./rxjava-core/src/perf/java/rx/archive/operators/OperatorRangePerformance.java
./rxjava-core/src/perf/java/rx/archive/operators/OperatorParallelPerformance.java
./rxjava-core/src/perf/java/rx/archive/operators/OperatorMergePerformance.java
./rxjava-core/src/perf/java/rx/archive/operators/OperatorSerializePerformance.java
./rxjava-core/src/perf/java/rx/archive/operators/OperatorTakePerformance.java
./rxjava-core/src/perf/java/rx/archive/operators/OperatorFromIterablePerformance.java
./rxjava-core/src/perf/java/rx/archive/subjects/SubjectPerformanceTests.java
./rxjava-core/src/perf/java/rx/archive/schedulers/SchedulerPerformanceTests.java
./rxjava-core/src/perf/java/rx/archive/schedulers/TestRecursionMemoryUsage.java
./rxjava-core/src/perf/java/rx/archive/subscriptions/CompositeSubscriptionAddRemovePerf.java
./rxjava-core/src/perf/java/rx/archive/ObservableCreatePerformance.java
./rxjava-core/src/perf/java/rx/operators/OperatorSerializePerf.java
./rxjava-core/src/perf/java/rx/operators/OperatorMapPerf.java
./rxjava-core/src/perf/java/rx/subjects/ReplaySubjectPerf.java
./rxjava-core/src/test/java/rx/util/AssertObservableTest.java
./rxjava-core/src/test/java/rx/util/AssertObservable.java
./rxjava-core/src/test/java/rx/exceptions/CompositeExceptionTest.java
./rxjava-core/src/test/java/rx/exceptions/ExceptionsTest.java
./rxjava-core/src/test/java/rx/ObservableWindowTests.java
./rxjava-core/src/test/java/rx/MergeTests.java
./rxjava-core/src/test/java/rx/ErrorHandlingTests.java
./rxjava-core/src/test/java/rx/RefCountTests.java
./rxjava-core/src/test/java/rx/ObservableTests.java
./rxjava-core/src/test/java/rx/ThrottleLastTests.java
./rxjava-core/src/test/java/rx/IntervalDemo.java
./rxjava-core/src/test/java/rx/ZipTests.java
./rxjava-core/src/test/java/rx/operators/OperationUsingTest.java
./rxjava-core/src/test/java/rx/operators/BlockingOperatorLatestTest.java
./rxjava-core/src/test/java/rx/operators/OperationOnErrorResumeNextViaObservableTest.java
./rxjava-core/src/test/java/rx/operators/OperatorTimeoutTests.java
./rxjava-core/src/test/java/rx/operators/OperationDelayTest.java
./rxjava-core/src/test/java/rx/operators/OperationWindowTest.java
./rxjava-core/src/test/java/rx/operators/OperatorDistinctUntilChangedTest.java
./rxjava-core/src/test/java/rx/operators/OperationParallelMergeTest.java
./rxjava-core/src/test/java/rx/operators/OperationMergeDelayErrorTest.java
./rxjava-core/src/test/java/rx/operators/OperationSkipWhileTest.java
./rxjava-core/src/test/java/rx/operators/SafeSubscriberTest.java
./rxjava-core/src/test/java/rx/operators/OperatorToObservableSortedListTest.java
./rxjava-core/src/test/java/rx/operators/OperatorSubscribeOnTest.java
./rxjava-core/src/test/java/rx/operators/OperationSkipUntilTest.java
./rxjava-core/src/test/java/rx/operators/OperatorOnErrorResumeNextViaFunctionTest.java
./rxjava-core/src/test/java/rx/operators/OperationReduceTest.java
./rxjava-core/src/test/java/rx/operators/OperationMulticastTest.java
./rxjava-core/src/test/java/rx/operators/OperatorZipIterableTest.java
./rxjava-core/src/test/java/rx/operators/OperatorAllTest.java
./rxjava-core/src/test/java/rx/operators/OperationTimeIntervalTest.java
./rxjava-core/src/test/java/rx/operators/OperatorTakeTest.java
./rxjava-core/src/test/java/rx/operators/OperationTakeUntilTest.java
./rxjava-core/src/test/java/rx/operators/OperatorZipTest.java
./rxjava-core/src/test/java/rx/operators/OperatorMapTest.java
./rxjava-core/src/test/java/rx/operators/OperationSwitchTest.java
./rxjava-core/src/test/java/rx/operators/OperatorLastTest.java
./rxjava-core/src/test/java/rx/operators/OperatorFirstTest.java
./rxjava-core/src/test/java/rx/operators/OperationTakeTimedTest.java
./rxjava-core/src/test/java/rx/operators/OperationTimerTest.java
./rxjava-core/src/test/java/rx/operators/OperationGroupJoinTest.java
./rxjava-core/src/test/java/rx/operators/OperationTakeWhileTest.java
./rxjava-core/src/test/java/rx/operators/OperatorElementAtTest.java
./rxjava-core/src/test/java/rx/operators/OperatorMergeTest.java
./rxjava-core/src/test/java/rx/operators/OperationOnErrorReturnTest.java
./rxjava-core/src/test/java/rx/operators/OperationThrottleFirstTest.java
./rxjava-core/src/test/java/rx/operators/OperatorFinallyTest.java
./rxjava-core/src/test/java/rx/operators/OperatorDeferTest.java
./rxjava-core/src/test/java/rx/operators/OperatorTimestampTest.java
./rxjava-core/src/test/java/rx/operators/OperatorSkipLastTest.java
./rxjava-core/src/test/java/rx/operators/OperationDebounceTest.java
./rxjava-core/src/test/java/rx/operators/OperatorToObservableFutureTest.java
./rxjava-core/src/test/java/rx/operators/BlockingOperatorToIteratorTest.java
./rxjava-core/src/test/java/rx/operators/OperatorDefaultIfEmptyTest.java
./rxjava-core/src/test/java/rx/operators/OperatorAnyTest.java
./rxjava-core/src/test/java/rx/operators/OperatorRepeatTest.java
./rxjava-core/src/test/java/rx/operators/OperatorSkipLastTimedTest.java
./rxjava-core/src/test/java/rx/operators/OperationGroupByUntilTest.java
./rxjava-core/src/test/java/rx/operators/OperationReplayTest.java
./rxjava-core/src/test/java/rx/operators/OperationBufferTest.java
./rxjava-core/src/test/java/rx/operators/OperatorUnsubscribeOnTest.java
./rxjava-core/src/test/java/rx/operators/OperationSkipTest.java
./rxjava-core/src/test/java/rx/operators/OperatorRetryTest.java
./rxjava-core/src/test/java/rx/operators/OperatorToObservableListTest.java
./rxjava-core/src/test/java/rx/operators/OperatorConcatTest.java
./rxjava-core/src/test/java/rx/operators/OperatorGroupByTest.java
./rxjava-core/src/test/java/rx/operators/OperationJoinTest.java
./rxjava-core/src/test/java/rx/operators/OperatorSkipTest.java
./rxjava-core/src/test/java/rx/operators/OperatorObserveOnTest.java
./rxjava-core/src/test/java/rx/operators/OperatorTimeoutWithSelectorTest.java
./rxjava-core/src/test/java/rx/operators/OperatorPivotTest.java
./rxjava-core/src/test/java/rx/operators/OnSubscribeRangeTest.java
./rxjava-core/src/test/java/rx/operators/OperatorSingleTest.java
./rxjava-core/src/test/java/rx/operators/OperationToMapTest.java
./rxjava-core/src/test/java/rx/operators/OperatorMaterializeTest.java
./rxjava-core/src/test/java/rx/operators/BlockingOperatorNextTest.java
./rxjava-core/src/test/java/rx/operators/OperationOnExceptionResumeNextViaObservableTest.java
./rxjava-core/src/test/java/rx/operators/BlockingOperatorToFutureTest.java
./rxjava-core/src/test/java/rx/operators/OperationMergeMaxConcurrentTest.java
./rxjava-core/src/test/java/rx/operators/OperatorDoOnEachTest.java
./rxjava-core/src/test/java/rx/operators/OperatorCombineLatestTest.java
./rxjava-core/src/test/java/rx/operators/OperatorOnErrorFlatMapTest.java
./rxjava-core/src/test/java/rx/operators/OperatorMergeMapTest.java
./rxjava-core/src/test/java/rx/operators/OperationZipTestCompletion.java
./rxjava-core/src/test/java/rx/operators/OperationToMultimapTest.java
./rxjava-core/src/test/java/rx/operators/OperationSampleTest.java
./rxjava-core/src/test/java/rx/operators/OperatorAmbTest.java
./rxjava-core/src/test/java/rx/operators/OperatorParallelTest.java
./rxjava-core/src/test/java/rx/operators/OperatorFilterTest.java
./rxjava-core/src/test/java/rx/operators/BlockingOperatorMostRecentTest.java
./rxjava-core/src/test/java/rx/operators/OperatorScanTest.java
./rxjava-core/src/test/java/rx/operators/OperatorCastTest.java
./rxjava-core/src/test/java/rx/operators/OperatorFromIterableTest.java
./rxjava-core/src/test/java/rx/operators/OperationIntervalTest.java
./rxjava-core/src/test/java/rx/operators/OperatorDematerializeTest.java
./rxjava-core/src/test/java/rx/operators/OperatorCacheTest.java
./rxjava-core/src/test/java/rx/operators/SafeObservableSubscriptionTest.java
./rxjava-core/src/test/java/rx/operators/OperatorAsObservableTest.java
./rxjava-core/src/test/java/rx/operators/OperatorDistinctTest.java
./rxjava-core/src/test/java/rx/operators/OperationSequenceEqualTests.java
./rxjava-core/src/test/java/rx/operators/OperatorSerializeTest.java
./rxjava-core/src/test/java/rx/operators/OperationTakeLastTest.java
./rxjava-core/src/test/java/rx/StartWithTests.java
./rxjava-core/src/test/java/rx/GroupByTests.java
./rxjava-core/src/test/java/rx/test/OperatorTester.java
./rxjava-core/src/test/java/rx/ThrottleFirstTests.java
./rxjava-core/src/test/java/rx/ReduceTests.java
./rxjava-core/src/test/java/rx/EventStream.java
./rxjava-core/src/test/java/rx/ScanTests.java
./rxjava-core/src/test/java/rx/plugins/RxJavaPluginsTest.java
./rxjava-core/src/test/java/rx/subjects/ReplaySubjectTest.java
./rxjava-core/src/test/java/rx/subjects/ReplaySubjectConcurrencyTest.java
./rxjava-core/src/test/java/rx/subjects/PublishSubjectTest.java
./rxjava-core/src/test/java/rx/subjects/BehaviorSubjectTest.java
./rxjava-core/src/test/java/rx/subjects/AsyncSubjectTest.java
./rxjava-core/src/test/java/rx/CovarianceTest.java
./rxjava-core/src/test/java/rx/schedulers/TestSchedulerTest.java
./rxjava-core/src/test/java/rx/schedulers/ComputationSchedulerTests.java
./rxjava-core/src/test/java/rx/schedulers/NewThreadSchedulerTest.java
./rxjava-core/src/test/java/rx/schedulers/AbstractSchedulerConcurrencyTests.java
./rxjava-core/src/test/java/rx/schedulers/AbstractSchedulerTests.java
./rxjava-core/src/test/java/rx/schedulers/ImmediateSchedulerTest.java
./rxjava-core/src/test/java/rx/schedulers/TrampolineSchedulerTest.java
./rxjava-core/src/test/java/rx/subscriptions/CompositeSubscriptionTest.java
./rxjava-core/src/test/java/rx/subscriptions/SubscriptionsTest.java
./rxjava-core/src/test/java/rx/subscriptions/MultipleAssignmentSubscriptionTest.java
./rxjava-core/src/test/java/rx/subscriptions/SerialSubscriptionTests.java
./rxjava-core/src/test/java/rx/subscriptions/RefCountSubscriptionTest.java
./rxjava-core/src/test/java/rx/observables/BlockingObservableTest.java
./rxjava-core/src/test/java/rx/CombineLatestTests.java
./rxjava-core/src/test/java/rx/ThrottleWithTimeoutTests.java
./rxjava-core/src/test/java/rx/ObservableDoOnTest.java
./rxjava-core/src/test/java/rx/observers/SerializedObserverTest.java
./rxjava-core/src/test/java/rx/observers/SafeObserverTest.java
./rxjava-core/src/test/java/rx/observers/TestSubscriberTest.java
./rxjava-core/src/test/java/rx/observers/TestObserverTest.java
./rxjava-core/src/test/java/rx/ConcatTests.java
./rxjava-core/src/main/java/rx/exceptions/OnErrorThrowable.java
./rxjava-core/src/main/java/rx/exceptions/OnErrorNotImplementedException.java
./rxjava-core/src/main/java/rx/exceptions/Exceptions.java
./rxjava-core/src/main/java/rx/exceptions/OnErrorFailedException.java
./rxjava-core/src/main/java/rx/exceptions/CompositeException.java
./rxjava-core/src/main/java/rx/Observer.java
./rxjava-core/src/main/java/rx/Subscriber.java
./rxjava-core/src/main/java/rx/Observable.java
./rxjava-core/src/main/java/rx/operators/BlockingOperatorToIterator.java
./rxjava-core/src/main/java/rx/operators/OperatorDistinctUntilChanged.java
./rxjava-core/src/main/java/rx/operators/OperationGroupJoin.java
./rxjava-core/src/main/java/rx/operators/OperationMergeMaxConcurrent.java
./rxjava-core/src/main/java/rx/operators/OperationWindow.java
./rxjava-core/src/main/java/rx/operators/BlockingOperatorMostRecent.java
./rxjava-core/src/main/java/rx/operators/OperatorRetry.java
./rxjava-core/src/main/java/rx/operators/OperationToMap.java
./rxjava-core/src/main/java/rx/operators/BlockingOperatorToFuture.java
./rxjava-core/src/main/java/rx/operators/OperationTakeTimed.java
./rxjava-core/src/main/java/rx/operators/OperationOnExceptionResumeNextViaObservable.java
./rxjava-core/src/main/java/rx/operators/OperationSample.java
./rxjava-core/src/main/java/rx/operators/OperatorScan.java
./rxjava-core/src/main/java/rx/operators/OperatorSkipLast.java
./rxjava-core/src/main/java/rx/operators/BlockingOperatorLatest.java
./rxjava-core/src/main/java/rx/operators/OperatorPivot.java
./rxjava-core/src/main/java/rx/operators/OperatorCache.java
./rxjava-core/src/main/java/rx/operators/OperatorParallel.java
./rxjava-core/src/main/java/rx/operators/OperationOnErrorReturn.java
./rxjava-core/src/main/java/rx/operators/OperatorSkip.java
./rxjava-core/src/main/java/rx/operators/OperatorFilter.java
./rxjava-core/src/main/java/rx/operators/OperationTimeInterval.java
./rxjava-core/src/main/java/rx/operators/OperatorSkipWhile.java
./rxjava-core/src/main/java/rx/operators/OperatorTimeout.java
./rxjava-core/src/main/java/rx/operators/OperatorDefer.java
./rxjava-core/src/main/java/rx/operators/OperationSkip.java
./rxjava-core/src/main/java/rx/operators/OnSubscribeFromIterable.java
./rxjava-core/src/main/java/rx/operators/OperatorMergeMapTransform.java
./rxjava-core/src/main/java/rx/operators/OperationMulticast.java
./rxjava-core/src/main/java/rx/operators/OperationMergeDelayError.java
./rxjava-core/src/main/java/rx/operators/OperationTimer.java
./rxjava-core/src/main/java/rx/operators/OperatorOnErrorResumeNextViaFunction.java
./rxjava-core/src/main/java/rx/operators/OperationTakeWhile.java
./rxjava-core/src/main/java/rx/operators/OperationJoin.java
./rxjava-core/src/main/java/rx/operators/OperationRefCount.java
./rxjava-core/src/main/java/rx/operators/OperatorToObservableFuture.java
./rxjava-core/src/main/java/rx/operators/OperationGroupByUntil.java
./rxjava-core/src/main/java/rx/operators/OperatorTimestamp.java
./rxjava-core/src/main/java/rx/operators/OperatorZip.java
./rxjava-core/src/main/java/rx/operators/SafeObserver.java
./rxjava-core/src/main/java/rx/operators/OperatorMergeMapPair.java
./rxjava-core/src/main/java/rx/operators/OperatorSubscribeOn.java
./rxjava-core/src/main/java/rx/operators/OperatorAll.java
./rxjava-core/src/main/java/rx/operators/OperatorSerialize.java
./rxjava-core/src/main/java/rx/operators/OperatorAmb.java
./rxjava-core/src/main/java/rx/operators/OperatorMap.java
./rxjava-core/src/main/java/rx/operators/OperationParallelMerge.java
./rxjava-core/src/main/java/rx/operators/OperatorDoOnEach.java
./rxjava-core/src/main/java/rx/operators/SafeObservableSubscription.java
./rxjava-core/src/main/java/rx/operators/OperationTakeUntil.java
./rxjava-core/src/main/java/rx/operators/OperatorCombineLatest.java
./rxjava-core/src/main/java/rx/operators/OperatorRepeat.java
./rxjava-core/src/main/java/rx/operators/OperatorTake.java
./rxjava-core/src/main/java/rx/operators/OperationThrottleFirst.java
./rxjava-core/src/main/java/rx/operators/OperationToMultimap.java
./rxjava-core/src/main/java/rx/operators/OperatorBufferWithTime.java
./rxjava-core/src/main/java/rx/operators/BlockingOperatorNext.java
./rxjava-core/src/main/java/rx/operators/OperatorCast.java
./rxjava-core/src/main/java/rx/operators/OperationDebounce.java
./rxjava-core/src/main/java/rx/operators/OperationInterval.java
./rxjava-core/src/main/java/rx/operators/OperatorOnErrorFlatMap.java
./rxjava-core/src/main/java/rx/operators/OperatorDistinct.java
./rxjava-core/src/main/java/rx/operators/BufferUntilSubscriber.java
./rxjava-core/src/main/java/rx/operators/OperatorBufferWithSize.java
./rxjava-core/src/main/java/rx/operators/OperationSkipUntil.java
./rxjava-core/src/main/java/rx/operators/OperatorAsObservable.java
./rxjava-core/src/main/java/rx/operators/OperatorObserveOn.java
./rxjava-core/src/main/java/rx/operators/OnSubscribeRange.java
./rxjava-core/src/main/java/rx/operators/OperationReplay.java
./rxjava-core/src/main/java/rx/operators/OperatorToObservableList.java
./rxjava-core/src/main/java/rx/operators/OperationDelay.java
./rxjava-core/src/main/java/rx/operators/OperatorUnsubscribeOn.java
./rxjava-core/src/main/java/rx/operators/OperatorTimeoutBase.java
./rxjava-core/src/main/java/rx/operators/OperatorMerge.java
./rxjava-core/src/main/java/rx/operators/OperationTakeLast.java
./rxjava-core/src/main/java/rx/operators/OperatorTimeoutWithSelector.java
./rxjava-core/src/main/java/rx/operators/ChunkedOperation.java
./rxjava-core/src/main/java/rx/operators/OperationUsing.java
./rxjava-core/src/main/java/rx/operators/OperatorDematerialize.java
./rxjava-core/src/main/java/rx/operators/OperatorAny.java
./rxjava-core/src/main/java/rx/operators/OperatorElementAt.java
./rxjava-core/src/main/java/rx/operators/OperationSequenceEqual.java
./rxjava-core/src/main/java/rx/operators/OperationSwitch.java
./rxjava-core/src/main/java/rx/operators/OperatorGroupBy.java
./rxjava-core/src/main/java/rx/operators/OperatorConcat.java
./rxjava-core/src/main/java/rx/operators/OperatorFinally.java
./rxjava-core/src/main/java/rx/operators/OperatorDefaultIfEmpty.java
./rxjava-core/src/main/java/rx/operators/OperatorBufferWithStartEndObservable.java
./rxjava-core/src/main/java/rx/operators/OperatorZipIterable.java
./rxjava-core/src/main/java/rx/operators/OperatorSingle.java
./rxjava-core/src/main/java/rx/operators/OperationOnErrorResumeNextViaObservable.java
./rxjava-core/src/main/java/rx/operators/OperatorToObservableSortedList.java
./rxjava-core/src/main/java/rx/operators/OperatorSkipLastTimed.java
./rxjava-core/src/main/java/rx/operators/NotificationLite.java
./rxjava-core/src/main/java/rx/operators/OperatorMaterialize.java
./rxjava-core/src/main/java/rx/operators/OperatorBufferWithSingleObservable.java
./rxjava-core/src/main/java/rx/functions/Action8.java
./rxjava-core/src/main/java/rx/functions/Action0.java
./rxjava-core/src/main/java/rx/functions/Action6.java
./rxjava-core/src/main/java/rx/functions/Actions.java
./rxjava-core/src/main/java/rx/functions/Func0.java
./rxjava-core/src/main/java/rx/functions/Action1.java
./rxjava-core/src/main/java/rx/functions/Func8.java
./rxjava-core/src/main/java/rx/functions/Action7.java
./rxjava-core/src/main/java/rx/functions/FuncN.java
./rxjava-core/src/main/java/rx/functions/Function.java
./rxjava-core/src/main/java/rx/functions/Action2.java
./rxjava-core/src/main/java/rx/functions/ActionN.java
./rxjava-core/src/main/java/rx/functions/Func4.java
./rxjava-core/src/main/java/rx/functions/Func7.java
./rxjava-core/src/main/java/rx/functions/Functions.java
./rxjava-core/src/main/java/rx/functions/Func2.java
./rxjava-core/src/main/java/rx/functions/Action4.java
./rxjava-core/src/main/java/rx/functions/Func6.java
./rxjava-core/src/main/java/rx/functions/Action5.java
./rxjava-core/src/main/java/rx/functions/Func5.java
./rxjava-core/src/main/java/rx/functions/Not.java
./rxjava-core/src/main/java/rx/functions/Action.java
./rxjava-core/src/main/java/rx/functions/Func3.java
./rxjava-core/src/main/java/rx/functions/Func1.java
./rxjava-core/src/main/java/rx/functions/Action9.java
./rxjava-core/src/main/java/rx/functions/Func9.java
./rxjava-core/src/main/java/rx/functions/Action3.java
./rxjava-core/src/main/java/rx/package-info.java
./rxjava-core/src/main/java/rx/plugins/RxJavaPlugins.java
./rxjava-core/src/main/java/rx/plugins/RxJavaDefaultSchedulersDefault.java
./rxjava-core/src/main/java/rx/plugins/RxJavaErrorHandler.java
./rxjava-core/src/main/java/rx/plugins/RxJavaErrorHandlerDefault.java
./rxjava-core/src/main/java/rx/plugins/RxJavaObservableExecutionHook.java
./rxjava-core/src/main/java/rx/plugins/RxJavaObservableExecutionHookDefault.java
./rxjava-core/src/main/java/rx/plugins/RxJavaDefaultSchedulers.java
./rxjava-core/src/main/java/rx/subjects/BehaviorSubject.java
./rxjava-core/src/main/java/rx/subjects/ReplaySubject.java
./rxjava-core/src/main/java/rx/subjects/TestSubject.java
./rxjava-core/src/main/java/rx/subjects/Subject.java
./rxjava-core/src/main/java/rx/subjects/SubjectSubscriptionManager.java
./rxjava-core/src/main/java/rx/subjects/AsyncSubject.java
./rxjava-core/src/main/java/rx/subjects/PublishSubject.java
./rxjava-core/src/main/java/rx/Notification.java
./rxjava-core/src/main/java/rx/schedulers/NewThreadScheduler.java
./rxjava-core/src/main/java/rx/schedulers/EventLoopsScheduler.java
./rxjava-core/src/main/java/rx/schedulers/Timestamped.java
./rxjava-core/src/main/java/rx/schedulers/TimeInterval.java
./rxjava-core/src/main/java/rx/schedulers/package-info.java
./rxjava-core/src/main/java/rx/schedulers/GenericScheduledExecutorService.java
./rxjava-core/src/main/java/rx/schedulers/SleepingAction.java
./rxjava-core/src/main/java/rx/schedulers/TrampolineScheduler.java
./rxjava-core/src/main/java/rx/schedulers/Schedulers.java
./rxjava-core/src/main/java/rx/schedulers/ImmediateScheduler.java
./rxjava-core/src/main/java/rx/schedulers/TestScheduler.java
./rxjava-core/src/main/java/rx/subscriptions/RefCountSubscription.java
./rxjava-core/src/main/java/rx/subscriptions/MultipleAssignmentSubscription.java
./rxjava-core/src/main/java/rx/subscriptions/BooleanSubscription.java
./rxjava-core/src/main/java/rx/subscriptions/CompositeSubscription.java
./rxjava-core/src/main/java/rx/subscriptions/Subscriptions.java
./rxjava-core/src/main/java/rx/subscriptions/SerialSubscription.java
./rxjava-core/src/main/java/rx/observables/BlockingObservable.java
./rxjava-core/src/main/java/rx/observables/ConnectableObservable.java
./rxjava-core/src/main/java/rx/observables/GroupedObservable.java
./rxjava-core/src/main/java/rx/Scheduler.java
./rxjava-core/src/main/java/rx/Subscription.java
./rxjava-core/src/main/java/rx/observers/EmptyObserver.java
./rxjava-core/src/main/java/rx/observers/Observers.java
./rxjava-core/src/main/java/rx/observers/TestObserver.java
./rxjava-core/src/main/java/rx/observers/SerializedSubscriber.java
./rxjava-core/src/main/java/rx/observers/Subscribers.java
./rxjava-core/src/main/java/rx/observers/SafeSubscriber.java
./rxjava-core/src/main/java/rx/observers/TestSubscriber.java
./rxjava-core/src/main/java/rx/observers/SerializedObserver.java
./rxjava-contrib/rxjava-joins/src/test/java/rx/joins/operators/OperationJoinsTest.java
./rxjava-contrib/rxjava-joins/src/main/java/rx/joins/ActivePlan3.java
./rxjava-contrib/rxjava-joins/src/main/java/rx/joins/Plan1.java
./rxjava-contrib/rxjava-joins/src/main/java/rx/joins/ActivePlan2.java
./rxjava-contrib/rxjava-joins/src/main/java/rx/joins/ActivePlan0.java
./rxjava-contrib/rxjava-joins/src/main/java/rx/joins/Plan2.java
./rxjava-contrib/rxjava-joins/src/main/java/rx/joins/Plan3.java
./rxjava-contrib/rxjava-joins/src/main/java/rx/joins/ActivePlan1.java
./rxjava-contrib/rxjava-joins/src/main/java/rx/joins/Plan0.java
./rxjava-contrib/rxjava-joins/src/main/java/rx/joins/JoinObserver1.java
./rxjava-contrib/rxjava-joins/src/main/java/rx/joins/Pattern2.java
./rxjava-contrib/rxjava-joins/src/main/java/rx/joins/operators/OperationJoinPatterns.java
./rxjava-contrib/rxjava-joins/src/main/java/rx/joins/Pattern3.java
./rxjava-contrib/rxjava-joins/src/main/java/rx/joins/Pattern1.java
./rxjava-contrib/rxjava-joins/src/main/java/rx/joins/JoinObserver.java
./rxjava-contrib/rxjava-joins/src/main/java/rx/joins/Pattern.java
./rxjava-contrib/rxjava-joins/src/main/java/rx/observables/JoinObservable.java
./rxjava-contrib/rxjava-android-samples/samples/src/main/java/com/netflix/rxjava/android/samples/ListenInOutActivity.java
./rxjava-contrib/rxjava-android-samples/samples/src/main/java/com/netflix/rxjava/android/samples/SampleObservables.java
./rxjava-contrib/rxjava-android-samples/samples/src/main/java/com/netflix/rxjava/android/samples/RetainedFragmentActivity.java
./rxjava-contrib/rxjava-android-samples/samples/src/main/java/com/netflix/rxjava/android/samples/ListeningFragmentActivity.java
./rxjava-contrib/rxjava-android-samples/samples/src/main/java/com/netflix/rxjava/android/samples/SamplesApplication.java
./rxjava-contrib/rxjava-android-samples/samples/src/main/java/com/netflix/rxjava/android/samples/UIBindingActivity.java
./rxjava-contrib/rxjava-android-samples/samples/src/main/java/com/netflix/rxjava/android/samples/ListFragmentActivity.java
./rxjava-contrib/rxjava-async-util/src/test/java/rx/util/async/AsyncTest.java
./rxjava-contrib/rxjava-async-util/src/test/java/rx/util/async/operators/OperationDeferFutureTest.java
./rxjava-contrib/rxjava-async-util/src/test/java/rx/util/async/operators/OperationFromFunctionalsTest.java
./rxjava-contrib/rxjava-async-util/src/test/java/rx/util/async/operators/OperationForEachFutureTest.java
./rxjava-contrib/rxjava-async-util/src/test/java/rx/util/async/operators/OperationStartFutureTest.java
./rxjava-contrib/rxjava-async-util/src/main/java/rx/util/async/StoppableObservable.java
./rxjava-contrib/rxjava-async-util/src/main/java/rx/util/async/operators/LatchedObserver.java
./rxjava-contrib/rxjava-async-util/src/main/java/rx/util/async/operators/Functionals.java
./rxjava-contrib/rxjava-async-util/src/main/java/rx/util/async/operators/OperationForEachFuture.java
./rxjava-contrib/rxjava-async-util/src/main/java/rx/util/async/operators/OperationStartFuture.java
./rxjava-contrib/rxjava-async-util/src/main/java/rx/util/async/operators/OperationDeferFuture.java
./rxjava-contrib/rxjava-async-util/src/main/java/rx/util/async/operators/OperationFromFunctionals.java
./rxjava-contrib/rxjava-async-util/src/main/java/rx/util/async/Async.java
./rxjava-contrib/rxjava-quasar/src/test/java/rx/quasar/BlockingObservableTest.java
./rxjava-contrib/rxjava-quasar/src/test/java/rx/quasar/ChannelObservableTest.java
./rxjava-contrib/rxjava-quasar/src/test/java/rx/quasar/NewFiberSchedulerTest.java
./rxjava-contrib/rxjava-quasar/src/main/java/rx/quasar/RxSuspendableClassifier.java
./rxjava-contrib/rxjava-quasar/src/main/java/rx/quasar/NewFiberScheduler.java
./rxjava-contrib/rxjava-quasar/src/main/java/rx/quasar/BlockingObservable.java
./rxjava-contrib/rxjava-quasar/src/main/java/rx/quasar/OnSubscribeFromChannel.java
./rxjava-contrib/rxjava-quasar/src/main/java/rx/quasar/ChannelObservable.java
./rxjava-contrib/rxjava-swing/src/test/java/rx/schedulers/SwingSchedulerTest.java
./rxjava-contrib/rxjava-swing/src/main/java/rx/schedulers/SwingScheduler.java
./rxjava-contrib/rxjava-swing/src/main/java/rx/subscriptions/SwingSubscriptions.java
./rxjava-contrib/rxjava-swing/src/main/java/rx/swing/sources/SwingTestHelper.java
./rxjava-contrib/rxjava-swing/src/main/java/rx/swing/sources/AbstractButtonSource.java
./rxjava-contrib/rxjava-swing/src/main/java/rx/swing/sources/ComponentEventSource.java
./rxjava-contrib/rxjava-swing/src/main/java/rx/swing/sources/MouseEventSource.java
./rxjava-contrib/rxjava-swing/src/main/java/rx/swing/sources/KeyEventSource.java
./rxjava-contrib/rxjava-swing/src/main/java/rx/observables/SwingObservable.java
./rxjava-contrib/rxjava-debug/src/test/java/rx/plugins/PlugReset.java
./rxjava-contrib/rxjava-debug/src/test/java/rx/debug/DebugHookTest.java
./rxjava-contrib/rxjava-debug/src/main/java/rx/operators/DebugSubscriber.java
./rxjava-contrib/rxjava-debug/src/main/java/rx/operators/DebugSubscription.java
./rxjava-contrib/rxjava-debug/src/main/java/rx/plugins/DebugNotification.java
./rxjava-contrib/rxjava-debug/src/main/java/rx/plugins/DebugNotificationListener.java
./rxjava-contrib/rxjava-debug/src/main/java/rx/plugins/DebugHook.java
./rxjava-contrib/rxjava-apache-http/src/test/java/rx/apache/http/examples/ExampleObservableHttp.java
./rxjava-contrib/rxjava-apache-http/src/main/java/rx/apache/http/consumers/ResponseDelegate.java
./rxjava-contrib/rxjava-apache-http/src/main/java/rx/apache/http/consumers/ResponseConsumerDelegate.java
./rxjava-contrib/rxjava-apache-http/src/main/java/rx/apache/http/consumers/ResponseConsumerBasic.java
./rxjava-contrib/rxjava-apache-http/src/main/java/rx/apache/http/consumers/ExpandableByteBuffer.java
./rxjava-contrib/rxjava-apache-http/src/main/java/rx/apache/http/consumers/ResponseConsumerEventStream.java
./rxjava-contrib/rxjava-apache-http/src/main/java/rx/apache/http/ObservableHttp.java
./rxjava-contrib/rxjava-apache-http/src/main/java/rx/apache/http/ObservableHttpResponse.java
./rxjava-contrib/rxjava-math/src/test/java/rx/math/operators/OperationAverageTest.java
./rxjava-contrib/rxjava-math/src/test/java/rx/math/operators/OperationMinMaxTest.java
./rxjava-contrib/rxjava-math/src/test/java/rx/math/operators/OperationSumTest.java
./rxjava-contrib/rxjava-math/src/main/java/rx/math/operators/OperationAverage.java
./rxjava-contrib/rxjava-math/src/main/java/rx/math/operators/OperationMinMax.java
./rxjava-contrib/rxjava-math/src/main/java/rx/math/operators/OperationSum.java
./rxjava-contrib/rxjava-math/src/main/java/rx/observables/MathObservable.java
./rxjava-contrib/rxjava-computation-expressions/src/test/java/rx/operators/OperationConditionalsTest.java
./rxjava-contrib/rxjava-computation-expressions/src/main/java/rx/Statement.java
./rxjava-contrib/rxjava-computation-expressions/src/main/java/rx/operators/OperationConditionals.java
./rxjava-contrib/rxjava-string/src/test/java/rx/observables/StringObservableTest.java
./rxjava-contrib/rxjava-string/src/main/java/rx/observables/StringObservable.java
./rxjava-contrib/rxjava-android/src/test/java/rx/android/operators/OperatorCompoundButtonInputTest.java
./rxjava-contrib/rxjava-android/src/test/java/rx/android/operators/OperatorViewClickTest.java
./rxjava-contrib/rxjava-android/src/test/java/rx/android/operators/OperatorEditTextInputTest.java
./rxjava-contrib/rxjava-android/src/test/java/rx/android/operators/OperatorObserveFromAndroidComponentTest.java
./rxjava-contrib/rxjava-android/src/test/java/rx/android/schedulers/HandlerThreadSchedulerTest.java
./rxjava-contrib/rxjava-android/src/test/java/rx/android/observables/AndroidObservableTest.java
./rxjava-contrib/rxjava-android/src/test/java/rx/operators/OperatorConditionalBindingTest.java
./rxjava-contrib/rxjava-android/src/main/java/rx/android/concurrency/HandlerThreadScheduler.java
./rxjava-contrib/rxjava-android/src/main/java/rx/android/concurrency/AndroidSchedulers.java
./rxjava-contrib/rxjava-android/src/main/java/rx/android/schedulers/HandlerThreadScheduler.java
./rxjava-contrib/rxjava-android/src/main/java/rx/android/schedulers/AndroidSchedulers.java
./rxjava-contrib/rxjava-android/src/main/java/rx/android/subscriptions/AndroidSubscriptions.java
./rxjava-contrib/rxjava-android/src/main/java/rx/android/observables/Assertions.java
./rxjava-contrib/rxjava-android/src/main/java/rx/android/observables/ViewObservable.java
./rxjava-contrib/rxjava-android/src/main/java/rx/android/observables/AndroidObservable.java
./rxjava-contrib/rxjava-android/src/main/java/rx/operators/OperatorViewClick.java
./rxjava-contrib/rxjava-android/src/main/java/rx/operators/OperatorCompoundButtonInput.java
./rxjava-contrib/rxjava-android/src/main/java/rx/operators/OperatorObserveFromAndroidComponent.java
./rxjava-contrib/rxjava-android/src/main/java/rx/operators/OperatorEditTextInput.java
./rxjava-contrib/rxjava-android/src/main/java/rx/operators/OperatorConditionalBinding.java
./language-adaptors/rxjava-groovy/src/main/java/rx/lang/groovy/GroovyActionWrapper.java
./language-adaptors/rxjava-groovy/src/main/java/rx/lang/groovy/GroovyFunctionWrapper.java
./language-adaptors/rxjava-groovy/src/main/java/rx/lang/groovy/GroovyOnSubscribeFuncWrapper.java
./language-adaptors/rxjava-groovy/src/main/java/rx/lang/groovy/RxGroovyExtensionModule.java
./language-adaptors/rxjava-groovy/src/main/java/rx/lang/groovy/RxGroovyPropertiesModuleFactory.java
./language-adaptors/rxjava-groovy/src/main/java/rx/lang/groovy/GroovyCreateWrapper.java
./language-adaptors/rxjava-scala/src/examples/java/rx/lang/scala/examples/MovieLibUsage.java
./language-adaptors/rxjava-jruby/src/main/java/rx/lang/jruby/JRubyActionWrapper.java
./language-adaptors/rxjava-jruby/src/main/java/rx/lang/jruby/JRubyFunctionWrapper.java
./language-adaptors/rxjava-clojure/src/main/java/rx/lang/clojure/interop/DummyObservable.java
