./src/com/fsck/k9/remotecontrol/K9AccountReceptor.java
./src/com/fsck/k9/remotecontrol/AccountReceiver.java
./src/com/fsck/k9/remotecontrol/K9RemoteControl.java
./src/com/fsck/k9/security/LocalKeyStore.java
./src/com/fsck/k9/activity/MessageList.java
./src/com/fsck/k9/activity/ActivityListener.java
./src/com/fsck/k9/activity/ColorPickerDialog.java
./src/com/fsck/k9/activity/InsertableHtmlContent.java
./src/com/fsck/k9/activity/EmailAddressList.java
./src/com/fsck/k9/activity/FolderList.java
./src/com/fsck/k9/activity/LauncherShortcuts.java
./src/com/fsck/k9/activity/ConfirmationDialog.java
./src/com/fsck/k9/activity/MessageInfoHolder.java
./src/com/fsck/k9/activity/UpgradeDatabases.java
./src/com/fsck/k9/activity/NotificationDeleteConfirmation.java
./src/com/fsck/k9/activity/setup/SliderPreference.java
./src/com/fsck/k9/activity/setup/WelcomeMessage.java
./src/com/fsck/k9/activity/setup/AccountSetupBasics.java
./src/com/fsck/k9/activity/setup/FontSizeSettings.java
./src/com/fsck/k9/activity/setup/AccountSetupCheckSettings.java
./src/com/fsck/k9/activity/setup/AccountSetupIncoming.java
./src/com/fsck/k9/activity/setup/AccountSetupAccountType.java
./src/com/fsck/k9/activity/setup/AccountSetupComposition.java
./src/com/fsck/k9/activity/setup/Prefs.java
./src/com/fsck/k9/activity/setup/AccountSetupNames.java
./src/com/fsck/k9/activity/setup/SpinnerOption.java
./src/com/fsck/k9/activity/setup/AccountSetupOptions.java
./src/com/fsck/k9/activity/setup/AccountSetupOutgoing.java
./src/com/fsck/k9/activity/setup/AccountSettings.java
./src/com/fsck/k9/activity/setup/FolderSettings.java
./src/com/fsck/k9/activity/AccessibleEmailContentActivity.java
./src/com/fsck/k9/activity/MessageReference.java
./src/com/fsck/k9/activity/ChooseFolder.java
./src/com/fsck/k9/activity/loader/AttachmentInfoLoader.java
./src/com/fsck/k9/activity/loader/AttachmentContentLoader.java
./src/com/fsck/k9/activity/EditIdentity.java
./src/com/fsck/k9/activity/K9ListActivity.java
./src/com/fsck/k9/activity/ManageIdentities.java
./src/com/fsck/k9/activity/Accounts.java
./src/com/fsck/k9/activity/UnreadWidgetConfiguration.java
./src/com/fsck/k9/activity/ChooseIdentity.java
./src/com/fsck/k9/activity/FolderInfoHolder.java
./src/com/fsck/k9/activity/MessageCompose.java
./src/com/fsck/k9/activity/Search.java
./src/com/fsck/k9/activity/K9Activity.java
./src/com/fsck/k9/activity/misc/Attachment.java
./src/com/fsck/k9/activity/misc/NonConfigurationInstance.java
./src/com/fsck/k9/activity/misc/SwipeGestureDetector.java
./src/com/fsck/k9/activity/misc/ExtendedAsyncTask.java
./src/com/fsck/k9/activity/misc/ContactPictureLoader.java
./src/com/fsck/k9/activity/AccountList.java
./src/com/fsck/k9/activity/K9FragmentActivity.java
./src/com/fsck/k9/activity/K9PreferenceActivity.java
./src/com/fsck/k9/activity/FolderListFilter.java
./src/com/fsck/k9/activity/K9ActivityCommon.java
./src/com/fsck/k9/BaseAccount.java
./src/com/fsck/k9/Clock.java
./src/com/fsck/k9/mail/ConnectionSecurity.java
./src/com/fsck/k9/mail/transport/imap/ImapSettings.java
./src/com/fsck/k9/mail/transport/WebDavTransport.java
./src/com/fsck/k9/mail/transport/SmtpTransport.java
./src/com/fsck/k9/mail/store/imap/ImapUtility.java
./src/com/fsck/k9/mail/store/UnavailableStorageException.java
./src/com/fsck/k9/mail/store/StorageManager.java
./src/com/fsck/k9/mail/store/WebDavSocketFactory.java
./src/com/fsck/k9/mail/store/WebDavStore.java
./src/com/fsck/k9/mail/store/LocalStore.java
./src/com/fsck/k9/mail/store/UnavailableAccountException.java
./src/com/fsck/k9/mail/store/LockableDatabase.java
./src/com/fsck/k9/mail/store/ImapResponseParser.java
./src/com/fsck/k9/mail/store/Pop3Store.java
./src/com/fsck/k9/mail/store/ImapStore.java
./src/com/fsck/k9/mail/MessagingException.java
./src/com/fsck/k9/mail/Store.java
./src/com/fsck/k9/mail/Authentication.java
./src/com/fsck/k9/mail/BodyPart.java
./src/com/fsck/k9/mail/Multipart.java
./src/com/fsck/k9/mail/internet/TextBody.java
./src/com/fsck/k9/mail/internet/MimeBodyPart.java
./src/com/fsck/k9/mail/internet/Iso2022JpToShiftJisInputStream.java
./src/com/fsck/k9/mail/internet/MimeUtility.java
./src/com/fsck/k9/mail/internet/TextBodyBuilder.java
./src/com/fsck/k9/mail/internet/MimeHeader.java
./src/com/fsck/k9/mail/internet/MimeMessage.java
./src/com/fsck/k9/mail/internet/DecoderUtil.java
./src/com/fsck/k9/mail/internet/MimeMultipart.java
./src/com/fsck/k9/mail/internet/BinaryTempFileBody.java
./src/com/fsck/k9/mail/internet/BinaryTempFileMessageBody.java
./src/com/fsck/k9/mail/internet/EncoderUtil.java
./src/com/fsck/k9/mail/ServerSettings.java
./src/com/fsck/k9/mail/PushReceiver.java
./src/com/fsck/k9/mail/Pusher.java
./src/com/fsck/k9/mail/Folder.java
./src/com/fsck/k9/mail/Flag.java
./src/com/fsck/k9/mail/CertificateChainException.java
./src/com/fsck/k9/mail/CompositeBody.java
./src/com/fsck/k9/mail/AuthenticationFailedException.java
./src/com/fsck/k9/mail/Body.java
./src/com/fsck/k9/mail/filter/FixedLengthInputStream.java
./src/com/fsck/k9/mail/filter/SmtpDataStuffing.java
./src/com/fsck/k9/mail/filter/LineWrapOutputStream.java
./src/com/fsck/k9/mail/filter/Base64.java
./src/com/fsck/k9/mail/filter/EOLConvertingOutputStream.java
./src/com/fsck/k9/mail/filter/Hex.java
./src/com/fsck/k9/mail/filter/PeekableInputStream.java
./src/com/fsck/k9/mail/filter/Base64OutputStream.java
./src/com/fsck/k9/mail/filter/CountingOutputStream.java
./src/com/fsck/k9/mail/CertificateValidationException.java
./src/com/fsck/k9/mail/Transport.java
./src/com/fsck/k9/mail/Part.java
./src/com/fsck/k9/mail/FetchProfile.java
./src/com/fsck/k9/mail/AuthType.java
./src/com/fsck/k9/mail/Message.java
./src/com/fsck/k9/mail/Address.java
./src/com/fsck/k9/cache/EmailProviderCache.java
./src/com/fsck/k9/cache/EmailProviderCacheCursor.java
./src/com/fsck/k9/view/ColorChip.java
./src/com/fsck/k9/view/MessageHeader.java
./src/com/fsck/k9/view/MessageOpenPgpView.java
./src/com/fsck/k9/view/SingleMessageView.java
./src/com/fsck/k9/view/NonLockingScrollView.java
./src/com/fsck/k9/view/ViewSwitcher.java
./src/com/fsck/k9/view/K9PullToRefreshListView.java
./src/com/fsck/k9/view/AttachmentView.java
./src/com/fsck/k9/view/AccessibleWebView.java
./src/com/fsck/k9/view/MessageWebView.java
./src/com/fsck/k9/view/MessageCryptoView.java
./src/com/fsck/k9/view/MessageTitleView.java
./src/com/fsck/k9/view/RigidWebView.java
./src/com/fsck/k9/controller/MessageRemovalListener.java
./src/com/fsck/k9/controller/MessagingListener.java
./src/com/fsck/k9/controller/MessageRetrievalListener.java
./src/com/fsck/k9/controller/MessagingController.java
./src/com/fsck/k9/controller/MessagingControllerPushReceiver.java
./src/com/fsck/k9/preferences/TimePickerPreference.java
./src/com/fsck/k9/preferences/IdentitySettings.java
./src/com/fsck/k9/preferences/CheckBoxListPreference.java
./src/com/fsck/k9/preferences/Storage.java
./src/com/fsck/k9/preferences/SettingsImportExportException.java
./src/com/fsck/k9/preferences/GlobalSettings.java
./src/com/fsck/k9/preferences/Editor.java
./src/com/fsck/k9/preferences/SettingsImporter.java
./src/com/fsck/k9/preferences/AccountSettings.java
./src/com/fsck/k9/preferences/FolderSettings.java
./src/com/fsck/k9/preferences/SettingsExporter.java
./src/com/fsck/k9/preferences/Settings.java
./src/com/fsck/k9/AccountStats.java
./src/com/fsck/k9/fragment/MessageViewFragment.java
./src/com/fsck/k9/fragment/MessageListFragment.java
./src/com/fsck/k9/fragment/ProgressDialogFragment.java
./src/com/fsck/k9/fragment/ConfirmationDialogFragment.java
./src/com/fsck/k9/Preferences.java
./src/com/fsck/k9/service/BootReceiver.java
./src/com/fsck/k9/service/NotificationActionService.java
./src/com/fsck/k9/service/RemoteControlService.java
./src/com/fsck/k9/service/PollService.java
./src/com/fsck/k9/service/PushService.java
./src/com/fsck/k9/service/StorageGoneReceiver.java
./src/com/fsck/k9/service/RemoteControlReceiver.java
./src/com/fsck/k9/service/DatabaseUpgradeService.java
./src/com/fsck/k9/service/CoreReceiver.java
./src/com/fsck/k9/service/CoreService.java
./src/com/fsck/k9/service/SleepService.java
./src/com/fsck/k9/service/StorageReceiver.java
./src/com/fsck/k9/service/MailService.java
./src/com/fsck/k9/service/ShutdownReceiver.java
./src/com/fsck/k9/EmailAddressValidator.java
./src/com/fsck/k9/helper/IdentityHelper.java
./src/com/fsck/k9/helper/Regex.java
./src/com/fsck/k9/helper/FileBrowserHelper.java
./src/com/fsck/k9/helper/ClipboardManagerApi1.java
./src/com/fsck/k9/helper/MediaScannerNotifier.java
./src/com/fsck/k9/helper/SizeFormatter.java
./src/com/fsck/k9/helper/ContactItem.java
./src/com/fsck/k9/helper/MessageHelper.java
./src/com/fsck/k9/helper/MergeCursorWithUniqueId.java
./src/com/fsck/k9/helper/StringUtils.java
./src/com/fsck/k9/helper/ContactPicture.java
./src/com/fsck/k9/helper/NotificationBuilder.java
./src/com/fsck/k9/helper/Contacts.java
./src/com/fsck/k9/helper/ClipboardManager.java
./src/com/fsck/k9/helper/Utility.java
./src/com/fsck/k9/helper/power/TracingPowerManager.java
./src/com/fsck/k9/helper/HtmlConverter.java
./src/com/fsck/k9/helper/ClipboardManagerApi11.java
./src/com/fsck/k9/helper/MergeCursor.java
./src/com/fsck/k9/helper/DomainNameChecker.java
./src/com/fsck/k9/K9.java
./src/com/fsck/k9/FontSizes.java
./src/com/fsck/k9/provider/AttachmentProvider.java
./src/com/fsck/k9/provider/EmailProvider.java
./src/com/fsck/k9/provider/MessageProvider.java
./src/com/fsck/k9/provider/UnreadWidgetProvider.java
./src/com/fsck/k9/crypto/OpenPgpApiHelper.java
./src/com/fsck/k9/crypto/PgpData.java
./src/com/fsck/k9/crypto/CryptoHelper.java
./src/com/fsck/k9/crypto/None.java
./src/com/fsck/k9/crypto/Apg.java
./src/com/fsck/k9/crypto/CryptoProvider.java
./src/com/fsck/k9/Throttle.java
./src/com/fsck/k9/Identity.java
./src/com/fsck/k9/net/ssl/TrustManagerFactory.java
./src/com/fsck/k9/net/ssl/TrustedSocketFactory.java
./src/com/fsck/k9/Account.java
./src/com/fsck/k9/NotificationSetting.java
./src/com/fsck/k9/PRNGFixes.java
./src/com/fsck/k9/search/LocalSearch.java
./src/com/fsck/k9/search/SqlQueryBuilder.java
./src/com/fsck/k9/search/ConditionsTreeNode.java
./src/com/fsck/k9/search/SearchSpecification.java
./src/com/fsck/k9/search/SearchAccount.java
./src/com/fsck/k9/EmailAddressAdapter.java
./plugins/Android-PullToRefresh/library/src/com/handmark/pulltorefresh/library/OverscrollHelper.java
./plugins/Android-PullToRefresh/library/src/com/handmark/pulltorefresh/library/PullToRefreshBase.java
./plugins/Android-PullToRefresh/library/src/com/handmark/pulltorefresh/library/PullToRefreshScrollView.java
./plugins/Android-PullToRefresh/library/src/com/handmark/pulltorefresh/library/ILoadingLayout.java
./plugins/Android-PullToRefresh/library/src/com/handmark/pulltorefresh/library/extras/PullToRefreshWebView2.java
./plugins/Android-PullToRefresh/library/src/com/handmark/pulltorefresh/library/extras/SoundPullEventListener.java
./plugins/Android-PullToRefresh/library/src/com/handmark/pulltorefresh/library/PullToRefreshAdapterViewBase.java
./plugins/Android-PullToRefresh/library/src/com/handmark/pulltorefresh/library/IPullToRefresh.java
./plugins/Android-PullToRefresh/library/src/com/handmark/pulltorefresh/library/PullToRefreshGridView.java
./plugins/Android-PullToRefresh/library/src/com/handmark/pulltorefresh/library/PullToRefreshHorizontalScrollView.java
./plugins/Android-PullToRefresh/library/src/com/handmark/pulltorefresh/library/LoadingLayoutProxy.java
./plugins/Android-PullToRefresh/library/src/com/handmark/pulltorefresh/library/internal/FlipLoadingLayout.java
./plugins/Android-PullToRefresh/library/src/com/handmark/pulltorefresh/library/internal/IndicatorLayout.java
./plugins/Android-PullToRefresh/library/src/com/handmark/pulltorefresh/library/internal/Utils.java
./plugins/Android-PullToRefresh/library/src/com/handmark/pulltorefresh/library/internal/LoadingLayout.java
./plugins/Android-PullToRefresh/library/src/com/handmark/pulltorefresh/library/internal/ViewCompat.java
./plugins/Android-PullToRefresh/library/src/com/handmark/pulltorefresh/library/internal/RotateLoadingLayout.java
./plugins/Android-PullToRefresh/library/src/com/handmark/pulltorefresh/library/internal/EmptyViewMethodAccessor.java
./plugins/Android-PullToRefresh/library/src/com/handmark/pulltorefresh/library/PullToRefreshListView.java
./plugins/Android-PullToRefresh/library/src/com/handmark/pulltorefresh/library/PullToRefreshWebView.java
./plugins/Android-PullToRefresh/library/src/com/handmark/pulltorefresh/library/PullToRefreshExpandableListView.java
./plugins/ckChangeLog/library/src/de/cketti/library/changelog/ChangeLog.java
./plugins/ActionBarSherlock/library/src/android/support/v4/app/Watson.java
./plugins/ActionBarSherlock/library/src/com/actionbarsherlock/view/ActionProvider.java
./plugins/ActionBarSherlock/library/src/com/actionbarsherlock/view/MenuInflater.java
./plugins/ActionBarSherlock/library/src/com/actionbarsherlock/view/Menu.java
./plugins/ActionBarSherlock/library/src/com/actionbarsherlock/view/CollapsibleActionView.java
./plugins/ActionBarSherlock/library/src/com/actionbarsherlock/view/ActionMode.java
./plugins/ActionBarSherlock/library/src/com/actionbarsherlock/view/SubMenu.java
./plugins/ActionBarSherlock/library/src/com/actionbarsherlock/view/MenuItem.java
./plugins/ActionBarSherlock/library/src/com/actionbarsherlock/view/Window.java
./plugins/ActionBarSherlock/library/src/com/actionbarsherlock/app/SherlockFragmentActivity.java
./plugins/ActionBarSherlock/library/src/com/actionbarsherlock/app/SherlockActivity.java
./plugins/ActionBarSherlock/library/src/com/actionbarsherlock/app/SherlockExpandableListActivity.java
./plugins/ActionBarSherlock/library/src/com/actionbarsherlock/app/SherlockListFragment.java
./plugins/ActionBarSherlock/library/src/com/actionbarsherlock/app/ActionBar.java
./plugins/ActionBarSherlock/library/src/com/actionbarsherlock/app/SherlockPreferenceActivity.java
./plugins/ActionBarSherlock/library/src/com/actionbarsherlock/app/SherlockFragment.java
./plugins/ActionBarSherlock/library/src/com/actionbarsherlock/app/SherlockDialogFragment.java
./plugins/ActionBarSherlock/library/src/com/actionbarsherlock/app/SherlockListActivity.java
./plugins/ActionBarSherlock/library/src/com/actionbarsherlock/widget/ShareActionProvider.java
./plugins/ActionBarSherlock/library/src/com/actionbarsherlock/widget/SuggestionsAdapter.java
./plugins/ActionBarSherlock/library/src/com/actionbarsherlock/widget/SearchView.java
./plugins/ActionBarSherlock/library/src/com/actionbarsherlock/widget/ActivityChooserModel.java
./plugins/ActionBarSherlock/library/src/com/actionbarsherlock/widget/ActivityChooserView.java
./plugins/ActionBarSherlock/library/src/com/actionbarsherlock/ActionBarSherlock.java
./plugins/ActionBarSherlock/library/src/com/actionbarsherlock/internal/ActionBarSherlockCompat.java
./plugins/ActionBarSherlock/library/src/com/actionbarsherlock/internal/view/View_HasStateListenerSupport.java
./plugins/ActionBarSherlock/library/src/com/actionbarsherlock/internal/view/StandaloneActionMode.java
./plugins/ActionBarSherlock/library/src/com/actionbarsherlock/internal/view/ActionProviderWrapper.java
./plugins/ActionBarSherlock/library/src/com/actionbarsherlock/internal/view/View_OnAttachStateChangeListener.java
./plugins/ActionBarSherlock/library/src/com/actionbarsherlock/internal/view/menu/ActionMenuItem.java
./plugins/ActionBarSherlock/library/src/com/actionbarsherlock/internal/view/menu/ActionMenuPresenter.java
./plugins/ActionBarSherlock/library/src/com/actionbarsherlock/internal/view/menu/ActionMenuView.java
./plugins/ActionBarSherlock/library/src/com/actionbarsherlock/internal/view/menu/MenuBuilder.java
./plugins/ActionBarSherlock/library/src/com/actionbarsherlock/internal/view/menu/ActionMenuItemView.java
./plugins/ActionBarSherlock/library/src/com/actionbarsherlock/internal/view/menu/SubMenuBuilder.java
./plugins/ActionBarSherlock/library/src/com/actionbarsherlock/internal/view/menu/ActionMenu.java
./plugins/ActionBarSherlock/library/src/com/actionbarsherlock/internal/view/menu/SubMenuWrapper.java
./plugins/ActionBarSherlock/library/src/com/actionbarsherlock/internal/view/menu/MenuItemImpl.java
./plugins/ActionBarSherlock/library/src/com/actionbarsherlock/internal/view/menu/ListMenuItemView.java
./plugins/ActionBarSherlock/library/src/com/actionbarsherlock/internal/view/menu/MenuPresenter.java
./plugins/ActionBarSherlock/library/src/com/actionbarsherlock/internal/view/menu/MenuView.java
./plugins/ActionBarSherlock/library/src/com/actionbarsherlock/internal/view/menu/MenuWrapper.java
./plugins/ActionBarSherlock/library/src/com/actionbarsherlock/internal/view/menu/MenuItemWrapper.java
./plugins/ActionBarSherlock/library/src/com/actionbarsherlock/internal/view/menu/MenuPopupHelper.java
./plugins/ActionBarSherlock/library/src/com/actionbarsherlock/internal/view/menu/BaseMenuPresenter.java
./plugins/ActionBarSherlock/library/src/com/actionbarsherlock/internal/app/ActionBarWrapper.java
./plugins/ActionBarSherlock/library/src/com/actionbarsherlock/internal/app/ActionBarImpl.java
./plugins/ActionBarSherlock/library/src/com/actionbarsherlock/internal/ResourcesCompat.java
./plugins/ActionBarSherlock/library/src/com/actionbarsherlock/internal/nineoldandroids/view/animation/AnimatorProxy.java
./plugins/ActionBarSherlock/library/src/com/actionbarsherlock/internal/nineoldandroids/view/NineViewGroup.java
./plugins/ActionBarSherlock/library/src/com/actionbarsherlock/internal/nineoldandroids/animation/ObjectAnimator.java
./plugins/ActionBarSherlock/library/src/com/actionbarsherlock/internal/nineoldandroids/animation/FloatKeyframeSet.java
./plugins/ActionBarSherlock/library/src/com/actionbarsherlock/internal/nineoldandroids/animation/FloatEvaluator.java
./plugins/ActionBarSherlock/library/src/com/actionbarsherlock/internal/nineoldandroids/animation/ValueAnimator.java
./plugins/ActionBarSherlock/library/src/com/actionbarsherlock/internal/nineoldandroids/animation/Keyframe.java
./plugins/ActionBarSherlock/library/src/com/actionbarsherlock/internal/nineoldandroids/animation/PropertyValuesHolder.java
./plugins/ActionBarSherlock/library/src/com/actionbarsherlock/internal/nineoldandroids/animation/KeyframeSet.java
./plugins/ActionBarSherlock/library/src/com/actionbarsherlock/internal/nineoldandroids/animation/IntKeyframeSet.java
./plugins/ActionBarSherlock/library/src/com/actionbarsherlock/internal/nineoldandroids/animation/Animator.java
./plugins/ActionBarSherlock/library/src/com/actionbarsherlock/internal/nineoldandroids/animation/TypeEvaluator.java
./plugins/ActionBarSherlock/library/src/com/actionbarsherlock/internal/nineoldandroids/animation/AnimatorSet.java
./plugins/ActionBarSherlock/library/src/com/actionbarsherlock/internal/nineoldandroids/animation/AnimatorListenerAdapter.java
./plugins/ActionBarSherlock/library/src/com/actionbarsherlock/internal/nineoldandroids/animation/IntEvaluator.java
./plugins/ActionBarSherlock/library/src/com/actionbarsherlock/internal/nineoldandroids/widget/NineLinearLayout.java
./plugins/ActionBarSherlock/library/src/com/actionbarsherlock/internal/nineoldandroids/widget/NineFrameLayout.java
./plugins/ActionBarSherlock/library/src/com/actionbarsherlock/internal/nineoldandroids/widget/NineHorizontalScrollView.java
./plugins/ActionBarSherlock/library/src/com/actionbarsherlock/internal/widget/ActionBarView.java
./plugins/ActionBarSherlock/library/src/com/actionbarsherlock/internal/widget/CapitalizingButton.java
./plugins/ActionBarSherlock/library/src/com/actionbarsherlock/internal/widget/ScrollingTabContainerView.java
./plugins/ActionBarSherlock/library/src/com/actionbarsherlock/internal/widget/IcsSpinner.java
./plugins/ActionBarSherlock/library/src/com/actionbarsherlock/internal/widget/IcsAbsSpinner.java
./plugins/ActionBarSherlock/library/src/com/actionbarsherlock/internal/widget/IcsLinearLayout.java
./plugins/ActionBarSherlock/library/src/com/actionbarsherlock/internal/widget/ActionBarContainer.java
./plugins/ActionBarSherlock/library/src/com/actionbarsherlock/internal/widget/IcsProgressBar.java
./plugins/ActionBarSherlock/library/src/com/actionbarsherlock/internal/widget/AbsActionBarView.java
./plugins/ActionBarSherlock/library/src/com/actionbarsherlock/internal/widget/IcsView.java
./plugins/ActionBarSherlock/library/src/com/actionbarsherlock/internal/widget/IcsListPopupWindow.java
./plugins/ActionBarSherlock/library/src/com/actionbarsherlock/internal/widget/IcsColorDrawable.java
./plugins/ActionBarSherlock/library/src/com/actionbarsherlock/internal/widget/CollapsibleActionViewWrapper.java
./plugins/ActionBarSherlock/library/src/com/actionbarsherlock/internal/widget/FakeDialogPhoneWindow.java
./plugins/ActionBarSherlock/library/src/com/actionbarsherlock/internal/widget/CapitalizingTextView.java
./plugins/ActionBarSherlock/library/src/com/actionbarsherlock/internal/widget/IcsAdapterView.java
./plugins/ActionBarSherlock/library/src/com/actionbarsherlock/internal/widget/ActionBarContextView.java
./plugins/ActionBarSherlock/library/src/com/actionbarsherlock/internal/ActionBarSherlockNative.java
./plugins/ActionBarSherlock/library/test/com/actionbarsherlock/internal/ManifestParsingTest.java
./plugins/openpgp-api-library/src/org/openintents/openpgp/util/OpenPgpUtils.java
./plugins/openpgp-api-library/src/org/openintents/openpgp/util/OpenPgpApi.java
./plugins/openpgp-api-library/src/org/openintents/openpgp/util/OpenPgpListPreference.java
./plugins/openpgp-api-library/src/org/openintents/openpgp/util/ParcelFileDescriptorUtil.java
./plugins/openpgp-api-library/src/org/openintents/openpgp/util/OpenPgpServiceConnection.java
./plugins/openpgp-api-library/src/org/openintents/openpgp/OpenPgpError.java
./plugins/openpgp-api-library/src/org/openintents/openpgp/OpenPgpSignatureResult.java
./plugins/HoloColorPicker/src/com/larswerkman/colorpicker/ColorPicker.java
./tests-on-jvm/src/android/util/Log.java
./tests-on-jvm/src/com/fsck/k9/mail/internet/DecoderUtilTest.java
./tests-on-jvm/src/com/fsck/k9/mail/internet/TextBodyBuilderTest.java
./tests-on-jvm/src/com/fsck/k9/mail/internet/MimeUtilityTest.java
./tests-on-jvm/src/com/fsck/k9/K9.java
./tests/src/com/zutubi/android/junitreport/JUnitReportListener.java
./tests/src/com/zutubi/android/junitreport/JUnitReportTestRunner.java
./tests/src/com/fsck/k9/activity/MessageReferenceTest.java
./tests/src/com/fsck/k9/activity/AccountsTest.java
./tests/src/com/fsck/k9/mail/store/imap/ImapUtilityTest.java
./tests/src/com/fsck/k9/mail/store/ImapStoreUriTest.java
./tests/src/com/fsck/k9/mail/store/ImapResponseParserTest.java
./tests/src/com/fsck/k9/mail/internet/DecoderUtilTest.java
./tests/src/com/fsck/k9/mail/internet/MimeUtilityTest.java
./tests/src/com/fsck/k9/mail/internet/ViewablesTest.java
./tests/src/com/fsck/k9/mail/MessageTest.java
./tests/src/com/fsck/k9/helper/HtmlConverterTest.java
./tests/src/com/fsck/k9/helper/Utility_quoteAtoms.java
./tests/src/com/fsck/k9/helper/Address.java
./tests/src/com/fsck/k9/net/ssl/TrustManagerFactoryTest.java
